<?xml version="1.0" encoding="UTF-8"?>
<map:map xmlns:map="http://www.indy.com/v2/map" id="_CrTgwH-tEe6IE6AcCtnNjw" internalVersion="8" tech="resource.tech#_waYSMH8VEd2__Mzb_dB76A?fileId=_waYSMH8VEd2__Mzb_dB76A$type=tech$name=flow?">
  <datastore id="_D2vZIH-tEe6IE6AcCtnNjw" alias="ODS_PIED" dataset="_D204sH-tEe6IE6AcCtnNjw" ref="resource.md#_Yc_LwX-qEe6IE6AcCtnNjw?fileId=_TkY50HozEe6i1bEIfNaCgQ$type=md$name=ODS_PIED?" subExpression="[A]">
    <field id="_D2xOUH-tEe6IE6AcCtnNjw" enable="true" insert="true" name="TYPE_LIGNE" ref="resource.md#_YgekoH-qEe6IE6AcCtnNjw?fileId=_TkY50HozEe6i1bEIfNaCgQ$type=md$name=TYPE_LIGNE?" update="true">
      <expression id="_E97DoX-tEe6IE6AcCtnNjw" setDescriptorRef="_E97DoH-tEe6IE6AcCtnNjw">
        <expression>PIED.TYPE_LIGNE</expression>
      </expression>
    </field>
    <field id="_D2xOUX-tEe6IE6AcCtnNjw" enable="true" insert="true" name="NB_LIGNE" ref="resource.md#_Ygekpn-qEe6IE6AcCtnNjw?fileId=_TkY50HozEe6i1bEIfNaCgQ$type=md$name=NB_LIGNE?" update="true">
      <expression id="_E97qsH-tEe6IE6AcCtnNjw" setDescriptorRef="_E97DoH-tEe6IE6AcCtnNjw">
        <expression>PIED.NB_LIGNE</expression>
      </expression>
    </field>
    <setDescriptor id="_E97DoH-tEe6IE6AcCtnNjw" label="A"/>
  </datastore>
  <datastore id="_EVjcEH-tEe6IE6AcCtnNjw" alias="PIED" dataset="_EVkqMH-tEe6IE6AcCtnNjw" ref="resource.md#_UB058X-oEe6IE6AcCtnNjw?fileId=_HfTNAHSxEe6Cj7jyPVDy-A$type=md$name=PIED?">
    <field id="_EVkDIn-tEe6IE6AcCtnNjw" fullAlias="TYPE_LIGNE" name="TYPE_LIGNE" parent="_EVkDIX-tEe6IE6AcCtnNjw" ref="resource.md#_irDXsH-pEe6IE6AcCtnNjw?fileId=_HfTNAHSxEe6Cj7jyPVDy-A$type=md$name=TYPE_LIGNE?"/>
    <field id="_EVkDI3-tEe6IE6AcCtnNjw" fullAlias="NB_LIGNE" name="NB_LIGNE" parent="_EVkDIX-tEe6IE6AcCtnNjw" ref="resource.md#_isapoH-pEe6IE6AcCtnNjw?fileId=_HfTNAHSxEe6Cj7jyPVDy-A$type=md$name=NB_LIGNE?"/>
    <field id="_EVkDIX-tEe6IE6AcCtnNjw" expand="true" name="PIED" ref="resource.md#_UB058X-oEe6IE6AcCtnNjw?fileId=_HfTNAHSxEe6Cj7jyPVDy-A$type=md$name=PIED?" updateKey="true"/>
  </datastore>
  <template id="_E98RwH-tEe6IE6AcCtnNjw" name="I_ODS_PIED" process="resource.proc#_jkWgEFEJEeO7Vo9WeM2sCg?fileId=_jkWgEFEJEeO7Vo9WeM2sCg$type=proc$name=INTEGRATION%20Oracle?" targetId="_D2vZIH-tEe6IE6AcCtnNjw">
    <parameter id="_HbJUAH-tEe6IE6AcCtnNjw" name="truncateTargetTable" value="true"/>
    <parameter id="_IRFdgH-tEe6IE6AcCtnNjw" name="integrationStrategy" value="append"/>
  </template>
  <template id="_E-UsQH-tEe6IE6AcCtnNjw" name="L1_ODS_PIED" process="resource.proc#_a-mEoaIhEd68f8w2ej5O-w?fileId=_a-mEoaIhEd68f8w2ej5O-w$type=proc$name=LOAD%20File%20to%20Rdbms?" sourceId="_EVjcEH-tEe6IE6AcCtnNjw" targetId="_D2vZIH-tEe6IE6AcCtnNjw"/>
  <dataSet id="_D204sH-tEe6IE6AcCtnNjw">
    <container>_D2vZIH-tEe6IE6AcCtnNjw</container>
  </dataSet>
  <dataSet id="_EVkqMH-tEe6IE6AcCtnNjw">
    <container>_EVjcEH-tEe6IE6AcCtnNjw</container>
  </dataSet>
  <hint>
    <usedField>#_EVkDIn-tEe6IE6AcCtnNjw</usedField>
    <usedField>#_EVkDI3-tEe6IE6AcCtnNjw</usedField>
  </hint>
  <diagram><![CDATA[<?xml version="1.0" encoding="UTF-8"?>
<notation:Diagram xmi:version="2.0" xmlns:xmi="http://www.omg.org/XMI" xmlns:xsi="http://www.w3.org/2001/XMLSchema-instance" xmlns:map="http://www.indy.com/v2/map" xmlns:notation="http://www.eclipse.org/gmf/runtime/1.0.1/notation" xsi:schemaLocation="http://www.eclipse.org/gmf/runtime/1.0.1/notation " xmi:id="_Cs2_8H-tEe6IE6AcCtnNjw" type="Map" measurementUnit="Pixel">
  <children xmi:type="notation:Shape" xmi:id="_EVnGcH-tEe6IE6AcCtnNjw" type="2004" fontName="Segoe UI">
    <children xmi:type="notation:DecorationNode" xmi:id="_EVnGcn-tEe6IE6AcCtnNjw" type="5005"/>
    <children xmi:type="notation:DecorationNode" xmi:id="_EVnGc3-tEe6IE6AcCtnNjw" type="5007"/>
    <children xmi:type="notation:DecorationNode" xmi:id="_EVnGdH-tEe6IE6AcCtnNjw" type="7003"/>
    <children xmi:type="notation:DecorationNode" xmi:id="_EVnGdX-tEe6IE6AcCtnNjw" type="7009"/>
    <children xmi:type="notation:BasicCompartment" xmi:id="_EVnGdn-tEe6IE6AcCtnNjw" type="7004">
      <styles xmi:type="notation:SortingStyle" xmi:id="_EVnGd3-tEe6IE6AcCtnNjw"/>
      <styles xmi:type="notation:FilteringStyle" xmi:id="_EVnGeH-tEe6IE6AcCtnNjw"/>
    </children>
    <children xmi:type="notation:DecorationNode" xmi:id="_EVnGeX-tEe6IE6AcCtnNjw" type="5009">
      <styles xmi:type="notation:DrawerStyle" xmi:id="_EVnGen-tEe6IE6AcCtnNjw"/>
    </children>
    <children xmi:type="notation:DecorationNode" xmi:id="_EVnGe3-tEe6IE6AcCtnNjw" type="7005">
      <styles xmi:type="notation:SortingStyle" xmi:id="_EVnGfH-tEe6IE6AcCtnNjw"/>
      <styles xmi:type="notation:FilteringStyle" xmi:id="_EVnGfX-tEe6IE6AcCtnNjw"/>
    </children>
    <children xmi:type="notation:BasicCompartment" xmi:id="_EVnGfn-tEe6IE6AcCtnNjw" type="7007"/>
    <element xmi:type="map:Datastore" href="resource.map#_EVjcEH-tEe6IE6AcCtnNjw?fileId=_CrTgwH-tEe6IE6AcCtnNjw$type=map?"/>
    <layoutConstraint xmi:type="notation:Bounds" xmi:id="_EVnGcX-tEe6IE6AcCtnNjw" x="32" y="32"/>
  </children>
  <children xmi:type="notation:Shape" xmi:id="_D22G0n-tEe6IE6AcCtnNjw" type="2004" fontName="Segoe UI">
    <children xmi:type="notation:DecorationNode" xmi:id="_D22G1H-tEe6IE6AcCtnNjw" type="5005"/>
    <children xmi:type="notation:DecorationNode" xmi:id="_D22G1X-tEe6IE6AcCtnNjw" type="5007"/>
    <children xmi:type="notation:DecorationNode" xmi:id="_D22G1n-tEe6IE6AcCtnNjw" type="7003"/>
    <children xmi:type="notation:DecorationNode" xmi:id="_D22G13-tEe6IE6AcCtnNjw" type="7009"/>
    <children xmi:type="notation:BasicCompartment" xmi:id="_D22G2H-tEe6IE6AcCtnNjw" type="7004">
      <styles xmi:type="notation:SortingStyle" xmi:id="_D22G2X-tEe6IE6AcCtnNjw"/>
      <styles xmi:type="notation:FilteringStyle" xmi:id="_D22G2n-tEe6IE6AcCtnNjw"/>
    </children>
    <children xmi:type="notation:DecorationNode" xmi:id="_D22G23-tEe6IE6AcCtnNjw" type="5009">
      <styles xmi:type="notation:DrawerStyle" xmi:id="_D22G3H-tEe6IE6AcCtnNjw"/>
    </children>
    <children xmi:type="notation:DecorationNode" xmi:id="_D22G3X-tEe6IE6AcCtnNjw" type="7005">
      <styles xmi:type="notation:SortingStyle" xmi:id="_D22G3n-tEe6IE6AcCtnNjw"/>
      <styles xmi:type="notation:FilteringStyle" xmi:id="_D22G33-tEe6IE6AcCtnNjw"/>
    </children>
    <children xmi:type="notation:BasicCompartment" xmi:id="_D22G4H-tEe6IE6AcCtnNjw" type="7007"/>
    <element xmi:type="map:Datastore" href="resource.map#_D2vZIH-tEe6IE6AcCtnNjw?fileId=_CrTgwH-tEe6IE6AcCtnNjw$type=map?"/>
    <layoutConstraint xmi:type="notation:Bounds" xmi:id="_D22G03-tEe6IE6AcCtnNjw" x="245" y="40"/>
  </children>
  <styles xmi:type="notation:DiagramStyle" xmi:id="_Cs2_8X-tEe6IE6AcCtnNjw"/>
  <element xmi:type="map:Map" href="resource.map#_CrTgwH-tEe6IE6AcCtnNjw?fileId=_CrTgwH-tEe6IE6AcCtnNjw$type=map$name=ALIM_ODS_PIED?"/>
  <edges xmi:type="notation:Edge" xmi:id="_E-S3EH-tEe6IE6AcCtnNjw" type="targetLink" source="_D22G0n-tEe6IE6AcCtnNjw" target="_EVnGcH-tEe6IE6AcCtnNjw">
    <element xsi:nil="true"/>
    <bendpoints xmi:type="notation:RelativeBendpoints" xmi:id="_E-S3EX-tEe6IE6AcCtnNjw" points="[-76, 15, 173, -34]$[-166, 33, 83, -16]"/>
  </edges>
  <edges xmi:type="notation:Edge" xmi:id="_E-TeIH-tEe6IE6AcCtnNjw" type="targetDataSetLink" source="_D22G0n-tEe6IE6AcCtnNjw" target="_D22G0n-tEe6IE6AcCtnNjw">
    <element xmi:type="map:DataSet" href="resource.map#_EVkqMH-tEe6IE6AcCtnNjw?fileId=_CrTgwH-tEe6IE6AcCtnNjw$type=map?"/>
    <bendpoints xmi:type="notation:RelativeBendpoints" xmi:id="_E-TeIX-tEe6IE6AcCtnNjw" points="[0, 0, 0, 0]$[0, 0, 0, 0]"/>
  </edges>
  <edges xmi:type="notation:Edge" xmi:id="_E-TeIn-tEe6IE6AcCtnNjw" type="targetSetLink" source="_D22G0n-tEe6IE6AcCtnNjw" target="_D22G0n-tEe6IE6AcCtnNjw">
    <element xmi:type="map:SetDescriptor" href="resource.map#_E97DoH-tEe6IE6AcCtnNjw?fileId=_CrTgwH-tEe6IE6AcCtnNjw$type=map?"/>
    <bendpoints xmi:type="notation:RelativeBendpoints" xmi:id="_E-TeI3-tEe6IE6AcCtnNjw" points="[0, 0, 0, 0]$[0, 0, 0, 0]"/>
  </edges>
</notation:Diagram>
]]></diagram>
</map:map>