<?xml version="1.0" encoding="UTF-8"?>
<map:map xmlns:map="http://www.indy.com/v2/map" id="_qaAWAIqiEe6Bpuf23-D2iA" internalVersion="8" tech="resource.tech#_waYSMH8VEd2__Mzb_dB76A?fileId=_waYSMH8VEd2__Mzb_dB76A$type=tech$name=flow?">
  <datastore id="_rC2esIqiEe6Bpuf23-D2iA" alias="SAS_ADRESSE" dataset="_AHvtcIqmEe6Bpuf23-D2iA" ref="resource.md#_HizB4X-yEe6IE6AcCtnNjw?fileId=_TkY50HozEe6i1bEIfNaCgQ$type=md$name=SAS_ADRESSE?">
    <field id="_rC6JEIqiEe6Bpuf23-D2iA" fullAlias="PAYS" name="PAYS" ref="resource.md#_HmgdMH-yEe6IE6AcCtnNjw?fileId=_TkY50HozEe6i1bEIfNaCgQ$type=md$name=PAYS?"/>
    <field id="_rC5iAYqiEe6Bpuf23-D2iA" fullAlias="LIGNE_3" name="LIGNE_3" ref="resource.md#_HmeA9n-yEe6IE6AcCtnNjw?fileId=_TkY50HozEe6i1bEIfNaCgQ$type=md$name=LIGNE_3?"/>
    <field id="_rC468IqiEe6Bpuf23-D2iA" name="ACTION" ref="resource.md#_HmbksH-yEe6IE6AcCtnNjw?fileId=_TkY50HozEe6i1bEIfNaCgQ$type=md$name=ACTION?"/>
    <field id="_rC5iAoqiEe6Bpuf23-D2iA" fullAlias="LIGNE_4" name="LIGNE_4" ref="resource.md#_HmeoAH-yEe6IE6AcCtnNjw?fileId=_TkY50HozEe6i1bEIfNaCgQ$type=md$name=LIGNE_4?"/>
    <field id="_rC468oqiEe6Bpuf23-D2iA" fullAlias="STATUS" name="STATUS" ref="resource.md#_Hmcy0H-yEe6IE6AcCtnNjw?fileId=_TkY50HozEe6i1bEIfNaCgQ$type=md$name=STATUS?"/>
    <field id="_rC5iAIqiEe6Bpuf23-D2iA" fullAlias="LIGNE_2" name="LIGNE_2" ref="resource.md#_HmeA8H-yEe6IE6AcCtnNjw?fileId=_TkY50HozEe6i1bEIfNaCgQ$type=md$name=LIGNE_2?"/>
    <field id="_rC4684qiEe6Bpuf23-D2iA" fullAlias="LIGNE_1" name="LIGNE_1" ref="resource.md#_HmdZ4H-yEe6IE6AcCtnNjw?fileId=_TkY50HozEe6i1bEIfNaCgQ$type=md$name=LIGNE_1?"/>
    <field id="_rC5iA4qiEe6Bpuf23-D2iA" fullAlias="LIGNE_5" name="LIGNE_5" ref="resource.md#_HmfPEH-yEe6IE6AcCtnNjw?fileId=_TkY50HozEe6i1bEIfNaCgQ$type=md$name=LIGNE_5?"/>
    <field id="_rC4T4YqiEe6Bpuf23-D2iA" name="TYPE_LIGNE" ref="resource.md#_Hma9oH-yEe6IE6AcCtnNjw?fileId=_TkY50HozEe6i1bEIfNaCgQ$type=md$name=TYPE_LIGNE?"/>
    <field id="_rC6JEYqiEe6Bpuf23-D2iA" fullAlias="QUALITE" name="QUALITE" ref="resource.md#_HmgdNn-yEe6IE6AcCtnNjw?fileId=_TkY50HozEe6i1bEIfNaCgQ$type=md$name=QUALITE?"/>
    <field id="_rC468YqiEe6Bpuf23-D2iA" name="CLE_CLIENT" ref="resource.md#_HmcLxH-yEe6IE6AcCtnNjw?fileId=_TkY50HozEe6i1bEIfNaCgQ$type=md$name=CLE_CLIENT?" updateKey="true"/>
    <field id="_rC5iBYqiEe6Bpuf23-D2iA" fullAlias="CODE_POSTAL" name="CODE_POSTAL" ref="resource.md#_Hmf2Jn-yEe6IE6AcCtnNjw?fileId=_TkY50HozEe6i1bEIfNaCgQ$type=md$name=CODE_POSTAL?"/>
    <field id="_rC6JE4qiEe6Bpuf23-D2iA" fullAlias="ID_FICHIER" name="ID_FICHIER" ref="resource.md#_HmhERn-yEe6IE6AcCtnNjw?fileId=_TkY50HozEe6i1bEIfNaCgQ$type=md$name=ID_FICHIER?"/>
    <field id="_rC5iBIqiEe6Bpuf23-D2iA" fullAlias="VILLE" name="VILLE" ref="resource.md#_Hmf2IH-yEe6IE6AcCtnNjw?fileId=_TkY50HozEe6i1bEIfNaCgQ$type=md$name=VILLE?"/>
    <field id="_rC6JEoqiEe6Bpuf23-D2iA" fullAlias="DATE_CREATION" name="DATE_CREATION" ref="resource.md#_HmhEQH-yEe6IE6AcCtnNjw?fileId=_TkY50HozEe6i1bEIfNaCgQ$type=md$name=DATE_CREATION?"/>
    <constraint id="_rC6JFIqiEe6Bpuf23-D2iA" name="SAS_ADRESSE_PK" ref="resource.md#_-6M6wH-5Ee6IE6AcCtnNjw?fileId=_TkY50HozEe6i1bEIfNaCgQ$type=md$name=SAS_ADRESSE_PK?" reject="true"/>
    <constraint id="_rC6JFYqiEe6Bpuf23-D2iA" name="CTRL_STATUS" ref="resource.md#_GzCy8YUjEe6lN4vpMDZjAg?fileId=_TkY50HozEe6i1bEIfNaCgQ$type=md$name=CTRL_STATUS?" reject="true"/>
  </datastore>
  <datastore id="_tAZJcIqiEe6Bpuf23-D2iA" alias="DWH_ADRESSE" dataset="_tAcMwIqiEe6Bpuf23-D2iA" ref="resource.md#_QZvHAX-qEe6IE6AcCtnNjw?fileId=_TkY50HozEe6i1bEIfNaCgQ$type=md$name=DWH_ADRESSE?" subExpression="[A]">
    <field id="_tAZwgYqiEe6Bpuf23-D2iA" enable="true" insert="true" name="NUMERO_ADR" ref="resource.md#_QfGvMH-qEe6IE6AcCtnNjw?fileId=_TkY50HozEe6i1bEIfNaCgQ$type=md$name=NUMERO_ADR?" update="true">
      <expression id="_u5fZEIqiEe6Bpuf23-D2iA" setDescriptorRef="_u5eyAIqiEe6Bpuf23-D2iA">
        <expression>SAS_ADRESSE.LIGNE_1</expression>
      </expression>
    </field>
    <field id="_tAa-o4qiEe6Bpuf23-D2iA" name="RECORD_VERSION" ref="resource.md#_bRd7hoqgEe6Bpuf23-D2iA?fileId=_TkY50HozEe6i1bEIfNaCgQ$type=md$name=RECORD_VERSION?">
      <expression id="_u5fZEYqiEe6Bpuf23-D2iA" setDescriptorRef="_u5eyAIqiEe6Bpuf23-D2iA">
        <expression></expression>
      </expression>
    </field>
    <field id="_tAaXk4qiEe6Bpuf23-D2iA" enable="true" insert="true" name="LIB_PAYS_ADR" ref="resource.md#_QfJygH-qEe6IE6AcCtnNjw?fileId=_TkY50HozEe6i1bEIfNaCgQ$type=md$name=LIB_PAYS_ADR?" update="true">
      <expression id="_u5fZEoqiEe6Bpuf23-D2iA" setDescriptorRef="_u5eyAIqiEe6Bpuf23-D2iA">
        <expression>TRANSCO_PAYS.LIB_PAYS</expression>
      </expression>
    </field>
    <field id="_tAa-oIqiEe6Bpuf23-D2iA" enable="true" insert="true" name="ID_FICHIER" ref="resource.md#_QfLAoH-qEe6IE6AcCtnNjw?fileId=_TkY50HozEe6i1bEIfNaCgQ$type=md$name=ID_FICHIER?" update="true">
      <expression id="_u5gAIIqiEe6Bpuf23-D2iA" setDescriptorRef="_u5eyAIqiEe6Bpuf23-D2iA">
        <expression>SAS_ADRESSE.ID_FICHIER</expression>
      </expression>
    </field>
    <field id="_tAZwhIqiEe6Bpuf23-D2iA" enable="true" insert="true" name="CPM_ADR_2" ref="resource.md#_QfH9UH-qEe6IE6AcCtnNjw?fileId=_TkY50HozEe6i1bEIfNaCgQ$type=md$name=CPM_ADR_2?" update="true">
      <expression id="_u5gAIYqiEe6Bpuf23-D2iA" setDescriptorRef="_u5eyAIqiEe6Bpuf23-D2iA">
        <expression>SAS_ADRESSE.LIGNE_4</expression>
      </expression>
    </field>
    <field id="_tAaXlIqiEe6Bpuf23-D2iA" enable="true" insert="true" name="QUALITE_ADR" ref="resource.md#_QfJyhn-qEe6IE6AcCtnNjw?fileId=_TkY50HozEe6i1bEIfNaCgQ$type=md$name=QUALITE_ADR?" update="true">
      <expression id="_u5gAIoqiEe6Bpuf23-D2iA" setDescriptorRef="_u5eyAIqiEe6Bpuf23-D2iA">
        <expression>SAS_ADRESSE.QUALITE</expression>
      </expression>
    </field>
    <field id="_tAaXkYqiEe6Bpuf23-D2iA" enable="true" insert="true" name="CODE_POSTAL_ADR" ref="resource.md#_QfIkZn-qEe6IE6AcCtnNjw?fileId=_TkY50HozEe6i1bEIfNaCgQ$type=md$name=CODE_POSTAL_ADR?" update="true">
      <expression id="_u5gAI4qiEe6Bpuf23-D2iA" setDescriptorRef="_u5eyAIqiEe6Bpuf23-D2iA">
        <expression>SAS_ADRESSE.CODE_POSTAL</expression>
      </expression>
    </field>
    <field id="_tAa-ooqiEe6Bpuf23-D2iA" enable="true" insert="true" name="DATE_CREATION_ADR" ref="resource.md#_QfLnsH-qEe6IE6AcCtnNjw?fileId=_TkY50HozEe6i1bEIfNaCgQ$type=md$name=DATE_CREATION_ADR?" update="true">
      <expression id="_u5gnMIqiEe6Bpuf23-D2iA" setDescriptorRef="_u5eyAIqiEe6Bpuf23-D2iA">
        <expression>SAS_ADRESSE.DATE_CREATION</expression>
      </expression>
    </field>
    <field id="_tAZwg4qiEe6Bpuf23-D2iA" enable="true" insert="true" name="CPM_ADR_1" ref="resource.md#_QfHWQH-qEe6IE6AcCtnNjw?fileId=_TkY50HozEe6i1bEIfNaCgQ$type=md$name=CPM_ADR_1?" update="true">
      <expression id="_u5gnMYqiEe6Bpuf23-D2iA" setDescriptorRef="_u5eyAIqiEe6Bpuf23-D2iA">
        <expression>SAS_ADRESSE.LIGNE_3</expression>
      </expression>
    </field>
    <field id="_tAa-oYqiEe6Bpuf23-D2iA" name="DATE_DERNIERE_MAJ_ADR" ref="resource.md#_QfLApn-qEe6IE6AcCtnNjw?fileId=_TkY50HozEe6i1bEIfNaCgQ$type=md$name=DATE_DERNIERE_MAJ_ADR?">
      <expression id="_u5gnMoqiEe6Bpuf23-D2iA" setDescriptorRef="_u5eyAIqiEe6Bpuf23-D2iA">
        <expression></expression>
      </expression>
    </field>
    <field id="_tAZwhYqiEe6Bpuf23-D2iA" enable="true" insert="true" name="CPM_ADR_3" ref="resource.md#_QfH9Vn-qEe6IE6AcCtnNjw?fileId=_TkY50HozEe6i1bEIfNaCgQ$type=md$name=CPM_ADR_3?" update="true">
      <expression id="_u5gnM4qiEe6Bpuf23-D2iA" setDescriptorRef="_u5eyAIqiEe6Bpuf23-D2iA">
        <expression>SAS_ADRESSE.LIGNE_5</expression>
      </expression>
    </field>
    <field id="_tAaXkoqiEe6Bpuf23-D2iA" enable="true" insert="true" name="PAYS_ADR" ref="resource.md#_QfJLcH-qEe6IE6AcCtnNjw?fileId=_TkY50HozEe6i1bEIfNaCgQ$type=md$name=PAYS_ADR?" update="true">
      <expression id="_u5hOQIqiEe6Bpuf23-D2iA" setDescriptorRef="_u5eyAIqiEe6Bpuf23-D2iA">
        <expression>SAS_ADRESSE.PAYS</expression>
      </expression>
    </field>
    <field id="_tAZwgoqiEe6Bpuf23-D2iA" enable="true" insert="true" name="RUE_ADR" ref="resource.md#_QfGvNn-qEe6IE6AcCtnNjw?fileId=_TkY50HozEe6i1bEIfNaCgQ$type=md$name=RUE_ADR?" update="true">
      <expression id="_u5hOQYqiEe6Bpuf23-D2iA" setDescriptorRef="_u5eyAIqiEe6Bpuf23-D2iA">
        <expression>SAS_ADRESSE.LIGNE_2</expression>
      </expression>
    </field>
    <field id="_tAaXkIqiEe6Bpuf23-D2iA" enable="true" insert="true" name="VILLE_ADR" ref="resource.md#_QfIkYH-qEe6IE6AcCtnNjw?fileId=_TkY50HozEe6i1bEIfNaCgQ$type=md$name=VILLE_ADR?" update="true">
      <expression id="_u5hOQoqiEe6Bpuf23-D2iA" setDescriptorRef="_u5eyAIqiEe6Bpuf23-D2iA">
        <expression>SAS_ADRESSE.VILLE</expression>
      </expression>
    </field>
    <field id="_tAZJcoqiEe6Bpuf23-D2iA" name="SID_CLIENT" ref="resource.md#_QfFhEH-qEe6IE6AcCtnNjw?fileId=_TkY50HozEe6i1bEIfNaCgQ$type=md$name=SID_CLIENT?" updateKey="true">
      <expression id="_u5hOQ4qiEe6Bpuf23-D2iA" setDescriptorRef="_u5eyAIqiEe6Bpuf23-D2iA">
        <expression></expression>
      </expression>
    </field>
    <field id="_tAZwgIqiEe6Bpuf23-D2iA" enable="true" insert="true" name="STATUS_ADR" ref="resource.md#_QfGIIH-qEe6IE6AcCtnNjw?fileId=_TkY50HozEe6i1bEIfNaCgQ$type=md$name=STATUS_ADR?" update="true">
      <expression id="_u5h1UIqiEe6Bpuf23-D2iA" setDescriptorRef="_u5eyAIqiEe6Bpuf23-D2iA">
        <expression>SAS_ADRESSE.STATUS</expression>
      </expression>
    </field>
    <constraint id="_tAa-pIqiEe6Bpuf23-D2iA" name="DWH_ADRESSE_PK" ref="resource.md#_QfPSEH-qEe6IE6AcCtnNjw?fileId=_TkY50HozEe6i1bEIfNaCgQ$type=md$name=DWH_ADRESSE_PK?" reject="true"/>
    <setDescriptor id="_u5eyAIqiEe6Bpuf23-D2iA" label="A"/>
  </datastore>
  <datastore id="_AHsqIIqmEe6Bpuf23-D2iA" alias="TRANSCO_PAYS" dataset="_AHvtcIqmEe6Bpuf23-D2iA" ref="resource.md#_XjMjIYUzEe6lN4vpMDZjAg?fileId=_TkY50HozEe6i1bEIfNaCgQ$type=md$name=TRANSCO_PAYS?">
    <field id="_AHufUYqmEe6Bpuf23-D2iA" fullAlias="PAYS_ADRESSE" name="PAYS_ADRESSE" ref="resource.md#_XmdSgIUzEe6lN4vpMDZjAg?fileId=_TkY50HozEe6i1bEIfNaCgQ$type=md$name=PAYS_ADRESSE?"/>
    <field id="_AHvGYIqmEe6Bpuf23-D2iA" fullAlias="LIB_PAYS" name="LIB_PAYS" ref="resource.md#_XmdShoUzEe6lN4vpMDZjAg?fileId=_TkY50HozEe6i1bEIfNaCgQ$type=md$name=LIB_PAYS?"/>
  </datastore>
  <join id="_FlOp0IqmEe6Bpuf23-D2iA" location="SRC" left="_rC2esIqiEe6Bpuf23-D2iA" order="10" right="_AHsqIIqmEe6Bpuf23-D2iA">
    <expression>SAS_ADRESSE.PAYS = TRANSCO_PAYS.PAYS_ADRESSE</expression>
  </join>
  <template id="_u5jqgIqiEe6Bpuf23-D2iA" name="I_DWH_ADRESSE" process="resource.proc#_jkWgEFEJEeO7Vo9WeM2sCg?fileId=_jkWgEFEJEeO7Vo9WeM2sCg$type=proc$name=INTEGRATION%20Oracle?" targetId="_tAZJcIqiEe6Bpuf23-D2iA"/>
  <dataSet id="_tAcMwIqiEe6Bpuf23-D2iA">
    <container>_tAZJcIqiEe6Bpuf23-D2iA</container>
  </dataSet>
  <dataSet id="_AHvtcIqmEe6Bpuf23-D2iA">
    <container>_AHsqIIqmEe6Bpuf23-D2iA</container>
    <container>_rC2esIqiEe6Bpuf23-D2iA</container>
  </dataSet>
  <hint>
    <usedField>#_rC6JEIqiEe6Bpuf23-D2iA</usedField>
    <usedField>#_rC5iAYqiEe6Bpuf23-D2iA</usedField>
    <usedField>#_rC5iAoqiEe6Bpuf23-D2iA</usedField>
    <usedField>#_rC468oqiEe6Bpuf23-D2iA</usedField>
    <usedField>#_rC5iAIqiEe6Bpuf23-D2iA</usedField>
    <usedField>#_rC4684qiEe6Bpuf23-D2iA</usedField>
    <usedField>#_rC5iA4qiEe6Bpuf23-D2iA</usedField>
    <usedField>#_rC6JEYqiEe6Bpuf23-D2iA</usedField>
    <usedField>#_rC5iBYqiEe6Bpuf23-D2iA</usedField>
    <usedField>#_rC6JE4qiEe6Bpuf23-D2iA</usedField>
    <usedField>#_rC5iBIqiEe6Bpuf23-D2iA</usedField>
    <usedField>#_rC6JEoqiEe6Bpuf23-D2iA</usedField>
    <usedField>#_AHufUYqmEe6Bpuf23-D2iA</usedField>
    <usedField>#_AHvGYIqmEe6Bpuf23-D2iA</usedField>
  </hint>
  <diagram><![CDATA[<?xml version="1.0" encoding="UTF-8"?>
<notation:Diagram xmi:version="2.0" xmlns:xmi="http://www.omg.org/XMI" xmlns:xsi="http://www.w3.org/2001/XMLSchema-instance" xmlns:map="http://www.indy.com/v2/map" xmlns:notation="http://www.eclipse.org/gmf/runtime/1.0.1/notation" xsi:schemaLocation="http://www.eclipse.org/gmf/runtime/1.0.1/notation " xmi:id="_qeqzkIqiEe6Bpuf23-D2iA" type="Map" measurementUnit="Pixel">
  <children xmi:type="notation:Shape" xmi:id="_rDL14IqiEe6Bpuf23-D2iA" type="2004" fontName="Segoe UI">
    <children xmi:type="notation:DecorationNode" xmi:id="_rDL14oqiEe6Bpuf23-D2iA" type="5005"/>
    <children xmi:type="notation:DecorationNode" xmi:id="_rDL144qiEe6Bpuf23-D2iA" type="5007"/>
    <children xmi:type="notation:DecorationNode" xmi:id="_rDL15IqiEe6Bpuf23-D2iA" type="7003"/>
    <children xmi:type="notation:DecorationNode" xmi:id="_rDL15YqiEe6Bpuf23-D2iA" type="7009"/>
    <children xmi:type="notation:BasicCompartment" xmi:id="_rDL15oqiEe6Bpuf23-D2iA" type="7004">
      <styles xmi:type="notation:SortingStyle" xmi:id="_rDL154qiEe6Bpuf23-D2iA"/>
      <styles xmi:type="notation:FilteringStyle" xmi:id="_rDL16IqiEe6Bpuf23-D2iA"/>
    </children>
    <children xmi:type="notation:DecorationNode" xmi:id="_rDL16YqiEe6Bpuf23-D2iA" type="5009">
      <styles xmi:type="notation:DrawerStyle" xmi:id="_rDL16oqiEe6Bpuf23-D2iA"/>
    </children>
    <children xmi:type="notation:DecorationNode" xmi:id="_rDL164qiEe6Bpuf23-D2iA" type="7005">
      <styles xmi:type="notation:SortingStyle" xmi:id="_rDL17IqiEe6Bpuf23-D2iA"/>
      <styles xmi:type="notation:FilteringStyle" xmi:id="_rDL17YqiEe6Bpuf23-D2iA"/>
    </children>
    <children xmi:type="notation:BasicCompartment" xmi:id="_rDL17oqiEe6Bpuf23-D2iA" type="7007"/>
    <element xmi:type="map:Datastore" href="resource.map#_rC2esIqiEe6Bpuf23-D2iA?fileId=_qaAWAIqiEe6Bpuf23-D2iA$type=map?"/>
    <layoutConstraint xmi:type="notation:Bounds" xmi:id="_rDL14YqiEe6Bpuf23-D2iA" x="32" y="40"/>
  </children>
  <children xmi:type="notation:Shape" xmi:id="_tAeB8IqiEe6Bpuf23-D2iA" type="2004" fontName="Segoe UI">
    <children xmi:type="notation:DecorationNode" xmi:id="_tAeB8oqiEe6Bpuf23-D2iA" type="5005"/>
    <children xmi:type="notation:DecorationNode" xmi:id="_tAeB84qiEe6Bpuf23-D2iA" type="5007"/>
    <children xmi:type="notation:DecorationNode" xmi:id="_tAeB9IqiEe6Bpuf23-D2iA" type="7003"/>
    <children xmi:type="notation:DecorationNode" xmi:id="_tAeB9YqiEe6Bpuf23-D2iA" type="7009"/>
    <children xmi:type="notation:BasicCompartment" xmi:id="_tAeB9oqiEe6Bpuf23-D2iA" type="7004">
      <styles xmi:type="notation:SortingStyle" xmi:id="_tAeB94qiEe6Bpuf23-D2iA"/>
      <styles xmi:type="notation:FilteringStyle" xmi:id="_tAeB-IqiEe6Bpuf23-D2iA"/>
    </children>
    <children xmi:type="notation:DecorationNode" xmi:id="_tAeB-YqiEe6Bpuf23-D2iA" type="5009">
      <styles xmi:type="notation:DrawerStyle" xmi:id="_tAeB-oqiEe6Bpuf23-D2iA"/>
    </children>
    <children xmi:type="notation:DecorationNode" xmi:id="_tAeB-4qiEe6Bpuf23-D2iA" type="7005">
      <styles xmi:type="notation:SortingStyle" xmi:id="_tAeB_IqiEe6Bpuf23-D2iA"/>
      <styles xmi:type="notation:FilteringStyle" xmi:id="_tAeB_YqiEe6Bpuf23-D2iA"/>
    </children>
    <children xmi:type="notation:BasicCompartment" xmi:id="_tAeB_oqiEe6Bpuf23-D2iA" type="7007"/>
    <element xmi:type="map:Datastore" href="resource.map#_tAZJcIqiEe6Bpuf23-D2iA?fileId=_qaAWAIqiEe6Bpuf23-D2iA$type=map?"/>
    <layoutConstraint xmi:type="notation:Bounds" xmi:id="_tAeB8YqiEe6Bpuf23-D2iA" x="522" y="32"/>
  </children>
  <children xmi:type="notation:Shape" xmi:id="_AH_lEIqmEe6Bpuf23-D2iA" type="2004" fontName="Segoe UI">
    <children xmi:type="notation:DecorationNode" xmi:id="_AH_lEoqmEe6Bpuf23-D2iA" type="5005"/>
    <children xmi:type="notation:DecorationNode" xmi:id="_AH_lE4qmEe6Bpuf23-D2iA" type="5007"/>
    <children xmi:type="notation:DecorationNode" xmi:id="_AH_lFIqmEe6Bpuf23-D2iA" type="7003"/>
    <children xmi:type="notation:DecorationNode" xmi:id="_AH_lFYqmEe6Bpuf23-D2iA" type="7009"/>
    <children xmi:type="notation:BasicCompartment" xmi:id="_AH_lFoqmEe6Bpuf23-D2iA" type="7004">
      <styles xmi:type="notation:SortingStyle" xmi:id="_AH_lF4qmEe6Bpuf23-D2iA"/>
      <styles xmi:type="notation:FilteringStyle" xmi:id="_AH_lGIqmEe6Bpuf23-D2iA"/>
    </children>
    <children xmi:type="notation:DecorationNode" xmi:id="_AH_lGYqmEe6Bpuf23-D2iA" type="5009">
      <styles xmi:type="notation:DrawerStyle" xmi:id="_AH_lGoqmEe6Bpuf23-D2iA"/>
    </children>
    <children xmi:type="notation:DecorationNode" xmi:id="_AH_lG4qmEe6Bpuf23-D2iA" type="7005">
      <styles xmi:type="notation:SortingStyle" xmi:id="_AH_lHIqmEe6Bpuf23-D2iA"/>
      <styles xmi:type="notation:FilteringStyle" xmi:id="_AH_lHYqmEe6Bpuf23-D2iA"/>
    </children>
    <children xmi:type="notation:BasicCompartment" xmi:id="_AH_lHoqmEe6Bpuf23-D2iA" type="7007"/>
    <element xmi:type="map:Datastore" href="resource.map#_AHsqIIqmEe6Bpuf23-D2iA?fileId=_qaAWAIqiEe6Bpuf23-D2iA$type=map?"/>
    <layoutConstraint xmi:type="notation:Bounds" xmi:id="_AH_lEYqmEe6Bpuf23-D2iA" x="306" y="144"/>
  </children>
  <children xmi:type="notation:Node" xmi:id="_FnU7kIqmEe6Bpuf23-D2iA" type="2005">
    <styles xmi:type="notation:DescriptionStyle" xmi:id="_FnU7kYqmEe6Bpuf23-D2iA"/>
    <styles xmi:type="notation:FontStyle" xmi:id="_FnU7koqmEe6Bpuf23-D2iA" fontName="Segoe UI"/>
    <styles xmi:type="notation:FillStyle" xmi:id="_FnU7k4qmEe6Bpuf23-D2iA"/>
    <element xmi:type="map:Join" href="resource.map#_FlOp0IqmEe6Bpuf23-D2iA?fileId=_qaAWAIqiEe6Bpuf23-D2iA$type=map?"/>
    <layoutConstraint xmi:type="notation:Bounds" xmi:id="_FnU7lIqmEe6Bpuf23-D2iA" x="240" y="167"/>
  </children>
  <styles xmi:type="notation:DiagramStyle" xmi:id="_qeqzkYqiEe6Bpuf23-D2iA"/>
  <element xmi:type="map:Map" href="resource.map#_qaAWAIqiEe6Bpuf23-D2iA?fileId=_qaAWAIqiEe6Bpuf23-D2iA$type=map$name=ALIM_DWH_ADRESSE?"/>
  <edges xmi:type="notation:Edge" xmi:id="_u5mt0IqiEe6Bpuf23-D2iA" type="targetLink" source="_tAeB8IqiEe6Bpuf23-D2iA" target="_rDL14IqiEe6Bpuf23-D2iA">
    <element xsi:nil="true"/>
    <bendpoints xmi:type="notation:RelativeBendpoints" xmi:id="_u5mt0YqiEe6Bpuf23-D2iA" points="[-115, -9, 422, 0]$[-449, 0, 88, 9]"/>
  </edges>
  <edges xmi:type="notation:Edge" xmi:id="_u5ojAIqiEe6Bpuf23-D2iA" type="targetSetLink" source="_tAeB8IqiEe6Bpuf23-D2iA" target="_tAeB8IqiEe6Bpuf23-D2iA">
    <element xmi:type="map:SetDescriptor" href="resource.map#_u5eyAIqiEe6Bpuf23-D2iA?fileId=_qaAWAIqiEe6Bpuf23-D2iA$type=map?"/>
    <bendpoints xmi:type="notation:RelativeBendpoints" xmi:id="_u5ojAYqiEe6Bpuf23-D2iA" points="[0, 0, 0, 0]$[0, 0, 0, 0]"/>
  </edges>
  <edges xmi:type="notation:Edge" xmi:id="_BFIiwIqmEe6Bpuf23-D2iA" type="targetLink" source="_tAeB8IqiEe6Bpuf23-D2iA" target="_AH_lEIqmEe6Bpuf23-D2iA">
    <element xsi:nil="true"/>
    <bendpoints xmi:type="notation:RelativeBendpoints" xmi:id="_BFIiwYqmEe6Bpuf23-D2iA" points="[-198, -118, 188, 111]$[-327, -193, 59, 36]"/>
  </edges>
  <edges xmi:type="notation:Edge" xmi:id="_BFIiwoqmEe6Bpuf23-D2iA" type="targetDataSetLink" source="_tAeB8IqiEe6Bpuf23-D2iA" target="_tAeB8IqiEe6Bpuf23-D2iA">
    <element xmi:type="map:DataSet" href="resource.map#_AHvtcIqmEe6Bpuf23-D2iA?fileId=_qaAWAIqiEe6Bpuf23-D2iA$type=map?"/>
    <bendpoints xmi:type="notation:RelativeBendpoints" xmi:id="_BFIiw4qmEe6Bpuf23-D2iA" points="[0, 0, 0, 0]$[0, 0, 0, 0]"/>
  </edges>
  <edges xmi:type="notation:Edge" xmi:id="_FnabIIqmEe6Bpuf23-D2iA" type="joinLink" source="_FnU7kIqmEe6Bpuf23-D2iA" target="_rDL14IqiEe6Bpuf23-D2iA">
    <element xsi:nil="true"/>
    <bendpoints xmi:type="notation:RelativeBendpoints" xmi:id="_FnbCMIqmEe6Bpuf23-D2iA" points="[-1, -1, -487, -389]$[398, 318, -88, -70]"/>
  </edges>
  <edges xmi:type="notation:Edge" xmi:id="_FnbCMYqmEe6Bpuf23-D2iA" type="joinLink" source="_FnU7kIqmEe6Bpuf23-D2iA" target="_AH_lEIqmEe6Bpuf23-D2iA">
    <element xsi:nil="true"/>
    <bendpoints xmi:type="notation:RelativeBendpoints" xmi:id="_FnbCMoqmEe6Bpuf23-D2iA" points="[-1, -1, -749, -157]$[664, 138, -84, -18]"/>
  </edges>
</notation:Diagram>
]]></diagram>
</map:map>