<?xml version="1.0" encoding="UTF-8"?>
<map:map xmlns:map="http://www.indy.com/v2/map" id="_8z9KwJAyEe6u8_TKo8ZMQA" internalVersion="8" tech="resource.tech#_waYSMH8VEd2__Mzb_dB76A?fileId=_waYSMH8VEd2__Mzb_dB76A$type=tech$name=flow?">
  <datastore id="_8z9KwZAyEe6u8_TKo8ZMQA" alias="SAS_CLIENT" dataset="_8z9LCJAyEe6u8_TKo8ZMQA" ref="resource.md#_HT2m8X-yEe6IE6AcCtnNjw?fileId=_TkY50HozEe6i1bEIfNaCgQ$type=md$name=SAS_CLIENT?">
    <field id="_8z9KwpAyEe6u8_TKo8ZMQA" fullAlias="NOM" name="NOM" ref="resource.md#_HXaRQH-yEe6IE6AcCtnNjw?fileId=_TkY50HozEe6i1bEIfNaCgQ$type=md$name=NOM?"/>
    <field id="_8z9Kw5AyEe6u8_TKo8ZMQA" name="TYPE_LIGNE" ref="resource.md#_HXZDIH-yEe6IE6AcCtnNjw?fileId=_TkY50HozEe6i1bEIfNaCgQ$type=md$name=TYPE_LIGNE?"/>
    <field id="_8z9KxJAyEe6u8_TKo8ZMQA" fullAlias="CLE_CLIENT" name="CLE_CLIENT" ref="resource.md#_HXZDLH-yEe6IE6AcCtnNjw?fileId=_TkY50HozEe6i1bEIfNaCgQ$type=md$name=CLE_CLIENT?" updateKey="true"/>
    <field id="_8z9KxZAyEe6u8_TKo8ZMQA" fullAlias="DATE_ANNIVERSAIRE" name="DATE_ANNIVERSAIRE" ref="resource.md#_HXaRRn-yEe6IE6AcCtnNjw?fileId=_TkY50HozEe6i1bEIfNaCgQ$type=md$name=DATE_ANNIVERSAIRE?"/>
    <field id="_8z9KxpAyEe6u8_TKo8ZMQA" fullAlias="TYPE" name="TYPE" ref="resource.md#_HXZqOH-yEe6IE6AcCtnNjw?fileId=_TkY50HozEe6i1bEIfNaCgQ$type=md$name=TYPE?"/>
    <field id="_8z9Kx5AyEe6u8_TKo8ZMQA" fullAlias="MUTUELLE" name="MUTUELLE" ref="resource.md#_HXaRUn-yEe6IE6AcCtnNjw?fileId=_TkY50HozEe6i1bEIfNaCgQ$type=md$name=MUTUELLE?"/>
    <field id="_8z9KyJAyEe6u8_TKo8ZMQA" fullAlias="ID_FICHIER" name="ID_FICHIER" ref="resource.md#_HXa4UH-yEe6IE6AcCtnNjw?fileId=_TkY50HozEe6i1bEIfNaCgQ$type=md$name=ID_FICHIER?"/>
    <field id="_8z9KyZAyEe6u8_TKo8ZMQA" fullAlias="CLE_COMPTE" name="CLE_COMPTE" ref="resource.md#_HXZDMn-yEe6IE6AcCtnNjw?fileId=_TkY50HozEe6i1bEIfNaCgQ$type=md$name=CLE_COMPTE?" updateKey="true"/>
    <field id="_8z9KypAyEe6u8_TKo8ZMQA" fullAlias="PRENOM" name="PRENOM" ref="resource.md#_HXZqRH-yEe6IE6AcCtnNjw?fileId=_TkY50HozEe6i1bEIfNaCgQ$type=md$name=PRENOM?"/>
    <field id="_8z9Ky5AyEe6u8_TKo8ZMQA" fullAlias="DATE_CREATION" name="DATE_CREATION" ref="resource.md#_HXaRWH-yEe6IE6AcCtnNjw?fileId=_TkY50HozEe6i1bEIfNaCgQ$type=md$name=DATE_CREATION?"/>
    <field id="_8z9KzJAyEe6u8_TKo8ZMQA" fullAlias="CIVILITE" name="CIVILITE" ref="resource.md#_HXZqPn-yEe6IE6AcCtnNjw?fileId=_TkY50HozEe6i1bEIfNaCgQ$type=md$name=CIVILITE?"/>
    <field id="_8z9KzZAyEe6u8_TKo8ZMQA" fullAlias="SEXE" name="SEXE" ref="resource.md#_HXaRTH-yEe6IE6AcCtnNjw?fileId=_TkY50HozEe6i1bEIfNaCgQ$type=md$name=SEXE?"/>
    <field id="_8z9KzpAyEe6u8_TKo8ZMQA" name="ACTION" ref="resource.md#_HXZDJn-yEe6IE6AcCtnNjw?fileId=_TkY50HozEe6i1bEIfNaCgQ$type=md$name=ACTION?"/>
    <field id="_8z9Kz5AyEe6u8_TKo8ZMQA" fullAlias="STATUS" name="STATUS" ref="resource.md#_HXZqMn-yEe6IE6AcCtnNjw?fileId=_TkY50HozEe6i1bEIfNaCgQ$type=md$name=STATUS?"/>
    <constraint id="_8z9K0JAyEe6u8_TKo8ZMQA" name="SAS_CLIENT_PK" ref="resource.md#_-lvGoH-5Ee6IE6AcCtnNjw?fileId=_TkY50HozEe6i1bEIfNaCgQ$type=md$name=SAS_CLIENT_PK?" reject="true"/>
    <constraint id="_8z9K0ZAyEe6u8_TKo8ZMQA" name="CTRL_FK_COMPTE" ref="resource.md#_-t7ORYq6Ee6UQ4O0GYlsJg?fileId=_TkY50HozEe6i1bEIfNaCgQ$type=md$name=CTRL_FK_COMPTE?" reject="true"/>
    <constraint id="_8z9K0pAyEe6u8_TKo8ZMQA" name="CTRL_TYPE" ref="resource.md#_-t7OT4q6Ee6UQ4O0GYlsJg?fileId=_TkY50HozEe6i1bEIfNaCgQ$type=md$name=CTRL_TYPE?" reject="true"/>
    <constraint id="_8z9K05AyEe6u8_TKo8ZMQA" name="CTRL_STATUS" ref="resource.md#_-t7OSoq6Ee6UQ4O0GYlsJg?fileId=_TkY50HozEe6i1bEIfNaCgQ$type=md$name=CTRL_STATUS?" reject="true"/>
  </datastore>
  <datastore id="_8z9K1JAyEe6u8_TKo8ZMQA" alias="DWH_CLIENT" dataset="_8z9LCZAyEe6u8_TKo8ZMQA" ref="resource.md#_QksZ0X-qEe6IE6AcCtnNjw?fileId=_TkY50HozEe6i1bEIfNaCgQ$type=md$name=DWH_CLIENT?" subExpression="[A]">
    <field id="_8z9K1ZAyEe6u8_TKo8ZMQA" enable="true" insert="true" name="PRENOM_CLI" ref="resource.md#_Qqv-gH-qEe6IE6AcCtnNjw?fileId=_TkY50HozEe6i1bEIfNaCgQ$type=md$name=PRENOM_CLI?" update="true">
      <expression id="_8z9K1pAyEe6u8_TKo8ZMQA" setDescriptorRef="_8z9K-pAyEe6u8_TKo8ZMQA">
        <expression>SAS_CLIENT.PRENOM</expression>
      </expression>
    </field>
    <field id="_8z9K15AyEe6u8_TKo8ZMQA" enable="true" insert="true" name="RECORD_VERSION" ref="resource.md#_bc8yxoqgEe6Bpuf23-D2iA?fileId=_TkY50HozEe6i1bEIfNaCgQ$type=md$name=RECORD_VERSION?" update="true">
      <expression id="_8z9K2JAyEe6u8_TKo8ZMQA" setDescriptorRef="_8z9K-pAyEe6u8_TKo8ZMQA">
        <expression>'O'</expression>
      </expression>
    </field>
    <field id="_8z9K2ZAyEe6u8_TKo8ZMQA" enable="true" insert="true" name="NOM_CLI" ref="resource.md#_QqwlkH-qEe6IE6AcCtnNjw?fileId=_TkY50HozEe6i1bEIfNaCgQ$type=md$name=NOM_CLI?" update="true">
      <expression id="_8z9K2pAyEe6u8_TKo8ZMQA" setDescriptorRef="_8z9K-pAyEe6u8_TKo8ZMQA">
        <expression>SAS_CLIENT.NOM</expression>
      </expression>
    </field>
    <field id="_8z9K25AyEe6u8_TKo8ZMQA" enable="true" insert="true" name="STATUS_CLI" ref="resource.md#_QquwYH-qEe6IE6AcCtnNjw?fileId=_TkY50HozEe6i1bEIfNaCgQ$type=md$name=STATUS_CLI?" update="true">
      <expression id="_8z9K3JAyEe6u8_TKo8ZMQA" setDescriptorRef="_8z9K-pAyEe6u8_TKo8ZMQA">
        <expression>CAST(SAS_CLIENT.STATUS as number(5))</expression>
      </expression>
    </field>
    <field id="_8z9K3ZAyEe6u8_TKo8ZMQA" enable="true" insert="true" name="LIB_SEXE_CLI" ref="resource.md#_Qqyaxn-qEe6IE6AcCtnNjw?fileId=_TkY50HozEe6i1bEIfNaCgQ$type=md$name=LIB_SEXE_CLI?" update="true">
      <expression id="_8z9K3pAyEe6u8_TKo8ZMQA" setDescriptorRef="_8z9K-pAyEe6u8_TKo8ZMQA">
        <expression>TRANSCO_SEXE.LIB_SEXE</expression>
      </expression>
    </field>
    <field id="_8z9K35AyEe6u8_TKo8ZMQA" enable="true" insert="true" name="DATE_ANNV_CLI" ref="resource.md#_QqxMoH-qEe6IE6AcCtnNjw?fileId=_TkY50HozEe6i1bEIfNaCgQ$type=md$name=DATE_ANNV_CLI?" update="true">
      <expression id="_8z9K4JAyEe6u8_TKo8ZMQA" setDescriptorRef="_8z9K-pAyEe6u8_TKo8ZMQA">
        <expression>TO_CHAR(TO_DATE('01/01/1900', 'MM/DD/YYYY') + TO_NUMBER(SAS_CLIENT.DATE_ANNIVERSAIRE), 'YYYY-MM-DD') </expression>
      </expression>
    </field>
    <field id="_8z9K4ZAyEe6u8_TKo8ZMQA" enable="true" insert="true" name="MUTUELLE_CLI" ref="resource.md#_QqxzsH-qEe6IE6AcCtnNjw?fileId=_TkY50HozEe6i1bEIfNaCgQ$type=md$name=MUTUELLE_CLI?" update="true">
      <expression id="_8z9K4pAyEe6u8_TKo8ZMQA" setDescriptorRef="_8z9K-pAyEe6u8_TKo8ZMQA">
        <expression>nvl(SAS_CLIENT.MUTUELLE,999)</expression>
      </expression>
    </field>
    <field id="_8z9K45AyEe6u8_TKo8ZMQA" enable="true" insert="true" name="DATE_CREATION_CLI" ref="resource.md#_Qqzo7H-qEe6IE6AcCtnNjw?fileId=_TkY50HozEe6i1bEIfNaCgQ$type=md$name=DATE_CREATION_CLI?" update="true">
      <expression id="_8z9K5JAyEe6u8_TKo8ZMQA" setDescriptorRef="_8z9K-pAyEe6u8_TKo8ZMQA">
        <expression><![CDATA[to_date(SAS_CLIENT.DATE_CREATION,'YYYY-MM-DD HH24:MI:SS')
]]></expression>
      </expression>
    </field>
    <field id="_8z9K5ZAyEe6u8_TKo8ZMQA" name="SID_CLI" ref="resource.md#_Qqs7MH-qEe6IE6AcCtnNjw?fileId=_TkY50HozEe6i1bEIfNaCgQ$type=md$name=SID_CLI?" updateKey="true">
      <expression id="_8z9K5pAyEe6u8_TKo8ZMQA" location="TRG" setDescriptorRef="_8z9K-pAyEe6u8_TKo8ZMQA">
        <expression></expression>
      </expression>
    </field>
    <field id="_8z9K55AyEe6u8_TKo8ZMQA" enable="true" insert="true" name="TYPE_CLI" ref="resource.md#_QqvXcH-qEe6IE6AcCtnNjw?fileId=_TkY50HozEe6i1bEIfNaCgQ$type=md$name=TYPE_CLI?" update="true">
      <expression id="_8z9K6JAyEe6u8_TKo8ZMQA" setDescriptorRef="_8z9K-pAyEe6u8_TKo8ZMQA">
        <expression>CAST(SAS_CLIENT.TYPE as number(5))</expression>
      </expression>
    </field>
    <field id="_8z9K6ZAyEe6u8_TKo8ZMQA" enable="true" insert="true" name="CLE_CLI" ref="resource.md#_QquJUH-qEe6IE6AcCtnNjw?fileId=_TkY50HozEe6i1bEIfNaCgQ$type=md$name=CLE_CLI?" update="true">
      <expression id="_8z9K6pAyEe6u8_TKo8ZMQA" setDescriptorRef="_8z9K-pAyEe6u8_TKo8ZMQA">
        <expression>SAS_CLIENT.CLE_CLIENT</expression>
      </expression>
    </field>
    <field id="_8z9K65AyEe6u8_TKo8ZMQA" enable="true" insert="true" name="CIVILITE_CLI" ref="resource.md#_QqvXdn-qEe6IE6AcCtnNjw?fileId=_TkY50HozEe6i1bEIfNaCgQ$type=md$name=CIVILITE_CLI?" update="true">
      <expression id="_8z9K7JAyEe6u8_TKo8ZMQA" setDescriptorRef="_8z9K-pAyEe6u8_TKo8ZMQA">
        <expression>CAST(SAS_CLIENT.CIVILITE as number(5))</expression>
      </expression>
    </field>
    <field id="_8z9K7ZAyEe6u8_TKo8ZMQA" enable="true" insert="true" name="SEXE_CLI" ref="resource.md#_QqxMpn-qEe6IE6AcCtnNjw?fileId=_TkY50HozEe6i1bEIfNaCgQ$type=md$name=SEXE_CLI?" update="true">
      <expression id="_8z9K7pAyEe6u8_TKo8ZMQA" setDescriptorRef="_8z9K-pAyEe6u8_TKo8ZMQA">
        <expression><![CDATA[nvl(SAS_CLIENT.SEXE,999)
]]></expression>
      </expression>
    </field>
    <field id="_8z9K75AyEe6u8_TKo8ZMQA" enable="true" insert="true" name="LIB_TYPE_CLI" ref="resource.md#_QqzB0H-qEe6IE6AcCtnNjw?fileId=_TkY50HozEe6i1bEIfNaCgQ$type=md$name=LIB_TYPE_CLI?" update="true">
      <expression id="_8z9K8JAyEe6u8_TKo8ZMQA" setDescriptorRef="_8z9K-pAyEe6u8_TKo8ZMQA">
        <expression>TRANSCO_TYPE_CLIENT.LIB_TYPE_CLIENT</expression>
      </expression>
    </field>
    <field id="_8z9K8ZAyEe6u8_TKo8ZMQA" enable="true" insert="true" name="LIB_CIVILITE_CLI" ref="resource.md#_QqzB1n-qEe6IE6AcCtnNjw?fileId=_TkY50HozEe6i1bEIfNaCgQ$type=md$name=LIB_CIVILITE_CLI?" update="true">
      <expression id="_8z9K8pAyEe6u8_TKo8ZMQA" setDescriptorRef="_8z9K-pAyEe6u8_TKo8ZMQA">
        <expression>TRANSCO_CIVILITE_CLIENT.LIB_CIVILITE_CLIENT</expression>
      </expression>
    </field>
    <field id="_8z9K85AyEe6u8_TKo8ZMQA" enable="true" insert="true" name="SID_CPT" ref="resource.md#_QquJVn-qEe6IE6AcCtnNjw?fileId=_TkY50HozEe6i1bEIfNaCgQ$type=md$name=SID_CPT?" update="true" updateKey="true">
      <expression id="_8z9K9JAyEe6u8_TKo8ZMQA" setDescriptorRef="_8z9K-pAyEe6u8_TKo8ZMQA">
        <expression>DWH_COMPTE.SID_CPT</expression>
      </expression>
    </field>
    <field id="_8z9K9ZAyEe6u8_TKo8ZMQA" enable="true" insert="true" name="ID_FICHIER" ref="resource.md#_Qqzo4H-qEe6IE6AcCtnNjw?fileId=_TkY50HozEe6i1bEIfNaCgQ$type=md$name=ID_FICHIER?" update="true">
      <expression id="_8z9K9pAyEe6u8_TKo8ZMQA" setDescriptorRef="_8z9K-pAyEe6u8_TKo8ZMQA">
        <expression>CAST(SAS_CLIENT.ID_FICHIER as number(5))</expression>
      </expression>
    </field>
    <field id="_8z9K95AyEe6u8_TKo8ZMQA" enable="true" insert="true" name="DERNIERE_DATE_MAJ_CLI" ref="resource.md#_Qqzo5n-qEe6IE6AcCtnNjw?fileId=_TkY50HozEe6i1bEIfNaCgQ$type=md$name=DERNIERE_DATE_MAJ_CLI?" update="true">
      <expression id="_8z9K-JAyEe6u8_TKo8ZMQA" setDescriptorRef="_8z9K-pAyEe6u8_TKo8ZMQA">
        <expression>sysdate</expression>
      </expression>
    </field>
    <constraint id="_8z9K-ZAyEe6u8_TKo8ZMQA" name="DWH_CLIENT_PK" ref="resource.md#_Qq2sMH-qEe6IE6AcCtnNjw?fileId=_TkY50HozEe6i1bEIfNaCgQ$type=md$name=DWH_CLIENT_PK?" reject="true"/>
    <setDescriptor id="_8z9K-pAyEe6u8_TKo8ZMQA" label="A"/>
  </datastore>
  <datastore id="_8z9K-5AyEe6u8_TKo8ZMQA" alias="TRANSCO_SEXE" dataset="_8z9LCJAyEe6u8_TKo8ZMQA" ref="resource.md#_XYqHEYUzEe6lN4vpMDZjAg?fileId=_TkY50HozEe6i1bEIfNaCgQ$type=md$name=TRANSCO_SEXE?">
    <field id="_8z9K_ZAyEe6u8_TKo8ZMQA" fullAlias="SEXE_CLIENT" name="SEXE_CLIENT" ref="resource.md#_Xb3zIIUzEe6lN4vpMDZjAg?fileId=_TkY50HozEe6i1bEIfNaCgQ$type=md$name=SEXE_CLIENT?"/>
    <field id="_ekKuMJA5Ee6u8_TKo8ZMQA" fullAlias="LIB_SEXE" name="LIB_SEXE" ref="resource.md#_dqCoRpA5Ee6u8_TKo8ZMQA?fileId=_TkY50HozEe6i1bEIfNaCgQ$type=md$name=LIB_SEXE?"/>
  </datastore>
  <datastore id="_8z9K_pAyEe6u8_TKo8ZMQA" alias="TRANSCO_CIVILITE_CLIENT" dataset="_8z9LCJAyEe6u8_TKo8ZMQA" ref="resource.md#_Xfd5sYUzEe6lN4vpMDZjAg?fileId=_TkY50HozEe6i1bEIfNaCgQ$type=md$name=TRANSCO_CIVILITE_CLIENT?">
    <field id="_8z9K_5AyEe6u8_TKo8ZMQA" fullAlias="CIVILITE_CLIENT" name="CIVILITE_CLIENT" ref="resource.md#_XjCLEIUzEe6lN4vpMDZjAg?fileId=_TkY50HozEe6i1bEIfNaCgQ$type=md$name=CIVILITE_CLIENT?"/>
    <field id="_8z9LAJAyEe6u8_TKo8ZMQA" fullAlias="LIB_CIVILITE_CLIENT" name="LIB_CIVILITE_CLIENT" ref="resource.md#_XjDZMIUzEe6lN4vpMDZjAg?fileId=_TkY50HozEe6i1bEIfNaCgQ$type=md$name=LIB_CIVILITE_CLIENT?"/>
  </datastore>
  <datastore id="_8z9LAZAyEe6u8_TKo8ZMQA" alias="TRANSCO_TYPE_CLIENT" dataset="_8z9LCJAyEe6u8_TKo8ZMQA" ref="resource.md#_Xb9SsYUzEe6lN4vpMDZjAg?fileId=_TkY50HozEe6i1bEIfNaCgQ$type=md$name=TRANSCO_TYPE_CLIENT?">
    <field id="_8z9LApAyEe6u8_TKo8ZMQA" fullAlias="TYPE_CLIENT" name="TYPE_CLIENT" ref="resource.md#_XfUIsIUzEe6lN4vpMDZjAg?fileId=_TkY50HozEe6i1bEIfNaCgQ$type=md$name=TYPE_CLIENT?"/>
    <field id="_8z9LA5AyEe6u8_TKo8ZMQA" fullAlias="LIB_TYPE_CLIENT" name="LIB_TYPE_CLIENT" ref="resource.md#_XfUvwIUzEe6lN4vpMDZjAg?fileId=_TkY50HozEe6i1bEIfNaCgQ$type=md$name=LIB_TYPE_CLIENT?"/>
  </datastore>
  <datastore id="_2sbkIJA4Ee6u8_TKo8ZMQA" alias="DWH_COMPTE" dataset="_8z9LCJAyEe6u8_TKo8ZMQA" ref="resource.md#_QUCHoX-qEe6IE6AcCtnNjw?fileId=_TkY50HozEe6i1bEIfNaCgQ$type=md$name=DWH_COMPTE?">
    <field id="_2sdZUpA4Ee6u8_TKo8ZMQA" name="DATE_CREATION_CPT" ref="resource.md#_QZqOhn-qEe6IE6AcCtnNjw?fileId=_TkY50HozEe6i1bEIfNaCgQ$type=md$name=DATE_CREATION_CPT?"/>
    <field id="_2scyQJA4Ee6u8_TKo8ZMQA" fullAlias="CLE_CPT" name="CLE_CPT" ref="resource.md#_QZpAYH-qEe6IE6AcCtnNjw?fileId=_TkY50HozEe6i1bEIfNaCgQ$type=md$name=CLE_CPT?"/>
    <field id="_2sdZUZA4Ee6u8_TKo8ZMQA" name="DERNIERE_DATE_MAJ_CPT" ref="resource.md#_QZqOgH-qEe6IE6AcCtnNjw?fileId=_TkY50HozEe6i1bEIfNaCgQ$type=md$name=DERNIERE_DATE_MAJ_CPT?"/>
    <field id="_2sdZU5A4Ee6u8_TKo8ZMQA" name="LIB_CABINET_CPT" ref="resource.md#_QZqOjH-qEe6IE6AcCtnNjw?fileId=_TkY50HozEe6i1bEIfNaCgQ$type=md$name=LIB_CABINET_CPT?"/>
    <field id="_2scLMZA4Ee6u8_TKo8ZMQA" fullAlias="SID_CPT" name="SID_CPT" ref="resource.md#_QZoZUH-qEe6IE6AcCtnNjw?fileId=_TkY50HozEe6i1bEIfNaCgQ$type=md$name=SID_CPT?" updateKey="true"/>
    <field id="_2scyRJA4Ee6u8_TKo8ZMQA" name="CABINET_RATTACHEMENT" ref="resource.md#_QZpnfH-qEe6IE6AcCtnNjw?fileId=_TkY50HozEe6i1bEIfNaCgQ$type=md$name=CABINET_RATTACHEMENT?"/>
    <field id="_2sdZUJA4Ee6u8_TKo8ZMQA" name="ID_FICHIER" ref="resource.md#_QZpngn-qEe6IE6AcCtnNjw?fileId=_TkY50HozEe6i1bEIfNaCgQ$type=md$name=ID_FICHIER?"/>
    <field id="_2scyQpA4Ee6u8_TKo8ZMQA" name="LIB_TYPE_CPT" ref="resource.md#_QZpAbH-qEe6IE6AcCtnNjw?fileId=_TkY50HozEe6i1bEIfNaCgQ$type=md$name=LIB_TYPE_CPT?"/>
    <field id="_2scyQZA4Ee6u8_TKo8ZMQA" name="TYPE_CPT" ref="resource.md#_QZpAZn-qEe6IE6AcCtnNjw?fileId=_TkY50HozEe6i1bEIfNaCgQ$type=md$name=TYPE_CPT?"/>
    <field id="_2sdZVJA4Ee6u8_TKo8ZMQA" name="RECORD_VERSION" ref="resource.md#_a8bfpoqgEe6Bpuf23-D2iA?fileId=_TkY50HozEe6i1bEIfNaCgQ$type=md$name=RECORD_VERSION?"/>
    <field id="_2scyQ5A4Ee6u8_TKo8ZMQA" name="STATUS_CPT" ref="resource.md#_QZpncH-qEe6IE6AcCtnNjw?fileId=_TkY50HozEe6i1bEIfNaCgQ$type=md$name=STATUS_CPT?"/>
    <constraint id="_2seAYJA4Ee6u8_TKo8ZMQA" name="DWH_COMPTE_PK" ref="resource.md#_QZtR0H-qEe6IE6AcCtnNjw?fileId=_TkY50HozEe6i1bEIfNaCgQ$type=md$name=DWH_COMPTE_PK?" reject="true"/>
  </datastore>
  <join id="_8z9LBJAyEe6u8_TKo8ZMQA" location="SRC" joinType="Right_Join" left="_8z9K-5AyEe6u8_TKo8ZMQA" order="10" right="_8z9KwZAyEe6u8_TKo8ZMQA">
    <expression>TRANSCO_SEXE.SEXE_CLIENT = SAS_CLIENT.SEXE</expression>
  </join>
  <join id="_8z9LBZAyEe6u8_TKo8ZMQA" location="SRC" joinType="Right_Join" left="_8z9K_pAyEe6u8_TKo8ZMQA" order="30" right="_8z9KwZAyEe6u8_TKo8ZMQA">
    <expression>TRANSCO_CIVILITE_CLIENT.CIVILITE_CLIENT = SAS_CLIENT.CIVILITE</expression>
  </join>
  <join id="_8z9LBpAyEe6u8_TKo8ZMQA" location="SRC" joinType="Right_Join" left="_8z9LAZAyEe6u8_TKo8ZMQA" order="50" right="_8z9KwZAyEe6u8_TKo8ZMQA">
    <expression>TRANSCO_TYPE_CLIENT.TYPE_CLIENT = SAS_CLIENT.TYPE</expression>
  </join>
  <join id="_4Cy6IJA4Ee6u8_TKo8ZMQA" location="SRC" left="_8z9KwZAyEe6u8_TKo8ZMQA" order="70" right="_2sbkIJA4Ee6u8_TKo8ZMQA">
    <expression>SAS_CLIENT.CLE_COMPTE = DWH_COMPTE.CLE_CPT</expression>
  </join>
  <template id="_8z9LB5AyEe6u8_TKo8ZMQA" name="I_DWH_CLIENT" process="resource.proc#_jkWgEFEJEeO7Vo9WeM2sCg?fileId=_jkWgEFEJEeO7Vo9WeM2sCg$type=proc$name=INTEGRATION%20Oracle?" targetId="_8z9K1JAyEe6u8_TKo8ZMQA"/>
  <dataSet id="_8z9LCJAyEe6u8_TKo8ZMQA">
    <container>_8z9KwZAyEe6u8_TKo8ZMQA</container>
    <container>_8z9K-5AyEe6u8_TKo8ZMQA</container>
    <container>_8z9K_pAyEe6u8_TKo8ZMQA</container>
    <container>_8z9LAZAyEe6u8_TKo8ZMQA</container>
    <container>_2sbkIJA4Ee6u8_TKo8ZMQA</container>
  </dataSet>
  <dataSet id="_8z9LCZAyEe6u8_TKo8ZMQA">
    <container>_8z9K1JAyEe6u8_TKo8ZMQA</container>
  </dataSet>
  <hint>
    <usedField>#_8z9KwpAyEe6u8_TKo8ZMQA</usedField>
    <usedField>#_8z9KxJAyEe6u8_TKo8ZMQA</usedField>
    <usedField>#_8z9KxZAyEe6u8_TKo8ZMQA</usedField>
    <usedField>#_8z9KxpAyEe6u8_TKo8ZMQA</usedField>
    <usedField>#_8z9Kx5AyEe6u8_TKo8ZMQA</usedField>
    <usedField>#_8z9KyJAyEe6u8_TKo8ZMQA</usedField>
    <usedField>#_8z9KyZAyEe6u8_TKo8ZMQA</usedField>
    <usedField>#_8z9KypAyEe6u8_TKo8ZMQA</usedField>
    <usedField>#_8z9Ky5AyEe6u8_TKo8ZMQA</usedField>
    <usedField>#_8z9KzJAyEe6u8_TKo8ZMQA</usedField>
    <usedField>#_8z9KzZAyEe6u8_TKo8ZMQA</usedField>
    <usedField>#_8z9Kz5AyEe6u8_TKo8ZMQA</usedField>
    <usedField>#_8z9K_ZAyEe6u8_TKo8ZMQA</usedField>
    <usedField>#_ekKuMJA5Ee6u8_TKo8ZMQA</usedField>
    <usedField>#_8z9K_5AyEe6u8_TKo8ZMQA</usedField>
    <usedField>#_8z9LAJAyEe6u8_TKo8ZMQA</usedField>
    <usedField>#_8z9LApAyEe6u8_TKo8ZMQA</usedField>
    <usedField>#_8z9LA5AyEe6u8_TKo8ZMQA</usedField>
    <usedField>#_2scyQJA4Ee6u8_TKo8ZMQA</usedField>
    <usedField>#_2scLMZA4Ee6u8_TKo8ZMQA</usedField>
  </hint>
  <diagram><![CDATA[<?xml version="1.0" encoding="UTF-8"?>
<notation:Diagram xmi:version="2.0" xmlns:xmi="http://www.omg.org/XMI" xmlns:xsi="http://www.w3.org/2001/XMLSchema-instance" xmlns:map="http://www.indy.com/v2/map" xmlns:notation="http://www.eclipse.org/gmf/runtime/1.0.1/notation" xsi:schemaLocation="http://www.eclipse.org/gmf/runtime/1.0.1/notation " xmi:id="ae79e48a-c9cf-4c16-acb9-c73a33414af3" type="Map" measurementUnit="Pixel">
  <children xmi:type="notation:Node" xmi:id="f8cfeb4f-b060-40ae-84e1-0191a7f764ef" type="2005">
    <styles xmi:type="notation:DescriptionStyle" xmi:id="668c7185-112d-4cc1-92ec-d5ba90870497"/>
    <styles xmi:type="notation:FontStyle" xmi:id="f025ec33-262e-4e48-8b98-0abe16f22448" fontName="Segoe UI"/>
    <styles xmi:type="notation:FillStyle" xmi:id="d2edc971-8d7c-4daf-b707-e5a5d13f6cba"/>
    <element xmi:type="map:Join" href="resource.map#_8z9LBpAyEe6u8_TKo8ZMQA?fileId=_8z9KwJAyEe6u8_TKo8ZMQA$type=map?"/>
    <layoutConstraint xmi:type="notation:Bounds" xmi:id="b918aa17-a033-415f-a2d0-7f318fab676d" x="265" y="240"/>
  </children>
  <children xmi:type="notation:Node" xmi:id="2b924a15-7017-4f00-ac70-67832d1ce4dc" type="2005">
    <styles xmi:type="notation:DescriptionStyle" xmi:id="9aba856b-6143-4f02-b05a-8fe573d14734"/>
    <styles xmi:type="notation:FontStyle" xmi:id="eb443fe9-fb04-44a3-b461-2a10894c6065" fontName="Segoe UI"/>
    <styles xmi:type="notation:FillStyle" xmi:id="8df61505-529c-48a7-9d13-7fc590ab3e28"/>
    <element xmi:type="map:Join" href="resource.map#_8z9LBZAyEe6u8_TKo8ZMQA?fileId=_8z9KwJAyEe6u8_TKo8ZMQA$type=map?"/>
    <layoutConstraint xmi:type="notation:Bounds" xmi:id="620867d6-1732-4e59-aed1-1100b25328d4" x="265" y="183"/>
  </children>
  <children xmi:type="notation:Node" xmi:id="c087ccb5-743b-4f99-8dc9-de7e0685c7f8" type="2005">
    <styles xmi:type="notation:DescriptionStyle" xmi:id="378e4153-a6c0-4fc5-890a-841df77802ea"/>
    <styles xmi:type="notation:FontStyle" xmi:id="035df9b9-75a4-45e1-bd4b-5f69dc3fdf4e" fontName="Segoe UI"/>
    <styles xmi:type="notation:FillStyle" xmi:id="53f9d2c2-da6d-426b-9b68-3081427f6277"/>
    <element xmi:type="map:Join" href="resource.map#_8z9LBJAyEe6u8_TKo8ZMQA?fileId=_8z9KwJAyEe6u8_TKo8ZMQA$type=map?"/>
    <layoutConstraint xmi:type="notation:Bounds" xmi:id="378b2160-86f4-4f21-980a-aabb48c7c3aa" x="265" y="126"/>
  </children>
  <children xmi:type="notation:Shape" xmi:id="0097cb4e-0da1-4bf3-94d5-741ee3d81299" type="2004" fontName="Segoe UI">
    <children xmi:type="notation:DecorationNode" xmi:id="45759ab4-60db-4190-afeb-ed59c5fc64c2" type="5005"/>
    <children xmi:type="notation:DecorationNode" xmi:id="a106a9a7-7704-40ff-bdcb-fdefbdee6504" type="5007"/>
    <children xmi:type="notation:DecorationNode" xmi:id="1efe1838-07dd-4f80-ada6-3dceafaece22" type="7003"/>
    <children xmi:type="notation:DecorationNode" xmi:id="a4421c1e-cfce-418e-8de7-b4143d7c1a20" type="7009"/>
    <children xmi:type="notation:BasicCompartment" xmi:id="18a0d2b4-6d9d-430b-93b9-e7af44a19fa9" type="7004">
      <styles xmi:type="notation:SortingStyle" xmi:id="8bfb7d85-bfaf-4b45-a045-5c0f0cf0c143"/>
      <styles xmi:type="notation:FilteringStyle" xmi:id="451ab5ae-59a0-4eaa-9093-333d66ced56c"/>
    </children>
    <children xmi:type="notation:DecorationNode" xmi:id="b680313d-70af-4b0e-9ded-2de41517d06c" type="5009">
      <styles xmi:type="notation:DrawerStyle" xmi:id="fd319361-4f92-41a3-93b2-316040e1c17b"/>
    </children>
    <children xmi:type="notation:DecorationNode" xmi:id="95e2ed95-ad92-48b8-8dca-4ca34b1c6917" type="7005">
      <styles xmi:type="notation:SortingStyle" xmi:id="b1bd8c40-190f-4051-80a9-daf53ccfe8fa"/>
      <styles xmi:type="notation:FilteringStyle" xmi:id="58fae625-b970-47c2-a08f-8f0cac76cc53"/>
    </children>
    <children xmi:type="notation:BasicCompartment" xmi:id="d976108b-37ee-44dc-8195-bbfbf380223b" type="7007"/>
    <element xmi:type="map:Datastore" href="resource.map#_8z9K-5AyEe6u8_TKo8ZMQA?fileId=_8z9KwJAyEe6u8_TKo8ZMQA$type=map?"/>
    <layoutConstraint xmi:type="notation:Bounds" xmi:id="d6d9697a-1ff2-43b1-8b90-ec561f6cf8d0" x="32" y="57"/>
  </children>
  <children xmi:type="notation:Shape" xmi:id="168b67c4-dc5c-4900-be64-bf1cb84452c7" type="2004" fontName="Segoe UI">
    <children xmi:type="notation:DecorationNode" xmi:id="b218889b-5382-4060-b06d-44832b38e847" type="5005"/>
    <children xmi:type="notation:DecorationNode" xmi:id="e005caa9-da6e-44ec-b480-03ccae86de8a" type="5007"/>
    <children xmi:type="notation:DecorationNode" xmi:id="636510a8-494e-46b0-a101-02b09de7f2be" type="7003"/>
    <children xmi:type="notation:DecorationNode" xmi:id="24ae688d-cd18-49fa-b89d-fa85689738c4" type="7009"/>
    <children xmi:type="notation:BasicCompartment" xmi:id="c2d233c2-bf58-44c4-b47d-eb2dc7a972cd" type="7004">
      <styles xmi:type="notation:SortingStyle" xmi:id="a9597cfa-481e-4770-a311-38498dd4bf9a"/>
      <styles xmi:type="notation:FilteringStyle" xmi:id="1d610932-5b78-4d7a-8de9-eb24cf77a671"/>
    </children>
    <children xmi:type="notation:DecorationNode" xmi:id="ad58bc36-6bc4-4868-bb57-4272c95c6be7" type="5009">
      <styles xmi:type="notation:DrawerStyle" xmi:id="5c7c9fb4-a7b9-44e0-9fed-b13e10347e01"/>
    </children>
    <children xmi:type="notation:DecorationNode" xmi:id="70954897-617c-45aa-960b-a4c2f11d80d4" type="7005">
      <styles xmi:type="notation:SortingStyle" xmi:id="80fc4e4f-64a8-49d8-8762-4069e010970d"/>
      <styles xmi:type="notation:FilteringStyle" xmi:id="13f0f8a9-d012-4003-aac6-93d76b9f802d"/>
    </children>
    <children xmi:type="notation:BasicCompartment" xmi:id="6de940d2-65fc-4f6b-86fa-69ae72c02d20" type="7007"/>
    <element xmi:type="map:Datastore" href="resource.map#_8z9K_pAyEe6u8_TKo8ZMQA?fileId=_8z9KwJAyEe6u8_TKo8ZMQA$type=map?"/>
    <layoutConstraint xmi:type="notation:Bounds" xmi:id="d65b4865-2599-48b7-b8c8-8ec28fcedc73" x="32" y="160"/>
  </children>
  <children xmi:type="notation:Shape" xmi:id="82e70b81-d77c-47b4-a716-180354ff7ca5" type="2004" fontName="Segoe UI">
    <children xmi:type="notation:DecorationNode" xmi:id="60c57eab-09d7-4415-bf17-1327f06d0bcd" type="5005"/>
    <children xmi:type="notation:DecorationNode" xmi:id="aa44d61a-793b-4eec-ad72-eb7941bcb334" type="5007"/>
    <children xmi:type="notation:DecorationNode" xmi:id="06ca93c4-ec64-449c-a66e-9e1a68d11d09" type="7003"/>
    <children xmi:type="notation:DecorationNode" xmi:id="2c038f7b-0520-4063-a923-e90408a1f097" type="7009"/>
    <children xmi:type="notation:BasicCompartment" xmi:id="6f44bc2d-0932-4be6-9bf0-b89a3a556af9" type="7004">
      <styles xmi:type="notation:SortingStyle" xmi:id="69947c94-569b-4ef9-a89d-43a9b8fb7a91"/>
      <styles xmi:type="notation:FilteringStyle" xmi:id="eb5c3b7f-520c-4b83-aca2-c39b9d8d78a8"/>
    </children>
    <children xmi:type="notation:DecorationNode" xmi:id="0febecbb-cde6-4164-ad7f-ecaa18e67eba" type="5009">
      <styles xmi:type="notation:DrawerStyle" xmi:id="8d95060c-5034-4cdb-8b59-3aca97f6a502"/>
    </children>
    <children xmi:type="notation:DecorationNode" xmi:id="6bf20180-d0ac-4f28-a485-1bfadc01bbbd" type="7005">
      <styles xmi:type="notation:SortingStyle" xmi:id="b2300824-6a54-47c3-b2e3-f7e97b4f5665"/>
      <styles xmi:type="notation:FilteringStyle" xmi:id="5805df4e-1dde-4298-98f8-68993c5ab880"/>
    </children>
    <children xmi:type="notation:BasicCompartment" xmi:id="ce06fd68-0a32-44e0-a576-cedbd0c77e7e" type="7007"/>
    <element xmi:type="map:Datastore" href="resource.map#_8z9LAZAyEe6u8_TKo8ZMQA?fileId=_8z9KwJAyEe6u8_TKo8ZMQA$type=map?"/>
    <layoutConstraint xmi:type="notation:Bounds" xmi:id="2937d79c-a3e9-4eec-9822-956d90871716" x="32" y="263"/>
  </children>
  <children xmi:type="notation:Shape" xmi:id="a885429c-e9d6-4ef0-b5d4-260176bc61f5" type="2004" fontName="Segoe UI">
    <children xmi:type="notation:DecorationNode" xmi:id="770f3a3a-e1f8-47cf-b641-2351c91eaa95" type="5005"/>
    <children xmi:type="notation:DecorationNode" xmi:id="64c5e9aa-3d8a-432f-9e65-3e848eb83b73" type="5007"/>
    <children xmi:type="notation:DecorationNode" xmi:id="f58a059b-2ccb-474c-8f24-14e0d4e51970" type="7003"/>
    <children xmi:type="notation:DecorationNode" xmi:id="0e5efc96-5f9e-4ecf-b680-32ab98c9f9aa" type="7009"/>
    <children xmi:type="notation:BasicCompartment" xmi:id="0536e487-88a1-448c-a993-042af20dd18b" type="7004">
      <styles xmi:type="notation:SortingStyle" xmi:id="3343bad2-101a-4d81-a94d-c4a1328484f1"/>
      <styles xmi:type="notation:FilteringStyle" xmi:id="a9844865-f5b5-4e14-892f-8736988da72e"/>
    </children>
    <children xmi:type="notation:DecorationNode" xmi:id="a73b6189-d17a-40d6-af03-2673cb1d0476" type="5009">
      <styles xmi:type="notation:DrawerStyle" xmi:id="655c64bb-1184-4243-90f8-d112dee754ca"/>
    </children>
    <children xmi:type="notation:DecorationNode" xmi:id="7ff9d77c-3e82-4cf8-8956-8d030874b0df" type="7005">
      <styles xmi:type="notation:SortingStyle" xmi:id="40a5a701-b884-4f85-8330-80e4aa52374d"/>
      <styles xmi:type="notation:FilteringStyle" xmi:id="2a6cfddf-c948-4841-a360-73b511e5ade1"/>
    </children>
    <children xmi:type="notation:BasicCompartment" xmi:id="726e9caf-f11e-49ee-a660-fb8be72b5c4f" type="7007"/>
    <element xmi:type="map:Datastore" href="resource.map#_8z9KwZAyEe6u8_TKo8ZMQA?fileId=_8z9KwJAyEe6u8_TKo8ZMQA$type=map?"/>
    <layoutConstraint xmi:type="notation:Bounds" xmi:id="0cb71113-c61d-46d2-8a90-6a3b10659efd" x="331" y="64"/>
  </children>
  <children xmi:type="notation:Shape" xmi:id="2973f2f7-d0ca-4309-a6b8-1c8da6ac6984" type="2004" fontName="Segoe UI">
    <children xmi:type="notation:DecorationNode" xmi:id="4d1b9869-a6ef-4e52-b116-f438de46e9e4" type="5005"/>
    <children xmi:type="notation:DecorationNode" xmi:id="ff09809e-019a-46bb-8619-42cde0c02566" type="5007"/>
    <children xmi:type="notation:DecorationNode" xmi:id="0c12dcdf-c4c3-4cdb-bef1-bb8e7cbff247" type="7003"/>
    <children xmi:type="notation:DecorationNode" xmi:id="1ae6cf2f-263f-43dd-93c3-87752a810c60" type="7009"/>
    <children xmi:type="notation:BasicCompartment" xmi:id="fd560bc6-8677-4fdc-9c1e-f8a436f2537f" type="7004">
      <styles xmi:type="notation:SortingStyle" xmi:id="5d751e67-8b89-4a29-be41-0ed50f2287d3"/>
      <styles xmi:type="notation:FilteringStyle" xmi:id="f8c6f86d-e345-4c41-bf9b-290fcbe97903"/>
    </children>
    <children xmi:type="notation:DecorationNode" xmi:id="15af0516-0a62-40d4-90f0-1b8d4ae4c417" type="5009">
      <styles xmi:type="notation:DrawerStyle" xmi:id="1c5e5fd4-d3f9-4136-b1e7-c8fb724c6844"/>
    </children>
    <children xmi:type="notation:DecorationNode" xmi:id="3aa81e0b-5f20-41f3-897e-7507058737d7" type="7005">
      <styles xmi:type="notation:SortingStyle" xmi:id="36ce9aa0-0e3c-488d-8276-cacc49052155"/>
      <styles xmi:type="notation:FilteringStyle" xmi:id="2dc52916-95b2-4d3b-a0f9-07b198af6b09"/>
    </children>
    <children xmi:type="notation:BasicCompartment" xmi:id="95920c9b-33d6-48d1-94ec-6ae43c6675c6" type="7007"/>
    <element xmi:type="map:Datastore" href="resource.map#_8z9K1JAyEe6u8_TKo8ZMQA?fileId=_8z9KwJAyEe6u8_TKo8ZMQA$type=map?"/>
    <layoutConstraint xmi:type="notation:Bounds" xmi:id="45f66baf-3243-48d1-8c96-9cdb0652ea71" x="908" y="32"/>
  </children>
  <children xmi:type="notation:Shape" xmi:id="_2ssp4JA4Ee6u8_TKo8ZMQA" type="2004" fontName="Segoe UI">
    <children xmi:type="notation:DecorationNode" xmi:id="_2ssp4pA4Ee6u8_TKo8ZMQA" type="5005"/>
    <children xmi:type="notation:DecorationNode" xmi:id="_2ssp45A4Ee6u8_TKo8ZMQA" type="5007"/>
    <children xmi:type="notation:DecorationNode" xmi:id="_2ssp5JA4Ee6u8_TKo8ZMQA" type="7003"/>
    <children xmi:type="notation:DecorationNode" xmi:id="_2ssp5ZA4Ee6u8_TKo8ZMQA" type="7009"/>
    <children xmi:type="notation:BasicCompartment" xmi:id="_2ssp5pA4Ee6u8_TKo8ZMQA" type="7004">
      <styles xmi:type="notation:SortingStyle" xmi:id="_2ssp55A4Ee6u8_TKo8ZMQA"/>
      <styles xmi:type="notation:FilteringStyle" xmi:id="_2ssp6JA4Ee6u8_TKo8ZMQA"/>
    </children>
    <children xmi:type="notation:DecorationNode" xmi:id="_2ssp6ZA4Ee6u8_TKo8ZMQA" type="5009">
      <styles xmi:type="notation:DrawerStyle" xmi:id="_2ssp6pA4Ee6u8_TKo8ZMQA"/>
    </children>
    <children xmi:type="notation:DecorationNode" xmi:id="_2ssp65A4Ee6u8_TKo8ZMQA" type="7005">
      <styles xmi:type="notation:SortingStyle" xmi:id="_2ssp7JA4Ee6u8_TKo8ZMQA"/>
      <styles xmi:type="notation:FilteringStyle" xmi:id="_2ssp7ZA4Ee6u8_TKo8ZMQA"/>
    </children>
    <children xmi:type="notation:BasicCompartment" xmi:id="_2ssp7pA4Ee6u8_TKo8ZMQA" type="7007"/>
    <element xmi:type="map:Datastore" href="resource.map#_2sbkIJA4Ee6u8_TKo8ZMQA?fileId=_8z9KwJAyEe6u8_TKo8ZMQA$type=map?"/>
    <layoutConstraint xmi:type="notation:Bounds" xmi:id="_2ssp4ZA4Ee6u8_TKo8ZMQA" x="630" y="88"/>
  </children>
  <children xmi:type="notation:Node" xmi:id="_4DKtkJA4Ee6u8_TKo8ZMQA" type="2005">
    <styles xmi:type="notation:DescriptionStyle" xmi:id="_4DKtkZA4Ee6u8_TKo8ZMQA"/>
    <styles xmi:type="notation:FontStyle" xmi:id="_4DKtkpA4Ee6u8_TKo8ZMQA" fontName="Segoe UI"/>
    <styles xmi:type="notation:FillStyle" xmi:id="_4DKtk5A4Ee6u8_TKo8ZMQA"/>
    <element xmi:type="map:Join" href="resource.map#_4Cy6IJA4Ee6u8_TKo8ZMQA?fileId=_8z9KwJAyEe6u8_TKo8ZMQA$type=map?"/>
    <layoutConstraint xmi:type="notation:Bounds" xmi:id="_4DKtlJA4Ee6u8_TKo8ZMQA" x="564" y="183"/>
  </children>
  <styles xmi:type="notation:DiagramStyle" xmi:id="7d2ca1a7-9970-4d79-b40a-8c3df1e419d6"/>
  <element xmi:type="map:Map" href="resource.map#_8z9KwJAyEe6u8_TKo8ZMQA?fileId=_8z9KwJAyEe6u8_TKo8ZMQA$type=map$name=ALIM_DWH_CLIENT?"/>
  <edges xmi:type="notation:Edge" xmi:id="67740ff7-d340-4f71-a2a4-8585fe8f4b97" type="targetLink" source="2973f2f7-d0ca-4309-a6b8-1c8da6ac6984" target="a885429c-e9d6-4ef0-b5d4-260176bc61f5">
    <element xsi:nil="true"/>
    <bendpoints xmi:type="notation:RelativeBendpoints" xmi:id="5e150da9-277f-4d5b-8478-6fead54747ba" points="[0, 0, 154, 0]$[-154, 0, 0, 0]"/>
  </edges>
  <edges xmi:type="notation:Edge" xmi:id="f7efd678-0970-4794-8b64-6479606231b9" type="targetDataSetLink" source="2973f2f7-d0ca-4309-a6b8-1c8da6ac6984" target="2973f2f7-d0ca-4309-a6b8-1c8da6ac6984">
    <element xmi:type="map:DataSet" href="resource.map#_8z9LCJAyEe6u8_TKo8ZMQA?fileId=_8z9KwJAyEe6u8_TKo8ZMQA$type=map?"/>
    <bendpoints xmi:type="notation:RelativeBendpoints" xmi:id="44b725aa-fe2a-4221-9a66-60c342e661e7" points="[0, 0, 0, 0]$[0, 0, 0, 0]"/>
  </edges>
  <edges xmi:type="notation:Edge" xmi:id="1de2776d-95a3-404f-8fce-ee6f36aaf490" type="targetSetLink" source="2973f2f7-d0ca-4309-a6b8-1c8da6ac6984" target="2973f2f7-d0ca-4309-a6b8-1c8da6ac6984">
    <element xmi:type="map:SetDescriptor" href="resource.map#_8z9K-pAyEe6u8_TKo8ZMQA?fileId=_8z9KwJAyEe6u8_TKo8ZMQA$type=map?"/>
    <bendpoints xmi:type="notation:RelativeBendpoints" xmi:id="1f648cb3-fc97-4a1f-bd27-7ef9b0e384e1" points="[0, 0, 0, 0]$[0, 0, 0, 0]"/>
  </edges>
  <edges xmi:type="notation:Edge" xmi:id="07a0cf7a-0596-4dc4-840b-5f262a0c7941" type="joinLink" source="c087ccb5-743b-4f99-8dc9-de7e0685c7f8" target="a885429c-e9d6-4ef0-b5d4-260176bc61f5">
    <element xsi:nil="true"/>
    <bendpoints xmi:type="notation:RelativeBendpoints" xmi:id="6bbe7f06-340e-4e64-861b-90fead14c70e" points="[17, 0, 89, -85]$[77, 0, 149, -85]"/>
  </edges>
  <edges xmi:type="notation:Edge" xmi:id="bdf2a29d-e15e-47a6-9ffd-f2fb0cbfc1fd" type="joinLink" source="c087ccb5-743b-4f99-8dc9-de7e0685c7f8" target="0097cb4e-0da1-4bf3-94d5-741ee3d81299">
    <element xsi:nil="true"/>
    <bendpoints xmi:type="notation:RelativeBendpoints" xmi:id="720f27ec-1992-4900-9737-048dfb8a1275" points="[17, 0, 409, 18]$[77, 0, 469, 18]"/>
  </edges>
  <edges xmi:type="notation:Edge" xmi:id="3573e180-0167-4a42-9559-f3f71ac7c8c5" type="targetLink" source="2973f2f7-d0ca-4309-a6b8-1c8da6ac6984" target="168b67c4-dc5c-4900-be64-bf1cb84452c7">
    <element xsi:nil="true"/>
    <bendpoints xmi:type="notation:RelativeBendpoints" xmi:id="0ad4145d-cc2c-42cb-8661-58da216d3ba6" points="[0, 0, 154, 0]$[-154, 0, 0, 0]"/>
  </edges>
  <edges xmi:type="notation:Edge" xmi:id="efba8668-6bd8-4e3e-abd1-db3588043527" type="joinLink" source="2b924a15-7017-4f00-ac70-67832d1ce4dc" target="a885429c-e9d6-4ef0-b5d4-260176bc61f5">
    <element xsi:nil="true"/>
    <bendpoints xmi:type="notation:RelativeBendpoints" xmi:id="8abeac19-ca37-4e98-a318-97a8bf7020bd" points="[17, 0, 89, 0]$[77, 0, 149, 0]"/>
  </edges>
  <edges xmi:type="notation:Edge" xmi:id="3c5ec7ad-1d12-47a2-8fcc-965cda95104d" type="joinLink" source="2b924a15-7017-4f00-ac70-67832d1ce4dc" target="168b67c4-dc5c-4900-be64-bf1cb84452c7">
    <element xsi:nil="true"/>
    <bendpoints xmi:type="notation:RelativeBendpoints" xmi:id="34867ab5-b639-4676-8131-41be647fdde0" points="[17, 0, 388, 0]$[77, 0, 448, 0]"/>
  </edges>
  <edges xmi:type="notation:Edge" xmi:id="eefef443-3ee0-4ba5-8a36-6088c8959067" type="targetLink" source="2973f2f7-d0ca-4309-a6b8-1c8da6ac6984" target="82e70b81-d77c-47b4-a716-180354ff7ca5">
    <element xsi:nil="true"/>
    <bendpoints xmi:type="notation:RelativeBendpoints" xmi:id="0aa28177-2d46-4c6c-b630-035151bf2825" points="[0, 0, 170, -168]$[-170, 168, 0, 0]"/>
  </edges>
  <edges xmi:type="notation:Edge" xmi:id="7605f120-6867-47c9-a02d-fc8b90ce15e3" type="joinLink" source="f8cfeb4f-b060-40ae-84e1-0191a7f764ef" target="a885429c-e9d6-4ef0-b5d4-260176bc61f5">
    <element xsi:nil="true"/>
    <bendpoints xmi:type="notation:RelativeBendpoints" xmi:id="aab8a206-15f9-47ec-815c-86d79432d1d5" points="[17, 0, 89, 116]$[77, 0, 149, 116]"/>
  </edges>
  <edges xmi:type="notation:Edge" xmi:id="d02775b8-dd41-4962-94f3-8726aa0f69c5" type="joinLink" source="f8cfeb4f-b060-40ae-84e1-0191a7f764ef" target="82e70b81-d77c-47b4-a716-180354ff7ca5">
    <element xsi:nil="true"/>
    <bendpoints xmi:type="notation:RelativeBendpoints" xmi:id="96b2329d-c50e-4c4f-bbd6-5f05f6c9418a" points="[17, 0, 396, 13]$[77, 0, 456, 13]"/>
  </edges>
  <edges xmi:type="notation:Edge" xmi:id="_4DL7sJA4Ee6u8_TKo8ZMQA" type="joinLink" source="_4DKtkJA4Ee6u8_TKo8ZMQA" target="_2ssp4JA4Ee6u8_TKo8ZMQA">
    <element xsi:nil="true"/>
    <bendpoints xmi:type="notation:RelativeBendpoints" xmi:id="_4DL7sZA4Ee6u8_TKo8ZMQA" points="[-1, -1, -465, -483]$[360, 375, -104, -107]"/>
  </edges>
  <edges xmi:type="notation:Edge" xmi:id="_4DL7spA4Ee6u8_TKo8ZMQA" type="joinLink" source="_4DKtkJA4Ee6u8_TKo8ZMQA" target="a885429c-e9d6-4ef0-b5d4-260176bc61f5">
    <element xsi:nil="true"/>
    <bendpoints xmi:type="notation:RelativeBendpoints" xmi:id="_4DL7s5A4Ee6u8_TKo8ZMQA" points="[-1, -1, -432, -196]$[331, 149, -100, -46]"/>
  </edges>
  <edges xmi:type="notation:Edge" xmi:id="_9iv7sJA4Ee6u8_TKo8ZMQA" type="targetLink" source="2973f2f7-d0ca-4309-a6b8-1c8da6ac6984" target="_2ssp4JA4Ee6u8_TKo8ZMQA">
    <element xsi:nil="true"/>
    <bendpoints xmi:type="notation:RelativeBendpoints" xmi:id="_9iv7sZA4Ee6u8_TKo8ZMQA" points="[-300, 0, 163, 0]$[-348, 0, 115, 0]"/>
  </edges>
  <edges xmi:type="notation:Edge" xmi:id="_ekL8UJA5Ee6u8_TKo8ZMQA" type="targetLink" source="2973f2f7-d0ca-4309-a6b8-1c8da6ac6984" target="0097cb4e-0da1-4bf3-94d5-741ee3d81299">
    <element xsi:nil="true"/>
    <bendpoints xmi:type="notation:RelativeBendpoints" xmi:id="_ekL8UZA5Ee6u8_TKo8ZMQA" points="[-300, -28, 797, 75]$[-1018, -96, 79, 7]"/>
  </edges>
</notation:Diagram>
]]></diagram>
</map:map>