<?xml version="1.0" encoding="UTF-8"?>
<map:map xmlns:map="http://www.indy.com/v2/map" id="_80AOEJAyEe6u8_TKo8ZMQA" internalVersion="8" tech="resource.tech#_waYSMH8VEd2__Mzb_dB76A?fileId=_waYSMH8VEd2__Mzb_dB76A$type=tech$name=flow?">
  <datastore id="_80AOEZAyEe6u8_TKo8ZMQA" alias="SAS_TELEPHONE" dataset="_80AOPZAyEe6u8_TKo8ZMQA" ref="resource.md#_He_f8H-yEe6IE6AcCtnNjw?fileId=_TkY50HozEe6i1bEIfNaCgQ$type=md$name=SAS_TELEPHONE?">
    <field id="_80AOEpAyEe6u8_TKo8ZMQA" fullAlias="STATUS" name="STATUS" ref="resource.md#_Hip38H-yEe6IE6AcCtnNjw?fileId=_TkY50HozEe6i1bEIfNaCgQ$type=md$name=STATUS?"/>
    <field id="_80AOE5AyEe6u8_TKo8ZMQA" fullAlias="CLE_CLIENT" name="CLE_CLIENT" ref="resource.md#_Hiop0H-yEe6IE6AcCtnNjw?fileId=_TkY50HozEe6i1bEIfNaCgQ$type=md$name=CLE_CLIENT?" updateKey="true"/>
    <field id="_80AOFJAyEe6u8_TKo8ZMQA" fullAlias="DATE_CREATION" name="DATE_CREATION" ref="resource.md#_HisUMH-yEe6IE6AcCtnNjw?fileId=_TkY50HozEe6i1bEIfNaCgQ$type=md$name=DATE_CREATION?"/>
    <field id="_80AOFZAyEe6u8_TKo8ZMQA" name="TYPE_LIGNE" ref="resource.md#_Him0oH-yEe6IE6AcCtnNjw?fileId=_TkY50HozEe6i1bEIfNaCgQ$type=md$name=TYPE_LIGNE?"/>
    <field id="_80AOFpAyEe6u8_TKo8ZMQA" fullAlias="PHONE" name="PHONE" ref="resource.md#_HipQ4H-yEe6IE6AcCtnNjw?fileId=_TkY50HozEe6i1bEIfNaCgQ$type=md$name=PHONE?"/>
    <field id="_80AOF5AyEe6u8_TKo8ZMQA" fullAlias="ID_FICHIER" name="ID_FICHIER" ref="resource.md#_His7QH-yEe6IE6AcCtnNjw?fileId=_TkY50HozEe6i1bEIfNaCgQ$type=md$name=ID_FICHIER?"/>
    <field id="_80AOGJAyEe6u8_TKo8ZMQA" fullAlias="FAVORI" name="FAVORI" ref="resource.md#_HirGEH-yEe6IE6AcCtnNjw?fileId=_TkY50HozEe6i1bEIfNaCgQ$type=md$name=FAVORI?"/>
    <field id="_80AOGZAyEe6u8_TKo8ZMQA" name="ACTION" ref="resource.md#_HioCwH-yEe6IE6AcCtnNjw?fileId=_TkY50HozEe6i1bEIfNaCgQ$type=md$name=ACTION?"/>
    <field id="_80AOGpAyEe6u8_TKo8ZMQA" fullAlias="TYPE" name="TYPE" ref="resource.md#_HirtIH-yEe6IE6AcCtnNjw?fileId=_TkY50HozEe6i1bEIfNaCgQ$type=md$name=TYPE?" updateKey="true"/>
    <constraint id="_80AOG5AyEe6u8_TKo8ZMQA" name="CTRL_PHONE" ref="resource.md#_RHlGKoq7Ee6UQ4O0GYlsJg?fileId=_TkY50HozEe6i1bEIfNaCgQ$type=md$name=CTRL_PHONE?" reject="true"/>
    <constraint id="_80AOHJAyEe6u8_TKo8ZMQA" name="CTRL_STATUS" ref="resource.md#_RHlGL4q7Ee6UQ4O0GYlsJg?fileId=_TkY50HozEe6i1bEIfNaCgQ$type=md$name=CTRL_STATUS?" reject="true"/>
    <constraint id="_80AOHZAyEe6u8_TKo8ZMQA" name="CTRL_FK_CLIENT" ref="resource.md#_RHlGJYq7Ee6UQ4O0GYlsJg?fileId=_TkY50HozEe6i1bEIfNaCgQ$type=md$name=CTRL_FK_CLIENT?" reject="true"/>
    <constraint id="_80AOHpAyEe6u8_TKo8ZMQA" name="CTRL_TYPE" ref="resource.md#_RHlGNIq7Ee6UQ4O0GYlsJg?fileId=_TkY50HozEe6i1bEIfNaCgQ$type=md$name=CTRL_TYPE?" reject="true"/>
    <constraint id="_80AOH5AyEe6u8_TKo8ZMQA" name="SAS_TELEPHONE_PK" ref="resource.md#_-0SgAH-5Ee6IE6AcCtnNjw?fileId=_TkY50HozEe6i1bEIfNaCgQ$type=md$name=SAS_TELEPHONE_PK?" reject="true"/>
    <constraint id="_80AOIJAyEe6u8_TKo8ZMQA" name="CTRL_FAVORI" ref="resource.md#_RHlGIIq7Ee6UQ4O0GYlsJg?fileId=_TkY50HozEe6i1bEIfNaCgQ$type=md$name=CTRL_FAVORI?" reject="true"/>
  </datastore>
  <datastore id="_80AOIZAyEe6u8_TKo8ZMQA" alias="DWH_TELEPHONE" dataset="_80AOPpAyEe6u8_TKo8ZMQA" ref="resource.md#_Qq5IcX-qEe6IE6AcCtnNjw?fileId=_TkY50HozEe6i1bEIfNaCgQ$type=md$name=DWH_TELEPHONE?" subExpression="[A]">
    <field id="_80AOIpAyEe6u8_TKo8ZMQA" enable="true" insert="true" name="DERNIERE_DATE_MAJ_TEL" ref="resource.md#_QwQJkH-qEe6IE6AcCtnNjw?fileId=_TkY50HozEe6i1bEIfNaCgQ$type=md$name=DERNIERE_DATE_MAJ_TEL?" update="true">
      <expression id="_80AOI5AyEe6u8_TKo8ZMQA" setDescriptorRef="_80AON5AyEe6u8_TKo8ZMQA">
        <expression>sysdate</expression>
      </expression>
    </field>
    <field id="_80AOJJAyEe6u8_TKo8ZMQA" enable="true" insert="true" name="SID_CLI" ref="resource.md#_QwJb4H-qEe6IE6AcCtnNjw?fileId=_TkY50HozEe6i1bEIfNaCgQ$type=md$name=SID_CLI?" update="true" updateKey="true">
      <expression id="_80AOJZAyEe6u8_TKo8ZMQA" setDescriptorRef="_80AON5AyEe6u8_TKo8ZMQA">
        <expression>DWH_CLIENT.SID_CLI</expression>
      </expression>
    </field>
    <field id="_80AOJpAyEe6u8_TKo8ZMQA" enable="true" insert="true" name="TYPE_TEL" ref="resource.md#_QwKqAH-qEe6IE6AcCtnNjw?fileId=_TkY50HozEe6i1bEIfNaCgQ$type=md$name=TYPE_TEL?" update="true" updateKey="true">
      <expression id="_80AOJ5AyEe6u8_TKo8ZMQA" setDescriptorRef="_80AON5AyEe6u8_TKo8ZMQA">
        <expression>CAST(SUBSTR(SAS_TELEPHONE.TYPE,1,LENGTH(SAS_TELEPHONE.TYPE)-1) as number(5))</expression>
      </expression>
    </field>
    <field id="_80AOKJAyEe6u8_TKo8ZMQA" enable="true" insert="true" name="NUM_TEL" ref="resource.md#_QwLREH-qEe6IE6AcCtnNjw?fileId=_TkY50HozEe6i1bEIfNaCgQ$type=md$name=NUM_TEL?" update="true">
      <expression id="_80AOKZAyEe6u8_TKo8ZMQA" setDescriptorRef="_80AON5AyEe6u8_TKo8ZMQA">
        <expression>replace(SAS_TELEPHONE.PHONE,'.','')</expression>
      </expression>
    </field>
    <field id="_80AOKpAyEe6u8_TKo8ZMQA" enable="true" insert="true" name="ID_FICHIER" ref="resource.md#_QwPigH-qEe6IE6AcCtnNjw?fileId=_TkY50HozEe6i1bEIfNaCgQ$type=md$name=ID_FICHIER?" update="true">
      <expression id="_80AOK5AyEe6u8_TKo8ZMQA" setDescriptorRef="_80AON5AyEe6u8_TKo8ZMQA">
        <expression>CAST(SAS_TELEPHONE.ID_FICHIER as number(5))</expression>
      </expression>
    </field>
    <field id="_80AOLJAyEe6u8_TKo8ZMQA" enable="true" insert="true" name="LIB_TYPE_TEL" ref="resource.md#_RCsq0H-yEe6IE6AcCtnNjw?fileId=_TkY50HozEe6i1bEIfNaCgQ$type=md$name=LIB_TYPE_TEL?" update="true">
      <expression id="_80AOLZAyEe6u8_TKo8ZMQA" setDescriptorRef="_80AON5AyEe6u8_TKo8ZMQA">
        <expression>TRANSCO_TYPE_TEL.LIB_TEL</expression>
      </expression>
    </field>
    <field id="_80AOLpAyEe6u8_TKo8ZMQA" enable="true" insert="true" name="FAVORI_TEL" ref="resource.md#_QwMfMH-qEe6IE6AcCtnNjw?fileId=_TkY50HozEe6i1bEIfNaCgQ$type=md$name=FAVORI_TEL?" update="true">
      <expression id="_80AOL5AyEe6u8_TKo8ZMQA" setDescriptorRef="_80AON5AyEe6u8_TKo8ZMQA">
        <expression>CAST(SAS_TELEPHONE.FAVORI as number(5))</expression>
      </expression>
    </field>
    <field id="_80AOMJAyEe6u8_TKo8ZMQA" enable="true" insert="true" name="DATE_CREATION_TEL" ref="resource.md#_QwQJln-qEe6IE6AcCtnNjw?fileId=_TkY50HozEe6i1bEIfNaCgQ$type=md$name=DATE_CREATION_TEL?" update="true">
      <expression id="_80AOMZAyEe6u8_TKo8ZMQA" setDescriptorRef="_80AON5AyEe6u8_TKo8ZMQA">
        <expression>to_date(SAS_TELEPHONE.DATE_CREATION,'YYYY-MM-DD HH24:MI:SS')</expression>
      </expression>
    </field>
    <field id="_80AOMpAyEe6u8_TKo8ZMQA" enable="true" insert="true" name="STATUS_TEL" ref="resource.md#_QwL4IH-qEe6IE6AcCtnNjw?fileId=_TkY50HozEe6i1bEIfNaCgQ$type=md$name=STATUS_TEL?" update="true">
      <expression id="_80AOM5AyEe6u8_TKo8ZMQA" setDescriptorRef="_80AON5AyEe6u8_TKo8ZMQA">
        <expression>CAST(SAS_TELEPHONE.STATUS as number(5))</expression>
      </expression>
    </field>
    <field id="_80AONJAyEe6u8_TKo8ZMQA" enable="true" insert="true" name="RECORD_VERSION" ref="resource.md#_biidZoqgEe6Bpuf23-D2iA?fileId=_TkY50HozEe6i1bEIfNaCgQ$type=md$name=RECORD_VERSION?" update="true">
      <expression id="_80AONZAyEe6u8_TKo8ZMQA" setDescriptorRef="_80AON5AyEe6u8_TKo8ZMQA">
        <expression>cast('1' as NUMBER(1))</expression>
      </expression>
    </field>
    <constraint id="_80AONpAyEe6u8_TKo8ZMQA" name="DWH_TELEPHONE_PK" ref="resource.md#_QwTz8H-qEe6IE6AcCtnNjw?fileId=_TkY50HozEe6i1bEIfNaCgQ$type=md$name=DWH_TELEPHONE_PK?" reject="true"/>
    <setDescriptor id="_80AON5AyEe6u8_TKo8ZMQA" label="A"/>
  </datastore>
  <datastore id="_80AOOJAyEe6u8_TKo8ZMQA" alias="TRANSCO_TYPE_TEL" dataset="_80AOPZAyEe6u8_TKo8ZMQA" ref="resource.md#_bHJqcYq3Ee6iRfqSgb1Pvw?fileId=_TkY50HozEe6i1bEIfNaCgQ$type=md$name=TRANSCO_TYPE_TEL?">
    <field id="_80AOOZAyEe6u8_TKo8ZMQA" fullAlias="LIB_TEL" name="LIB_TEL" ref="resource.md#_bKhHgIq3Ee6iRfqSgb1Pvw?fileId=_TkY50HozEe6i1bEIfNaCgQ$type=md$name=LIB_TEL?"/>
    <field id="_80AOOpAyEe6u8_TKo8ZMQA" fullAlias="TYPE_TEL" name="TYPE_TEL" ref="resource.md#_bKggcIq3Ee6iRfqSgb1Pvw?fileId=_TkY50HozEe6i1bEIfNaCgQ$type=md$name=TYPE_TEL?"/>
  </datastore>
  <datastore id="_r35YYJW7Ee6cdJ4S6IgG4Q" alias="DWH_CLIENT" dataset="_80AOPZAyEe6u8_TKo8ZMQA" ref="resource.md#_QksZ0X-qEe6IE6AcCtnNjw?fileId=_TkY50HozEe6i1bEIfNaCgQ$type=md$name=DWH_CLIENT?">
    <field id="_r35_gpW7Ee6cdJ4S6IgG4Q" name="RECORD_VERSION" ref="resource.md#_bc8yxoqgEe6Bpuf23-D2iA?fileId=_TkY50HozEe6i1bEIfNaCgQ$type=md$name=RECORD_VERSION?"/>
    <field id="_r35_gJW7Ee6cdJ4S6IgG4Q" name="DERNIERE_DATE_MAJ_CLI" ref="resource.md#_Qqzo5n-qEe6IE6AcCtnNjw?fileId=_TkY50HozEe6i1bEIfNaCgQ$type=md$name=DERNIERE_DATE_MAJ_CLI?"/>
    <field id="_r35_dJW7Ee6cdJ4S6IgG4Q" name="STATUS_CLI" ref="resource.md#_QquwYH-qEe6IE6AcCtnNjw?fileId=_TkY50HozEe6i1bEIfNaCgQ$type=md$name=STATUS_CLI?"/>
    <field id="_r35_cZW7Ee6cdJ4S6IgG4Q" fullAlias="SID_CLI" name="SID_CLI" ref="resource.md#_Qqs7MH-qEe6IE6AcCtnNjw?fileId=_TkY50HozEe6i1bEIfNaCgQ$type=md$name=SID_CLI?" updateKey="true"/>
    <field id="_r35_fpW7Ee6cdJ4S6IgG4Q" name="LIB_CIVILITE_CLI" ref="resource.md#_QqzB1n-qEe6IE6AcCtnNjw?fileId=_TkY50HozEe6i1bEIfNaCgQ$type=md$name=LIB_CIVILITE_CLI?"/>
    <field id="_r35_dZW7Ee6cdJ4S6IgG4Q" name="TYPE_CLI" ref="resource.md#_QqvXcH-qEe6IE6AcCtnNjw?fileId=_TkY50HozEe6i1bEIfNaCgQ$type=md$name=TYPE_CLI?"/>
    <field id="_r35_fZW7Ee6cdJ4S6IgG4Q" name="LIB_TYPE_CLI" ref="resource.md#_QqzB0H-qEe6IE6AcCtnNjw?fileId=_TkY50HozEe6i1bEIfNaCgQ$type=md$name=LIB_TYPE_CLI?"/>
    <field id="_r35_d5W7Ee6cdJ4S6IgG4Q" name="PRENOM_CLI" ref="resource.md#_Qqv-gH-qEe6IE6AcCtnNjw?fileId=_TkY50HozEe6i1bEIfNaCgQ$type=md$name=PRENOM_CLI?"/>
    <field id="_r35_cpW7Ee6cdJ4S6IgG4Q" fullAlias="CLE_CLI" name="CLE_CLI" ref="resource.md#_QquJUH-qEe6IE6AcCtnNjw?fileId=_TkY50HozEe6i1bEIfNaCgQ$type=md$name=CLE_CLI?"/>
    <field id="_r35_gZW7Ee6cdJ4S6IgG4Q" name="DATE_CREATION_CLI" ref="resource.md#_Qqzo7H-qEe6IE6AcCtnNjw?fileId=_TkY50HozEe6i1bEIfNaCgQ$type=md$name=DATE_CREATION_CLI?"/>
    <field id="_r35_epW7Ee6cdJ4S6IgG4Q" name="SEXE_CLI" ref="resource.md#_QqxMpn-qEe6IE6AcCtnNjw?fileId=_TkY50HozEe6i1bEIfNaCgQ$type=md$name=SEXE_CLI?"/>
    <field id="_r35_e5W7Ee6cdJ4S6IgG4Q" name="MUTUELLE_CLI" ref="resource.md#_QqxzsH-qEe6IE6AcCtnNjw?fileId=_TkY50HozEe6i1bEIfNaCgQ$type=md$name=MUTUELLE_CLI?"/>
    <field id="_r35_f5W7Ee6cdJ4S6IgG4Q" name="ID_FICHIER" ref="resource.md#_Qqzo4H-qEe6IE6AcCtnNjw?fileId=_TkY50HozEe6i1bEIfNaCgQ$type=md$name=ID_FICHIER?"/>
    <field id="_r35_eJW7Ee6cdJ4S6IgG4Q" name="NOM_CLI" ref="resource.md#_QqwlkH-qEe6IE6AcCtnNjw?fileId=_TkY50HozEe6i1bEIfNaCgQ$type=md$name=NOM_CLI?"/>
    <field id="_r35_c5W7Ee6cdJ4S6IgG4Q" name="SID_CPT" ref="resource.md#_QquJVn-qEe6IE6AcCtnNjw?fileId=_TkY50HozEe6i1bEIfNaCgQ$type=md$name=SID_CPT?" updateKey="true"/>
    <field id="_r35_eZW7Ee6cdJ4S6IgG4Q" name="DATE_ANNV_CLI" ref="resource.md#_QqxMoH-qEe6IE6AcCtnNjw?fileId=_TkY50HozEe6i1bEIfNaCgQ$type=md$name=DATE_ANNV_CLI?"/>
    <field id="_r35_fJW7Ee6cdJ4S6IgG4Q" name="LIB_SEXE_CLI" ref="resource.md#_Qqyaxn-qEe6IE6AcCtnNjw?fileId=_TkY50HozEe6i1bEIfNaCgQ$type=md$name=LIB_SEXE_CLI?"/>
    <field id="_r35_dpW7Ee6cdJ4S6IgG4Q" name="CIVILITE_CLI" ref="resource.md#_QqvXdn-qEe6IE6AcCtnNjw?fileId=_TkY50HozEe6i1bEIfNaCgQ$type=md$name=CIVILITE_CLI?"/>
    <constraint id="_r35_g5W7Ee6cdJ4S6IgG4Q" name="DWH_CLIENT_PK" ref="resource.md#_Qq2sMH-qEe6IE6AcCtnNjw?fileId=_TkY50HozEe6i1bEIfNaCgQ$type=md$name=DWH_CLIENT_PK?" reject="true"/>
  </datastore>
  <join id="_80AOO5AyEe6u8_TKo8ZMQA" location="SRC" left="_80AOOJAyEe6u8_TKo8ZMQA" order="10" right="_80AOEZAyEe6u8_TKo8ZMQA">
    <expression>TRANSCO_TYPE_TEL.TYPE_TEL = SUBSTR(SAS_TELEPHONE.TYPE,1,LENGTH(SAS_TELEPHONE.TYPE)-1)</expression>
  </join>
  <join id="_st_58JW7Ee6cdJ4S6IgG4Q" location="SRC" left="_80AOEZAyEe6u8_TKo8ZMQA" order="30" right="_r35YYJW7Ee6cdJ4S6IgG4Q">
    <expression>SAS_TELEPHONE.CLE_CLIENT = DWH_CLIENT.CLE_CLI</expression>
  </join>
  <template id="_80AOPJAyEe6u8_TKo8ZMQA" name="I_DWH_TELEPHONE" process="resource.proc#_jkWgEFEJEeO7Vo9WeM2sCg?fileId=_jkWgEFEJEeO7Vo9WeM2sCg$type=proc$name=INTEGRATION%20Oracle?" targetId="_80AOIZAyEe6u8_TKo8ZMQA"/>
  <dataSet id="_80AOPZAyEe6u8_TKo8ZMQA">
    <container>_80AOEZAyEe6u8_TKo8ZMQA</container>
    <container>_80AOOJAyEe6u8_TKo8ZMQA</container>
    <container>_r35YYJW7Ee6cdJ4S6IgG4Q</container>
  </dataSet>
  <dataSet id="_80AOPpAyEe6u8_TKo8ZMQA">
    <container>_80AOIZAyEe6u8_TKo8ZMQA</container>
  </dataSet>
  <hint>
    <usedField>#_80AOEpAyEe6u8_TKo8ZMQA</usedField>
    <usedField>#_80AOE5AyEe6u8_TKo8ZMQA</usedField>
    <usedField>#_80AOFJAyEe6u8_TKo8ZMQA</usedField>
    <usedField>#_80AOFpAyEe6u8_TKo8ZMQA</usedField>
    <usedField>#_80AOF5AyEe6u8_TKo8ZMQA</usedField>
    <usedField>#_80AOGJAyEe6u8_TKo8ZMQA</usedField>
    <usedField>#_80AOGpAyEe6u8_TKo8ZMQA</usedField>
    <usedField>#_80AOOZAyEe6u8_TKo8ZMQA</usedField>
    <usedField>#_80AOOpAyEe6u8_TKo8ZMQA</usedField>
    <usedField>#_r35_cZW7Ee6cdJ4S6IgG4Q</usedField>
    <usedField>#_r35_cpW7Ee6cdJ4S6IgG4Q</usedField>
  </hint>
  <diagram><![CDATA[<?xml version="1.0" encoding="UTF-8"?>
<notation:Diagram xmi:version="2.0" xmlns:xmi="http://www.omg.org/XMI" xmlns:xsi="http://www.w3.org/2001/XMLSchema-instance" xmlns:ecore="http://www.eclipse.org/emf/2002/Ecore" xmlns:map="http://www.indy.com/v2/map" xmlns:notation="http://www.eclipse.org/gmf/runtime/1.0.1/notation" xsi:schemaLocation="http://www.eclipse.org/gmf/runtime/1.0.1/notation " xmi:id="bc16612e-baa5-4da2-b05b-ffc2dfe07d3d" type="Map" measurementUnit="Pixel">
  <children xmi:type="notation:Node" xmi:id="3671862a-ff3f-45ef-bf40-c8404af4b539" type="2005">
    <styles xmi:type="notation:DescriptionStyle" xmi:id="d14c41bd-5d9a-44b8-9fa3-3eb2d0443a6d"/>
    <styles xmi:type="notation:FontStyle" xmi:id="e99e8cfa-ea7d-468e-9b3b-1f4d0a6e0e74" fontName="Segoe UI"/>
    <styles xmi:type="notation:FillStyle" xmi:id="0284f142-84a3-4453-bd02-063d54bfd5ae"/>
    <element xmi:type="map:Join" href="resource.map#_80AOO5AyEe6u8_TKo8ZMQA?fileId=_80AOEJAyEe6u8_TKo8ZMQA$type=map?"/>
    <layoutConstraint xmi:type="notation:Bounds" xmi:id="8dd953e3-e0c1-453b-b5af-28e025f1a1a4" x="228" y="119"/>
  </children>
  <children xmi:type="notation:Shape" xmi:id="74ad1a14-164d-4d3d-af90-1fec408d344f" type="2004" fontName="Segoe UI">
    <children xmi:type="notation:DecorationNode" xmi:id="bb2f2afd-82d7-4ba4-89f8-7e95dbfc3ffd" type="5005"/>
    <children xmi:type="notation:DecorationNode" xmi:id="98df852e-d9ac-4939-b5f8-8c675021a21c" type="5007"/>
    <children xmi:type="notation:DecorationNode" xmi:id="0eec243f-d7b4-48a7-bcb9-fbf5da322a1a" type="7003"/>
    <children xmi:type="notation:DecorationNode" xmi:id="2fc04f7e-bcff-446e-874e-f44835cfef04" type="7009"/>
    <children xmi:type="notation:BasicCompartment" xmi:id="f15fa3d9-72ed-4774-afb2-659b51dfe704" type="7004">
      <styles xmi:type="notation:SortingStyle" xmi:id="f600c8cb-1b84-401c-b746-5479b9e06935"/>
      <styles xmi:type="notation:FilteringStyle" xmi:id="c9a5e1a2-ab86-4a44-a68e-da88709a3d39"/>
    </children>
    <children xmi:type="notation:DecorationNode" xmi:id="fd109932-c719-405a-8fc8-80839b58127c" type="5009">
      <styles xmi:type="notation:DrawerStyle" xmi:id="6f54da5f-396f-45fd-8a74-789adaf91ce5"/>
    </children>
    <children xmi:type="notation:DecorationNode" xmi:id="73bcb5c6-b860-4cd0-bf2d-8956d9090b5b" type="7005">
      <styles xmi:type="notation:SortingStyle" xmi:id="e0eb9b5e-d6cc-49f1-b0d2-085ffbe54a1e"/>
      <styles xmi:type="notation:FilteringStyle" xmi:id="5d374d4d-cbfa-4d73-9e93-96fabdaed0f7"/>
    </children>
    <children xmi:type="notation:BasicCompartment" xmi:id="e12f7074-d6df-4f0e-871b-f512fa3e7cbd" type="7007"/>
    <element xmi:type="map:Datastore" href="resource.map#_80AOOJAyEe6u8_TKo8ZMQA?fileId=_80AOEJAyEe6u8_TKo8ZMQA$type=map?"/>
    <layoutConstraint xmi:type="notation:Bounds" xmi:id="b186edd9-b1df-45d4-bd5c-f24da02d227f" x="32" y="96"/>
  </children>
  <children xmi:type="notation:Shape" xmi:id="f72184f5-aa6a-474d-ab2b-f6505120ff60" type="2004" fontName="Segoe UI">
    <eAnnotations xmi:type="ecore:EAnnotation" xmi:id="_DaccsJW8Ee6cdJ4S6IgG4Q" source="com.indy.gmf.map.diagram.sort">
      <details xmi:type="ecore:EStringToStringMapEntry" xmi:id="_DadDwJW8Ee6cdJ4S6IgG4Q" key="filterMode" value="com.indy.gmf.map.diagram.filter.unused"/>
    </eAnnotations>
    <children xmi:type="notation:DecorationNode" xmi:id="a8949ecf-80b6-4740-8fbd-160b429a4419" type="5005"/>
    <children xmi:type="notation:DecorationNode" xmi:id="280754a8-1ea4-4f28-96e1-e94f148b6443" type="5007"/>
    <children xmi:type="notation:DecorationNode" xmi:id="6f48f6c8-0149-454a-b4f1-959b3c197a91" type="7003"/>
    <children xmi:type="notation:DecorationNode" xmi:id="e893ae09-980f-4550-a6b3-2cac6079855a" type="7009"/>
    <children xmi:type="notation:BasicCompartment" xmi:id="8d1a779f-851f-4210-a0dc-165b4328e485" type="7004">
      <styles xmi:type="notation:SortingStyle" xmi:id="89309582-22e0-40f6-bdaa-d826a669154d"/>
      <styles xmi:type="notation:FilteringStyle" xmi:id="6f611afe-e552-4664-85e1-1794e9dea122"/>
    </children>
    <children xmi:type="notation:DecorationNode" xmi:id="694b0d06-af26-4af4-b12f-150d9b8c4cfe" type="5009">
      <styles xmi:type="notation:DrawerStyle" xmi:id="a44946b9-392a-47ac-b49d-a6234a12802f"/>
    </children>
    <children xmi:type="notation:DecorationNode" xmi:id="66998c7b-b646-4fa1-ac14-ae962f95a5d4" type="7005">
      <styles xmi:type="notation:SortingStyle" xmi:id="969b00e0-9a44-422a-a7ed-00e76a5f0c8e"/>
      <styles xmi:type="notation:FilteringStyle" xmi:id="3b861280-ec1c-4f37-aea5-fd70931037f6"/>
    </children>
    <children xmi:type="notation:BasicCompartment" xmi:id="2b60a13b-c1f5-4a07-ac7d-af26f18026df" type="7007"/>
    <children xmi:type="notation:DecorationNode" xmi:id="2f5d1308-96b7-496c-857f-b41ee74f1729" type="5009">
      <styles xmi:type="notation:DrawerStyle" xmi:id="602c4aa2-2aa5-4855-9d56-7242c322d561"/>
    </children>
    <element xmi:type="map:Datastore" href="resource.map#_80AOEZAyEe6u8_TKo8ZMQA?fileId=_80AOEJAyEe6u8_TKo8ZMQA$type=map?"/>
    <layoutConstraint xmi:type="notation:Bounds" xmi:id="6d38ff8a-2183-48a6-a39f-95a93849ab8b" x="294" y="56"/>
  </children>
  <children xmi:type="notation:Shape" xmi:id="c0579596-7f18-47ba-8ed8-e7d0e0f13024" type="2004" fontName="Segoe UI">
    <children xmi:type="notation:DecorationNode" xmi:id="b4ec8c78-bb68-4670-aba9-11b4067102de" type="5005"/>
    <children xmi:type="notation:DecorationNode" xmi:id="d1f2f111-e459-40e9-ad1a-4ee55eca15e2" type="5007"/>
    <children xmi:type="notation:DecorationNode" xmi:id="06be7e5e-a3c9-4fd6-baf8-e794107e2e03" type="7003"/>
    <children xmi:type="notation:DecorationNode" xmi:id="6929b36e-1068-4dcf-b7ae-6a212d2afa1f" type="7009"/>
    <children xmi:type="notation:BasicCompartment" xmi:id="a8db5c18-af57-4ee8-b569-f5ede9afdb75" type="7004">
      <styles xmi:type="notation:SortingStyle" xmi:id="c03e7dbe-ba14-4701-b789-220efc30fd99"/>
      <styles xmi:type="notation:FilteringStyle" xmi:id="8acdc421-6182-46e5-ad3f-9f9a0839a8ed"/>
    </children>
    <children xmi:type="notation:DecorationNode" xmi:id="66722b12-0f37-4f2c-a54c-2002934a17ec" type="5009">
      <styles xmi:type="notation:DrawerStyle" xmi:id="b52949b4-3dd9-4c42-aad3-d8831529181e"/>
    </children>
    <children xmi:type="notation:DecorationNode" xmi:id="402292f9-f4b0-477f-bba6-24898de5b8a5" type="7005">
      <styles xmi:type="notation:SortingStyle" xmi:id="40225c15-c73d-418a-af67-1e48cf6a03a3"/>
      <styles xmi:type="notation:FilteringStyle" xmi:id="283c120e-d8a9-48ca-8120-074ad077b8be"/>
    </children>
    <children xmi:type="notation:BasicCompartment" xmi:id="46a399fd-1889-4912-ad09-5930683f6ae4" type="7007"/>
    <element xmi:type="map:Datastore" href="resource.map#_80AOIZAyEe6u8_TKo8ZMQA?fileId=_80AOEJAyEe6u8_TKo8ZMQA$type=map?"/>
    <layoutConstraint xmi:type="notation:Bounds" xmi:id="b9130b0a-f064-48c4-9bd6-3c96a4a11ee3" x="748" y="32"/>
  </children>
  <children xmi:type="notation:Shape" xmi:id="_r4DwcJW7Ee6cdJ4S6IgG4Q" type="2004" fontName="Segoe UI">
    <eAnnotations xmi:type="ecore:EAnnotation" xmi:id="_CMsQIJW8Ee6cdJ4S6IgG4Q" source="com.indy.gmf.map.diagram.sort">
      <details xmi:type="ecore:EStringToStringMapEntry" xmi:id="_CMv6gJW8Ee6cdJ4S6IgG4Q" key="filterMode" value="com.indy.gmf.map.diagram.filter.unused"/>
    </eAnnotations>
    <children xmi:type="notation:DecorationNode" xmi:id="_r4DwcpW7Ee6cdJ4S6IgG4Q" type="5005"/>
    <children xmi:type="notation:DecorationNode" xmi:id="_r4Dwc5W7Ee6cdJ4S6IgG4Q" type="5007"/>
    <children xmi:type="notation:DecorationNode" xmi:id="_r4DwdJW7Ee6cdJ4S6IgG4Q" type="7003"/>
    <children xmi:type="notation:DecorationNode" xmi:id="_r4DwdZW7Ee6cdJ4S6IgG4Q" type="7009"/>
    <children xmi:type="notation:BasicCompartment" xmi:id="_r4DwdpW7Ee6cdJ4S6IgG4Q" type="7004">
      <styles xmi:type="notation:SortingStyle" xmi:id="_r4Dwd5W7Ee6cdJ4S6IgG4Q"/>
      <styles xmi:type="notation:FilteringStyle" xmi:id="_r4DweJW7Ee6cdJ4S6IgG4Q"/>
    </children>
    <children xmi:type="notation:DecorationNode" xmi:id="_r4DweZW7Ee6cdJ4S6IgG4Q" type="5009">
      <styles xmi:type="notation:DrawerStyle" xmi:id="_r4DwepW7Ee6cdJ4S6IgG4Q"/>
    </children>
    <children xmi:type="notation:DecorationNode" xmi:id="_r4Dwe5W7Ee6cdJ4S6IgG4Q" type="7005">
      <styles xmi:type="notation:SortingStyle" xmi:id="_r4DwfJW7Ee6cdJ4S6IgG4Q"/>
      <styles xmi:type="notation:FilteringStyle" xmi:id="_r4DwfZW7Ee6cdJ4S6IgG4Q"/>
    </children>
    <children xmi:type="notation:BasicCompartment" xmi:id="_r4DwfpW7Ee6cdJ4S6IgG4Q" type="7007"/>
    <element xmi:type="map:Datastore" href="resource.map#_r35YYJW7Ee6cdJ4S6IgG4Q?fileId=_80AOEJAyEe6u8_TKo8ZMQA$type=map?"/>
    <layoutConstraint xmi:type="notation:Bounds" xmi:id="_r4DwcZW7Ee6cdJ4S6IgG4Q" x="568" y="96"/>
  </children>
  <children xmi:type="notation:Node" xmi:id="_suN8YJW7Ee6cdJ4S6IgG4Q" type="2005">
    <styles xmi:type="notation:DescriptionStyle" xmi:id="_suN8YZW7Ee6cdJ4S6IgG4Q"/>
    <styles xmi:type="notation:FontStyle" xmi:id="_suN8YpW7Ee6cdJ4S6IgG4Q" fontName="Segoe UI"/>
    <styles xmi:type="notation:FillStyle" xmi:id="_suN8Y5W7Ee6cdJ4S6IgG4Q"/>
    <element xmi:type="map:Join" href="resource.map#_st_58JW7Ee6cdJ4S6IgG4Q?fileId=_80AOEJAyEe6u8_TKo8ZMQA$type=map?"/>
    <layoutConstraint xmi:type="notation:Bounds" xmi:id="_suN8ZJW7Ee6cdJ4S6IgG4Q" x="502" y="119"/>
  </children>
  <styles xmi:type="notation:DiagramStyle" xmi:id="0c5a39ca-fe6c-4bc5-8370-30a3888a9660"/>
  <element xmi:type="map:Map" href="resource.map#_80AOEJAyEe6u8_TKo8ZMQA?fileId=_80AOEJAyEe6u8_TKo8ZMQA$type=map$name=ALIM_DWH_TELEPHONE?"/>
  <edges xmi:type="notation:Edge" xmi:id="1102bdf5-17d9-4aa5-9eb8-7c5173c30b55" type="targetLink" source="c0579596-7f18-47ba-8ed8-e7d0e0f13024" target="f72184f5-aa6a-474d-ab2b-f6505120ff60">
    <element xsi:nil="true"/>
    <bendpoints xmi:type="notation:RelativeBendpoints" xmi:id="e0888562-ff0b-4b27-9778-c16de119e33e" points="[0, 0, 154, 0]$[-154, 0, 0, 0]"/>
  </edges>
  <edges xmi:type="notation:Edge" xmi:id="caf2e4a6-be5a-4486-b3d9-7c7e772c2620" type="targetSetLink" source="c0579596-7f18-47ba-8ed8-e7d0e0f13024" target="c0579596-7f18-47ba-8ed8-e7d0e0f13024">
    <element xmi:type="map:SetDescriptor" href="resource.map#_80AON5AyEe6u8_TKo8ZMQA?fileId=_80AOEJAyEe6u8_TKo8ZMQA$type=map?"/>
    <bendpoints xmi:type="notation:RelativeBendpoints" xmi:id="81398ebf-38c8-4483-b0cd-ee1029e2b041" points="[0, 0, 0, 0]$[0, 0, 0, 0]"/>
  </edges>
  <edges xmi:type="notation:Edge" xmi:id="f2e09657-a6c6-49c1-899d-9d663bdbc31a" type="targetDataSetLink" source="c0579596-7f18-47ba-8ed8-e7d0e0f13024" target="c0579596-7f18-47ba-8ed8-e7d0e0f13024">
    <element xmi:type="map:DataSet" href="resource.map#_80AOPZAyEe6u8_TKo8ZMQA?fileId=_80AOEJAyEe6u8_TKo8ZMQA$type=map?"/>
    <bendpoints xmi:type="notation:RelativeBendpoints" xmi:id="bbb21663-75a1-4a2f-879b-7556167b9eca" points="[0, 0, 0, 0]$[0, 0, 0, 0]"/>
  </edges>
  <edges xmi:type="notation:Edge" xmi:id="f759ac87-7602-4f83-b44d-7ebd9fed5995" type="targetLink" source="c0579596-7f18-47ba-8ed8-e7d0e0f13024" target="74ad1a14-164d-4d3d-af90-1fec408d344f">
    <element xsi:nil="true"/>
    <bendpoints xmi:type="notation:RelativeBendpoints" xmi:id="e6c5963a-93e7-4975-8e38-2461b873e8ea" points="[0, 0, 166, -56]$[-166, 56, 0, 0]"/>
  </edges>
  <edges xmi:type="notation:Edge" xmi:id="f9ee53f2-3b5b-4a33-848d-eaa708e2a09f" type="joinLink" source="3671862a-ff3f-45ef-bf40-c8404af4b539" target="f72184f5-aa6a-474d-ab2b-f6505120ff60">
    <element xsi:nil="true"/>
    <bendpoints xmi:type="notation:RelativeBendpoints" xmi:id="adb25fcb-480f-4b9c-811a-8f02552c69a9" points="[17, 0, 76, 8]$[77, 0, 136, 8]"/>
  </edges>
  <edges xmi:type="notation:Edge" xmi:id="2d24b9a1-40a4-4bfb-ac35-47262d7f9a0d" type="joinLink" source="3671862a-ff3f-45ef-bf40-c8404af4b539" target="74ad1a14-164d-4d3d-af90-1fec408d344f">
    <element xsi:nil="true"/>
    <bendpoints xmi:type="notation:RelativeBendpoints" xmi:id="aa1a0043-6169-41eb-a5ca-103cdd1f681e" points="[17, 0, 344, 0]$[77, 0, 404, 0]"/>
  </edges>
  <edges xmi:type="notation:Edge" xmi:id="_suPKgJW7Ee6cdJ4S6IgG4Q" type="joinLink" source="_suN8YJW7Ee6cdJ4S6IgG4Q" target="_r4DwcJW7Ee6cdJ4S6IgG4Q">
    <element xsi:nil="true"/>
    <bendpoints xmi:type="notation:RelativeBendpoints" xmi:id="_suPKgZW7Ee6cdJ4S6IgG4Q" points="[-1, -1, -443, -441]$[330, 328, -112, -112]"/>
  </edges>
  <edges xmi:type="notation:Edge" xmi:id="_suPKgpW7Ee6cdJ4S6IgG4Q" type="joinLink" source="_suN8YJW7Ee6cdJ4S6IgG4Q" target="f72184f5-aa6a-474d-ab2b-f6505120ff60">
    <element xsi:nil="true"/>
    <bendpoints xmi:type="notation:RelativeBendpoints" xmi:id="_suPKg5W7Ee6cdJ4S6IgG4Q" points="[-1, -1, -383, -132]$[294, 101, -88, -30]"/>
  </edges>
  <edges xmi:type="notation:Edge" xmi:id="_tkh5UJW7Ee6cdJ4S6IgG4Q" type="targetLink" source="c0579596-7f18-47ba-8ed8-e7d0e0f13024" target="_r4DwcJW7Ee6cdJ4S6IgG4Q">
    <element xsi:nil="true"/>
    <bendpoints xmi:type="notation:RelativeBendpoints" xmi:id="_tkh5UZW7Ee6cdJ4S6IgG4Q" points="[-121, 100, 255, -209]$[-263, 216, 113, -93]"/>
  </edges>
</notation:Diagram>
]]></diagram>
</map:map>