<?xml version="1.0" encoding="UTF-8"?>
<map:map xmlns:map="http://www.indy.com/v2/map" id="_qaAWAIqiEe6Bpuf23-D2iA" internalVersion="8" tech="resource.tech#_waYSMH8VEd2__Mzb_dB76A?fileId=_waYSMH8VEd2__Mzb_dB76A$type=tech$name=flow?">
  <datastore id="_zs-8QIqtEe6Bpuf23-D2iA" alias="DWH_ADRESSE" dataset="_ztAxcIqtEe6Bpuf23-D2iA" ref="resource.md#_QZvHAX-qEe6IE6AcCtnNjw?fileId=_TkY50HozEe6i1bEIfNaCgQ$type=md$name=DWH_ADRESSE?" subExpression="[A]">
    <field id="_zs_jUoqtEe6Bpuf23-D2iA" enable="true" insert="true" name="NUMERO_ADR" ref="resource.md#_QfGvMH-qEe6IE6AcCtnNjw?fileId=_TkY50HozEe6i1bEIfNaCgQ$type=md$name=NUMERO_ADR?" update="true">
      <expression id="_1azI8YqtEe6Bpuf23-D2iA" setDescriptorRef="_1azI8IqtEe6Bpuf23-D2iA">
        <expression>SAS_ADRESSE.LIGNE_1</expression>
      </expression>
    </field>
    <field id="_zs_jX4qtEe6Bpuf23-D2iA" name="RECORD_VERSION" ref="resource.md#_bRd7hoqgEe6Bpuf23-D2iA?fileId=_TkY50HozEe6i1bEIfNaCgQ$type=md$name=RECORD_VERSION?">
      <expression id="_1azwAIqtEe6Bpuf23-D2iA" setDescriptorRef="_1azI8IqtEe6Bpuf23-D2iA">
        <expression></expression>
      </expression>
    </field>
    <field id="_zs_jWoqtEe6Bpuf23-D2iA" enable="true" insert="true" name="LIB_PAYS_ADR" ref="resource.md#_QfJygH-qEe6IE6AcCtnNjw?fileId=_TkY50HozEe6i1bEIfNaCgQ$type=md$name=LIB_PAYS_ADR?" update="true">
      <expression id="_1azwAYqtEe6Bpuf23-D2iA" setDescriptorRef="_1azI8IqtEe6Bpuf23-D2iA">
        <expression>TRANSCO_PAYS.LIB_PAYS</expression>
      </expression>
    </field>
    <field id="_zs_jXIqtEe6Bpuf23-D2iA" enable="true" insert="true" name="ID_FICHIER" ref="resource.md#_QfLAoH-qEe6IE6AcCtnNjw?fileId=_TkY50HozEe6i1bEIfNaCgQ$type=md$name=ID_FICHIER?" update="true">
      <expression id="_1azwAoqtEe6Bpuf23-D2iA" setDescriptorRef="_1azI8IqtEe6Bpuf23-D2iA">
        <expression>SAS_ADRESSE.ID_FICHIER</expression>
      </expression>
    </field>
    <field id="_zs_jVYqtEe6Bpuf23-D2iA" enable="true" insert="true" name="CPM_ADR_2" ref="resource.md#_QfH9UH-qEe6IE6AcCtnNjw?fileId=_TkY50HozEe6i1bEIfNaCgQ$type=md$name=CPM_ADR_2?" update="true">
      <expression id="_1azwA4qtEe6Bpuf23-D2iA" setDescriptorRef="_1azI8IqtEe6Bpuf23-D2iA">
        <expression>SAS_ADRESSE.LIGNE_4</expression>
      </expression>
    </field>
    <field id="_zs_jW4qtEe6Bpuf23-D2iA" enable="true" insert="true" name="QUALITE_ADR" ref="resource.md#_QfJyhn-qEe6IE6AcCtnNjw?fileId=_TkY50HozEe6i1bEIfNaCgQ$type=md$name=QUALITE_ADR?" update="true">
      <expression id="_1azwBIqtEe6Bpuf23-D2iA" setDescriptorRef="_1azI8IqtEe6Bpuf23-D2iA">
        <expression>SAS_ADRESSE.QUALITE</expression>
      </expression>
    </field>
    <field id="_zs_jWIqtEe6Bpuf23-D2iA" enable="true" insert="true" name="CODE_POSTAL_ADR" ref="resource.md#_QfIkZn-qEe6IE6AcCtnNjw?fileId=_TkY50HozEe6i1bEIfNaCgQ$type=md$name=CODE_POSTAL_ADR?" update="true">
      <expression id="_1a0XEIqtEe6Bpuf23-D2iA" setDescriptorRef="_1azI8IqtEe6Bpuf23-D2iA">
        <expression>SAS_ADRESSE.CODE_POSTAL</expression>
      </expression>
    </field>
    <field id="_zs_jXoqtEe6Bpuf23-D2iA" enable="true" insert="true" name="DATE_CREATION_ADR" ref="resource.md#_QfLnsH-qEe6IE6AcCtnNjw?fileId=_TkY50HozEe6i1bEIfNaCgQ$type=md$name=DATE_CREATION_ADR?" update="true">
      <expression id="_1a0XEYqtEe6Bpuf23-D2iA" setDescriptorRef="_1azI8IqtEe6Bpuf23-D2iA">
        <expression>to_date(SAS_ADRESSE.DATE_CREATION,'YYYY-MM-DD HH24:MI:SS')</expression>
      </expression>
    </field>
    <field id="_zs_jVIqtEe6Bpuf23-D2iA" enable="true" insert="true" name="CPM_ADR_1" ref="resource.md#_QfHWQH-qEe6IE6AcCtnNjw?fileId=_TkY50HozEe6i1bEIfNaCgQ$type=md$name=CPM_ADR_1?" update="true">
      <expression id="_1a0XEoqtEe6Bpuf23-D2iA" setDescriptorRef="_1azI8IqtEe6Bpuf23-D2iA">
        <expression>SAS_ADRESSE.LIGNE_3</expression>
      </expression>
    </field>
    <field id="_zs_jXYqtEe6Bpuf23-D2iA" enable="true" name="DATE_DERNIERE_MAJ_ADR" ref="resource.md#_QfLApn-qEe6IE6AcCtnNjw?fileId=_TkY50HozEe6i1bEIfNaCgQ$type=md$name=DATE_DERNIERE_MAJ_ADR?">
      <expression id="_1a0XE4qtEe6Bpuf23-D2iA" setDescriptorRef="_1azI8IqtEe6Bpuf23-D2iA">
        <expression></expression>
      </expression>
    </field>
    <field id="_zs_jVoqtEe6Bpuf23-D2iA" enable="true" insert="true" name="CPM_ADR_3" ref="resource.md#_QfH9Vn-qEe6IE6AcCtnNjw?fileId=_TkY50HozEe6i1bEIfNaCgQ$type=md$name=CPM_ADR_3?" update="true">
      <expression id="_1a0XFIqtEe6Bpuf23-D2iA" setDescriptorRef="_1azI8IqtEe6Bpuf23-D2iA">
        <expression>SAS_ADRESSE.LIGNE_5</expression>
      </expression>
    </field>
    <field id="_zs_jWYqtEe6Bpuf23-D2iA" enable="true" insert="true" name="PAYS_ADR" ref="resource.md#_QfJLcH-qEe6IE6AcCtnNjw?fileId=_TkY50HozEe6i1bEIfNaCgQ$type=md$name=PAYS_ADR?" update="true">
      <expression id="_1a0-IIqtEe6Bpuf23-D2iA" setDescriptorRef="_1azI8IqtEe6Bpuf23-D2iA">
        <expression>SAS_ADRESSE.PAYS</expression>
      </expression>
    </field>
    <field id="_zs_jU4qtEe6Bpuf23-D2iA" enable="true" insert="true" name="RUE_ADR" ref="resource.md#_QfGvNn-qEe6IE6AcCtnNjw?fileId=_TkY50HozEe6i1bEIfNaCgQ$type=md$name=RUE_ADR?" update="true">
      <expression id="_1a0-IYqtEe6Bpuf23-D2iA" setDescriptorRef="_1azI8IqtEe6Bpuf23-D2iA">
        <expression>SAS_ADRESSE.LIGNE_2</expression>
      </expression>
    </field>
    <field id="_zs_jV4qtEe6Bpuf23-D2iA" enable="true" insert="true" name="VILLE_ADR" ref="resource.md#_QfIkYH-qEe6IE6AcCtnNjw?fileId=_TkY50HozEe6i1bEIfNaCgQ$type=md$name=VILLE_ADR?" update="true">
      <expression id="_1a0-IoqtEe6Bpuf23-D2iA" setDescriptorRef="_1azI8IqtEe6Bpuf23-D2iA">
        <expression>SAS_ADRESSE.VILLE</expression>
      </expression>
    </field>
    <field id="_zs_jUIqtEe6Bpuf23-D2iA" name="SID_CLIENT" ref="resource.md#_QfFhEH-qEe6IE6AcCtnNjw?fileId=_TkY50HozEe6i1bEIfNaCgQ$type=md$name=SID_CLIENT?" updateKey="true">
      <expression id="_1a0-I4qtEe6Bpuf23-D2iA" setDescriptorRef="_1azI8IqtEe6Bpuf23-D2iA">
        <expression></expression>
      </expression>
    </field>
    <field id="_zs_jUYqtEe6Bpuf23-D2iA" enable="true" insert="true" name="STATUS_ADR" ref="resource.md#_QfGIIH-qEe6IE6AcCtnNjw?fileId=_TkY50HozEe6i1bEIfNaCgQ$type=md$name=STATUS_ADR?" update="true">
      <expression id="_1a0-JIqtEe6Bpuf23-D2iA" setDescriptorRef="_1azI8IqtEe6Bpuf23-D2iA">
        <expression>SAS_ADRESSE.STATUS</expression>
      </expression>
    </field>
    <constraint id="_zs_jYIqtEe6Bpuf23-D2iA" name="DWH_ADRESSE_PK" ref="resource.md#_QfPSEH-qEe6IE6AcCtnNjw?fileId=_TkY50HozEe6i1bEIfNaCgQ$type=md$name=DWH_ADRESSE_PK?" reject="true"/>
    <setDescriptor id="_1azI8IqtEe6Bpuf23-D2iA" label="A"/>
  </datastore>
  <datastore id="_0hzrcIqtEe6Bpuf23-D2iA" alias="SAS_ADRESSE" dataset="_59vvsIqtEe6Bpuf23-D2iA" ref="resource.md#_HizB4X-yEe6IE6AcCtnNjw?fileId=_TkY50HozEe6i1bEIfNaCgQ$type=md$name=SAS_ADRESSE?">
    <field id="_0hzrfYqtEe6Bpuf23-D2iA" fullAlias="PAYS" name="PAYS" ref="resource.md#_HmgdMH-yEe6IE6AcCtnNjw?fileId=_TkY50HozEe6i1bEIfNaCgQ$type=md$name=PAYS?"/>
    <field id="_0hzreIqtEe6Bpuf23-D2iA" fullAlias="LIGNE_3" name="LIGNE_3" ref="resource.md#_HmeA9n-yEe6IE6AcCtnNjw?fileId=_TkY50HozEe6i1bEIfNaCgQ$type=md$name=LIGNE_3?"/>
    <field id="_0hzrc4qtEe6Bpuf23-D2iA" name="ACTION" ref="resource.md#_HmbksH-yEe6IE6AcCtnNjw?fileId=_TkY50HozEe6i1bEIfNaCgQ$type=md$name=ACTION?"/>
    <field id="_0hzreYqtEe6Bpuf23-D2iA" fullAlias="LIGNE_4" name="LIGNE_4" ref="resource.md#_HmeoAH-yEe6IE6AcCtnNjw?fileId=_TkY50HozEe6i1bEIfNaCgQ$type=md$name=LIGNE_4?"/>
    <field id="_0hzrdYqtEe6Bpuf23-D2iA" fullAlias="STATUS" name="STATUS" ref="resource.md#_Hmcy0H-yEe6IE6AcCtnNjw?fileId=_TkY50HozEe6i1bEIfNaCgQ$type=md$name=STATUS?"/>
    <field id="_0hzrd4qtEe6Bpuf23-D2iA" fullAlias="LIGNE_2" name="LIGNE_2" ref="resource.md#_HmeA8H-yEe6IE6AcCtnNjw?fileId=_TkY50HozEe6i1bEIfNaCgQ$type=md$name=LIGNE_2?"/>
    <field id="_0hzrdoqtEe6Bpuf23-D2iA" fullAlias="LIGNE_1" name="LIGNE_1" ref="resource.md#_HmdZ4H-yEe6IE6AcCtnNjw?fileId=_TkY50HozEe6i1bEIfNaCgQ$type=md$name=LIGNE_1?"/>
    <field id="_0hzreoqtEe6Bpuf23-D2iA" fullAlias="LIGNE_5" name="LIGNE_5" ref="resource.md#_HmfPEH-yEe6IE6AcCtnNjw?fileId=_TkY50HozEe6i1bEIfNaCgQ$type=md$name=LIGNE_5?"/>
    <field id="_0hzrcoqtEe6Bpuf23-D2iA" name="TYPE_LIGNE" ref="resource.md#_Hma9oH-yEe6IE6AcCtnNjw?fileId=_TkY50HozEe6i1bEIfNaCgQ$type=md$name=TYPE_LIGNE?"/>
    <field id="_0hzrfoqtEe6Bpuf23-D2iA" fullAlias="QUALITE" name="QUALITE" ref="resource.md#_HmgdNn-yEe6IE6AcCtnNjw?fileId=_TkY50HozEe6i1bEIfNaCgQ$type=md$name=QUALITE?"/>
    <field id="_0hzrdIqtEe6Bpuf23-D2iA" name="CLE_CLIENT" ref="resource.md#_HmcLxH-yEe6IE6AcCtnNjw?fileId=_TkY50HozEe6i1bEIfNaCgQ$type=md$name=CLE_CLIENT?" updateKey="true"/>
    <field id="_0hzrfIqtEe6Bpuf23-D2iA" fullAlias="CODE_POSTAL" name="CODE_POSTAL" ref="resource.md#_Hmf2Jn-yEe6IE6AcCtnNjw?fileId=_TkY50HozEe6i1bEIfNaCgQ$type=md$name=CODE_POSTAL?"/>
    <field id="_0h0SgIqtEe6Bpuf23-D2iA" fullAlias="ID_FICHIER" name="ID_FICHIER" ref="resource.md#_HmhERn-yEe6IE6AcCtnNjw?fileId=_TkY50HozEe6i1bEIfNaCgQ$type=md$name=ID_FICHIER?"/>
    <field id="_0hzre4qtEe6Bpuf23-D2iA" fullAlias="VILLE" name="VILLE" ref="resource.md#_Hmf2IH-yEe6IE6AcCtnNjw?fileId=_TkY50HozEe6i1bEIfNaCgQ$type=md$name=VILLE?"/>
    <field id="_0hzrf4qtEe6Bpuf23-D2iA" fullAlias="DATE_CREATION" name="DATE_CREATION" ref="resource.md#_HmhEQH-yEe6IE6AcCtnNjw?fileId=_TkY50HozEe6i1bEIfNaCgQ$type=md$name=DATE_CREATION?"/>
    <constraint id="_0h0SgYqtEe6Bpuf23-D2iA" name="SAS_ADRESSE_PK" ref="resource.md#_-6M6wH-5Ee6IE6AcCtnNjw?fileId=_TkY50HozEe6i1bEIfNaCgQ$type=md$name=SAS_ADRESSE_PK?" reject="true"/>
    <constraint id="_0h0SgoqtEe6Bpuf23-D2iA" name="CTRL_STATUS" ref="resource.md#_GzCy8YUjEe6lN4vpMDZjAg?fileId=_TkY50HozEe6i1bEIfNaCgQ$type=md$name=CTRL_STATUS?" reject="true"/>
  </datastore>
  <datastore id="_59uhkIqtEe6Bpuf23-D2iA" alias="TRANSCO_PAYS" dataset="_59vvsIqtEe6Bpuf23-D2iA" ref="resource.md#_XjMjIYUzEe6lN4vpMDZjAg?fileId=_TkY50HozEe6i1bEIfNaCgQ$type=md$name=TRANSCO_PAYS?">
    <field id="_59vIoIqtEe6Bpuf23-D2iA" fullAlias="PAYS_ADRESSE" name="PAYS_ADRESSE" ref="resource.md#_XmdSgIUzEe6lN4vpMDZjAg?fileId=_TkY50HozEe6i1bEIfNaCgQ$type=md$name=PAYS_ADRESSE?"/>
    <field id="_59vIoYqtEe6Bpuf23-D2iA" fullAlias="LIB_PAYS" name="LIB_PAYS" ref="resource.md#_XmdShoUzEe6lN4vpMDZjAg?fileId=_TkY50HozEe6i1bEIfNaCgQ$type=md$name=LIB_PAYS?"/>
  </datastore>
  <join id="_7V-t8IqtEe6Bpuf23-D2iA" location="SRC" left="_0hzrcIqtEe6Bpuf23-D2iA" order="10" right="_59uhkIqtEe6Bpuf23-D2iA">
    <expression>SAS_ADRESSE.PAYS = TRANSCO_PAYS.PAYS_ADRESSE</expression>
  </join>
  <template id="_1a2MRoqtEe6Bpuf23-D2iA" name="I_DWH_ADRESSE" process="resource.proc#_jkWgEFEJEeO7Vo9WeM2sCg?fileId=_jkWgEFEJEeO7Vo9WeM2sCg$type=proc$name=INTEGRATION%20Oracle?" targetId="_zs-8QIqtEe6Bpuf23-D2iA"/>
  <dataSet id="_ztAxcIqtEe6Bpuf23-D2iA">
    <container>_zs-8QIqtEe6Bpuf23-D2iA</container>
  </dataSet>
  <dataSet id="_59vvsIqtEe6Bpuf23-D2iA">
    <container>_59uhkIqtEe6Bpuf23-D2iA</container>
    <container>_0hzrcIqtEe6Bpuf23-D2iA</container>
  </dataSet>
  <hint>
    <usedField>#_0hzrfYqtEe6Bpuf23-D2iA</usedField>
    <usedField>#_0hzreIqtEe6Bpuf23-D2iA</usedField>
    <usedField>#_0hzreYqtEe6Bpuf23-D2iA</usedField>
    <usedField>#_0hzrdYqtEe6Bpuf23-D2iA</usedField>
    <usedField>#_0hzrd4qtEe6Bpuf23-D2iA</usedField>
    <usedField>#_0hzrdoqtEe6Bpuf23-D2iA</usedField>
    <usedField>#_0hzreoqtEe6Bpuf23-D2iA</usedField>
    <usedField>#_0hzrfoqtEe6Bpuf23-D2iA</usedField>
    <usedField>#_0hzrfIqtEe6Bpuf23-D2iA</usedField>
    <usedField>#_0h0SgIqtEe6Bpuf23-D2iA</usedField>
    <usedField>#_0hzre4qtEe6Bpuf23-D2iA</usedField>
    <usedField>#_0hzrf4qtEe6Bpuf23-D2iA</usedField>
    <usedField>#_59vIoIqtEe6Bpuf23-D2iA</usedField>
    <usedField>#_59vIoYqtEe6Bpuf23-D2iA</usedField>
  </hint>
  <diagram><![CDATA[<?xml version="1.0" encoding="UTF-8"?>
<notation:Diagram xmi:version="2.0" xmlns:xmi="http://www.omg.org/XMI" xmlns:xsi="http://www.w3.org/2001/XMLSchema-instance" xmlns:map="http://www.indy.com/v2/map" xmlns:notation="http://www.eclipse.org/gmf/runtime/1.0.1/notation" xsi:schemaLocation="http://www.eclipse.org/gmf/runtime/1.0.1/notation " xmi:id="_qeqzkIqiEe6Bpuf23-D2iA" type="Map" measurementUnit="Pixel">
  <children xmi:type="notation:Shape" xmi:id="_ztCmoIqtEe6Bpuf23-D2iA" type="2004" fontName="Segoe UI">
    <children xmi:type="notation:DecorationNode" xmi:id="_ztCmooqtEe6Bpuf23-D2iA" type="5005"/>
    <children xmi:type="notation:DecorationNode" xmi:id="_ztCmo4qtEe6Bpuf23-D2iA" type="5007"/>
    <children xmi:type="notation:DecorationNode" xmi:id="_ztCmpIqtEe6Bpuf23-D2iA" type="7003"/>
    <children xmi:type="notation:DecorationNode" xmi:id="_ztCmpYqtEe6Bpuf23-D2iA" type="7009"/>
    <children xmi:type="notation:BasicCompartment" xmi:id="_ztCmpoqtEe6Bpuf23-D2iA" type="7004">
      <styles xmi:type="notation:SortingStyle" xmi:id="_ztCmp4qtEe6Bpuf23-D2iA"/>
      <styles xmi:type="notation:FilteringStyle" xmi:id="_ztCmqIqtEe6Bpuf23-D2iA"/>
    </children>
    <children xmi:type="notation:DecorationNode" xmi:id="_ztCmqYqtEe6Bpuf23-D2iA" type="5009">
      <styles xmi:type="notation:DrawerStyle" xmi:id="_ztCmqoqtEe6Bpuf23-D2iA"/>
    </children>
    <children xmi:type="notation:DecorationNode" xmi:id="_ztCmq4qtEe6Bpuf23-D2iA" type="7005">
      <styles xmi:type="notation:SortingStyle" xmi:id="_ztCmrIqtEe6Bpuf23-D2iA"/>
      <styles xmi:type="notation:FilteringStyle" xmi:id="_ztCmrYqtEe6Bpuf23-D2iA"/>
    </children>
    <children xmi:type="notation:BasicCompartment" xmi:id="_ztCmroqtEe6Bpuf23-D2iA" type="7007"/>
    <element xmi:type="map:Datastore" href="resource.map#_zs-8QIqtEe6Bpuf23-D2iA?fileId=_qaAWAIqiEe6Bpuf23-D2iA$type=map?"/>
    <layoutConstraint xmi:type="notation:Bounds" xmi:id="_ztCmoYqtEe6Bpuf23-D2iA" x="522" y="32"/>
  </children>
  <children xmi:type="notation:Shape" xmi:id="_0h2uwIqtEe6Bpuf23-D2iA" type="2004" fontName="Segoe UI">
    <children xmi:type="notation:DecorationNode" xmi:id="_0h2uwoqtEe6Bpuf23-D2iA" type="5005"/>
    <children xmi:type="notation:DecorationNode" xmi:id="_0h2uw4qtEe6Bpuf23-D2iA" type="5007"/>
    <children xmi:type="notation:DecorationNode" xmi:id="_0h2uxIqtEe6Bpuf23-D2iA" type="7003"/>
    <children xmi:type="notation:DecorationNode" xmi:id="_0h2uxYqtEe6Bpuf23-D2iA" type="7009"/>
    <children xmi:type="notation:BasicCompartment" xmi:id="_0h2uxoqtEe6Bpuf23-D2iA" type="7004">
      <styles xmi:type="notation:SortingStyle" xmi:id="_0h2ux4qtEe6Bpuf23-D2iA"/>
      <styles xmi:type="notation:FilteringStyle" xmi:id="_0h2uyIqtEe6Bpuf23-D2iA"/>
    </children>
    <children xmi:type="notation:DecorationNode" xmi:id="_0h2uyYqtEe6Bpuf23-D2iA" type="5009">
      <styles xmi:type="notation:DrawerStyle" xmi:id="_0h2uyoqtEe6Bpuf23-D2iA"/>
    </children>
    <children xmi:type="notation:DecorationNode" xmi:id="_0h2uy4qtEe6Bpuf23-D2iA" type="7005">
      <styles xmi:type="notation:SortingStyle" xmi:id="_0h2uzIqtEe6Bpuf23-D2iA"/>
      <styles xmi:type="notation:FilteringStyle" xmi:id="_0h2uzYqtEe6Bpuf23-D2iA"/>
    </children>
    <children xmi:type="notation:BasicCompartment" xmi:id="_0h2uzoqtEe6Bpuf23-D2iA" type="7007"/>
    <element xmi:type="map:Datastore" href="resource.map#_0hzrcIqtEe6Bpuf23-D2iA?fileId=_qaAWAIqiEe6Bpuf23-D2iA$type=map?"/>
    <layoutConstraint xmi:type="notation:Bounds" xmi:id="_0h2uwYqtEe6Bpuf23-D2iA" x="32" y="40"/>
  </children>
  <children xmi:type="notation:Shape" xmi:id="_596HwIqtEe6Bpuf23-D2iA" type="2004" fontName="Segoe UI">
    <children xmi:type="notation:DecorationNode" xmi:id="_596HwoqtEe6Bpuf23-D2iA" type="5005"/>
    <children xmi:type="notation:DecorationNode" xmi:id="_596Hw4qtEe6Bpuf23-D2iA" type="5007"/>
    <children xmi:type="notation:DecorationNode" xmi:id="_596HxIqtEe6Bpuf23-D2iA" type="7003"/>
    <children xmi:type="notation:DecorationNode" xmi:id="_596HxYqtEe6Bpuf23-D2iA" type="7009"/>
    <children xmi:type="notation:BasicCompartment" xmi:id="_596HxoqtEe6Bpuf23-D2iA" type="7004">
      <styles xmi:type="notation:SortingStyle" xmi:id="_596Hx4qtEe6Bpuf23-D2iA"/>
      <styles xmi:type="notation:FilteringStyle" xmi:id="_596HyIqtEe6Bpuf23-D2iA"/>
    </children>
    <children xmi:type="notation:DecorationNode" xmi:id="_596HyYqtEe6Bpuf23-D2iA" type="5009">
      <styles xmi:type="notation:DrawerStyle" xmi:id="_596HyoqtEe6Bpuf23-D2iA"/>
    </children>
    <children xmi:type="notation:DecorationNode" xmi:id="_596Hy4qtEe6Bpuf23-D2iA" type="7005">
      <styles xmi:type="notation:SortingStyle" xmi:id="_596HzIqtEe6Bpuf23-D2iA"/>
      <styles xmi:type="notation:FilteringStyle" xmi:id="_596HzYqtEe6Bpuf23-D2iA"/>
    </children>
    <children xmi:type="notation:BasicCompartment" xmi:id="_596HzoqtEe6Bpuf23-D2iA" type="7007"/>
    <element xmi:type="map:Datastore" href="resource.map#_59uhkIqtEe6Bpuf23-D2iA?fileId=_qaAWAIqiEe6Bpuf23-D2iA$type=map?"/>
    <layoutConstraint xmi:type="notation:Bounds" xmi:id="_596HwYqtEe6Bpuf23-D2iA" x="306" y="144"/>
  </children>
  <children xmi:type="notation:Node" xmi:id="_7WMwYIqtEe6Bpuf23-D2iA" type="2005">
    <styles xmi:type="notation:DescriptionStyle" xmi:id="_7WMwYYqtEe6Bpuf23-D2iA"/>
    <styles xmi:type="notation:FontStyle" xmi:id="_7WMwYoqtEe6Bpuf23-D2iA" fontName="Segoe UI"/>
    <styles xmi:type="notation:FillStyle" xmi:id="_7WMwY4qtEe6Bpuf23-D2iA"/>
    <element xmi:type="map:Join" href="resource.map#_7V-t8IqtEe6Bpuf23-D2iA?fileId=_qaAWAIqiEe6Bpuf23-D2iA$type=map?"/>
    <layoutConstraint xmi:type="notation:Bounds" xmi:id="_7WMwZIqtEe6Bpuf23-D2iA" x="240" y="167"/>
  </children>
  <styles xmi:type="notation:DiagramStyle" xmi:id="_qeqzkYqiEe6Bpuf23-D2iA"/>
  <element xmi:type="map:Map" href="resource.map#_qaAWAIqiEe6Bpuf23-D2iA?fileId=_qaAWAIqiEe6Bpuf23-D2iA$type=map$name=ALIM_DWH_ADRESSE?"/>
  <edges xmi:type="notation:Edge" xmi:id="_1a6dsIqtEe6Bpuf23-D2iA" type="targetLink" source="_ztCmoIqtEe6Bpuf23-D2iA" target="_0h2uwIqtEe6Bpuf23-D2iA">
    <element xsi:nil="true"/>
    <bendpoints xmi:type="notation:RelativeBendpoints" xmi:id="_1a6dsYqtEe6Bpuf23-D2iA" points="[-115, 5, 392, -17]$[-419, 18, 88, -4]"/>
  </edges>
  <edges xmi:type="notation:Edge" xmi:id="_1a7r0oqtEe6Bpuf23-D2iA" type="targetSetLink" source="_ztCmoIqtEe6Bpuf23-D2iA" target="_ztCmoIqtEe6Bpuf23-D2iA">
    <element xmi:type="map:SetDescriptor" href="resource.map#_1azI8IqtEe6Bpuf23-D2iA?fileId=_qaAWAIqiEe6Bpuf23-D2iA$type=map?"/>
    <bendpoints xmi:type="notation:RelativeBendpoints" xmi:id="_1a7r04qtEe6Bpuf23-D2iA" points="[0, 0, 0, 0]$[0, 0, 0, 0]"/>
  </edges>
  <edges xmi:type="notation:Edge" xmi:id="_6pSAAIqtEe6Bpuf23-D2iA" type="targetLink" source="_ztCmoIqtEe6Bpuf23-D2iA" target="_596HwIqtEe6Bpuf23-D2iA">
    <element xsi:nil="true"/>
    <bendpoints xmi:type="notation:RelativeBendpoints" xmi:id="_6pSAAYqtEe6Bpuf23-D2iA" points="[-198, -67, 92, 31]$[-206, -70, 84, 28]"/>
  </edges>
  <edges xmi:type="notation:Edge" xmi:id="_6pSAAoqtEe6Bpuf23-D2iA" type="targetDataSetLink" source="_ztCmoIqtEe6Bpuf23-D2iA" target="_ztCmoIqtEe6Bpuf23-D2iA">
    <element xmi:type="map:DataSet" href="resource.map#_59vvsIqtEe6Bpuf23-D2iA?fileId=_qaAWAIqiEe6Bpuf23-D2iA$type=map?"/>
    <bendpoints xmi:type="notation:RelativeBendpoints" xmi:id="_6pSAA4qtEe6Bpuf23-D2iA" points="[0, 0, 0, 0]$[0, 0, 0, 0]"/>
  </edges>
  <edges xmi:type="notation:Edge" xmi:id="_7WN-gIqtEe6Bpuf23-D2iA" type="joinLink" source="_7WMwYIqtEe6Bpuf23-D2iA" target="_596HwIqtEe6Bpuf23-D2iA">
    <element xsi:nil="true"/>
    <bendpoints xmi:type="notation:RelativeBendpoints" xmi:id="_7WN-gYqtEe6Bpuf23-D2iA" points="[-1, -1, -640, -158]$[555, 136, -84, -21]"/>
  </edges>
  <edges xmi:type="notation:Edge" xmi:id="_7WN-goqtEe6Bpuf23-D2iA" type="joinLink" source="_7WMwYIqtEe6Bpuf23-D2iA" target="_0h2uwIqtEe6Bpuf23-D2iA">
    <element xsi:nil="true"/>
    <bendpoints xmi:type="notation:RelativeBendpoints" xmi:id="_7WN-g4qtEe6Bpuf23-D2iA" points="[-1, -1, -340, -278]$[251, 205, -88, -72]"/>
  </edges>
</notation:Diagram>
]]></diagram>
</map:map>