<?xml version="1.0" encoding="UTF-8"?>
<map:map xmlns:map="http://www.indy.com/v2/map" id="_gZq5gIqiEe6Bpuf23-D2iA" internalVersion="8" tech="resource.tech#_waYSMH8VEd2__Mzb_dB76A?fileId=_waYSMH8VEd2__Mzb_dB76A$type=tech$name=flow?">
  <datastore id="_qX_7IIqzEe6695OEz_3GqA" alias="SAS_TELEPHONE" dataset="_hdoEUIq3Ee6iRfqSgb1Pvw" ref="resource.md#_He_f8H-yEe6IE6AcCtnNjw?fileId=_TkY50HozEe6i1bEIfNaCgQ$type=md$name=SAS_TELEPHONE?">
    <field id="_qYfqYIqzEe6695OEz_3GqA" fullAlias="STATUS" name="STATUS" ref="resource.md#_Hip38H-yEe6IE6AcCtnNjw?fileId=_TkY50HozEe6i1bEIfNaCgQ$type=md$name=STATUS?"/>
    <field id="_qYfDUYqzEe6695OEz_3GqA" name="CLE_CLIENT" ref="resource.md#_Hiop0H-yEe6IE6AcCtnNjw?fileId=_TkY50HozEe6i1bEIfNaCgQ$type=md$name=CLE_CLIENT?" updateKey="true"/>
    <field id="_qYgRcYqzEe6695OEz_3GqA" fullAlias="DATE_CREATION" name="DATE_CREATION" ref="resource.md#_HisUMH-yEe6IE6AcCtnNjw?fileId=_TkY50HozEe6i1bEIfNaCgQ$type=md$name=DATE_CREATION?"/>
    <field id="_qYdOIIqzEe6695OEz_3GqA" name="TYPE_LIGNE" ref="resource.md#_Him0oH-yEe6IE6AcCtnNjw?fileId=_TkY50HozEe6i1bEIfNaCgQ$type=md$name=TYPE_LIGNE?"/>
    <field id="_qYfDUoqzEe6695OEz_3GqA" fullAlias="PHONE" name="PHONE" ref="resource.md#_HipQ4H-yEe6IE6AcCtnNjw?fileId=_TkY50HozEe6i1bEIfNaCgQ$type=md$name=PHONE?"/>
    <field id="_qYgRcoqzEe6695OEz_3GqA" fullAlias="ID_FICHIER" name="ID_FICHIER" ref="resource.md#_His7QH-yEe6IE6AcCtnNjw?fileId=_TkY50HozEe6i1bEIfNaCgQ$type=md$name=ID_FICHIER?"/>
    <field id="_qYfqYYqzEe6695OEz_3GqA" fullAlias="FAVORI" name="FAVORI" ref="resource.md#_HirGEH-yEe6IE6AcCtnNjw?fileId=_TkY50HozEe6i1bEIfNaCgQ$type=md$name=FAVORI?"/>
    <field id="_qYfDUIqzEe6695OEz_3GqA" name="ACTION" ref="resource.md#_HioCwH-yEe6IE6AcCtnNjw?fileId=_TkY50HozEe6i1bEIfNaCgQ$type=md$name=ACTION?"/>
    <field id="_qYgRcIqzEe6695OEz_3GqA" fullAlias="TYPE" name="TYPE" ref="resource.md#_HirtIH-yEe6IE6AcCtnNjw?fileId=_TkY50HozEe6i1bEIfNaCgQ$type=md$name=TYPE?" updateKey="true"/>
    <constraint id="_qYg4gIqzEe6695OEz_3GqA" name="CTRL_PHONE" ref="resource.md#_RHlGKoq7Ee6UQ4O0GYlsJg?fileId=_TkY50HozEe6i1bEIfNaCgQ$type=md$name=CTRL_PHONE?" reject="true"/>
    <constraint id="_qYg4gYqzEe6695OEz_3GqA" name="CTRL_STATUS" ref="resource.md#_RHlGL4q7Ee6UQ4O0GYlsJg?fileId=_TkY50HozEe6i1bEIfNaCgQ$type=md$name=CTRL_STATUS?" reject="true"/>
    <constraint id="_qYg4goqzEe6695OEz_3GqA" name="CTRL_FK_CLIENT" ref="resource.md#_RHlGJYq7Ee6UQ4O0GYlsJg?fileId=_TkY50HozEe6i1bEIfNaCgQ$type=md$name=CTRL_FK_CLIENT?" reject="true"/>
    <constraint id="_qYg4g4qzEe6695OEz_3GqA" name="CTRL_TYPE" ref="resource.md#_RHlGNIq7Ee6UQ4O0GYlsJg?fileId=_TkY50HozEe6i1bEIfNaCgQ$type=md$name=CTRL_TYPE?" reject="true"/>
    <constraint id="_qYhfkIqzEe6695OEz_3GqA" name="SAS_TELEPHONE_PK" ref="resource.md#_-0SgAH-5Ee6IE6AcCtnNjw?fileId=_TkY50HozEe6i1bEIfNaCgQ$type=md$name=SAS_TELEPHONE_PK?" reject="true"/>
    <constraint id="_qYhfkYqzEe6695OEz_3GqA" name="CTRL_FAVORI" ref="resource.md#_RHlGIIq7Ee6UQ4O0GYlsJg?fileId=_TkY50HozEe6i1bEIfNaCgQ$type=md$name=CTRL_FAVORI?" reject="true"/>
  </datastore>
  <datastore id="_rOF1oIqzEe6695OEz_3GqA" alias="DWH_TELEPHONE" dataset="_hdoEUYq3Ee6iRfqSgb1Pvw" ref="resource.md#_Qq5IcX-qEe6IE6AcCtnNjw?fileId=_TkY50HozEe6i1bEIfNaCgQ$type=md$name=DWH_TELEPHONE?" subExpression="[A]">
    <field id="_rOIR4IqzEe6695OEz_3GqA" name="DERNIERE_DATE_MAJ_TEL" ref="resource.md#_QwQJkH-qEe6IE6AcCtnNjw?fileId=_TkY50HozEe6i1bEIfNaCgQ$type=md$name=DERNIERE_DATE_MAJ_TEL?">
      <expression id="_Oow-gIq0Ee6Ix8t99bGfXA" setDescriptorRef="_OowXcIq0Ee6Ix8t99bGfXA">
        <expression></expression>
      </expression>
    </field>
    <field id="_rOGcsYqzEe6695OEz_3GqA" name="SID_CLI" ref="resource.md#_QwJb4H-qEe6IE6AcCtnNjw?fileId=_TkY50HozEe6i1bEIfNaCgQ$type=md$name=SID_CLI?" updateKey="true">
      <expression id="_OoxlkIq0Ee6Ix8t99bGfXA" setDescriptorRef="_OowXcIq0Ee6Ix8t99bGfXA">
        <expression></expression>
      </expression>
    </field>
    <field id="_rOHDwIqzEe6695OEz_3GqA" enable="true" insert="true" name="TYPE_TEL" ref="resource.md#_QwKqAH-qEe6IE6AcCtnNjw?fileId=_TkY50HozEe6i1bEIfNaCgQ$type=md$name=TYPE_TEL?" update="true" updateKey="true">
      <expression id="_OoxlkYq0Ee6Ix8t99bGfXA" setDescriptorRef="_OowXcIq0Ee6Ix8t99bGfXA">
        <expression>SAS_TELEPHONE.TYPE</expression>
      </expression>
    </field>
    <field id="_rOHDwYqzEe6695OEz_3GqA" enable="true" insert="true" name="NUM_TEL" ref="resource.md#_QwLREH-qEe6IE6AcCtnNjw?fileId=_TkY50HozEe6i1bEIfNaCgQ$type=md$name=NUM_TEL?" update="true">
      <expression id="_Ooxlkoq0Ee6Ix8t99bGfXA" setDescriptorRef="_OowXcIq0Ee6Ix8t99bGfXA">
        <expression>SAS_TELEPHONE.PHONE</expression>
      </expression>
    </field>
    <field id="_rOHq0oqzEe6695OEz_3GqA" enable="true" insert="true" name="ID_FICHIER" ref="resource.md#_QwPigH-qEe6IE6AcCtnNjw?fileId=_TkY50HozEe6i1bEIfNaCgQ$type=md$name=ID_FICHIER?" update="true">
      <expression id="_OoyMoIq0Ee6Ix8t99bGfXA" setDescriptorRef="_OowXcIq0Ee6Ix8t99bGfXA">
        <expression>SAS_TELEPHONE.ID_FICHIER</expression>
      </expression>
    </field>
    <field id="_rOI48YqzEe6695OEz_3GqA" enable="true" insert="true" name="LIB_TYPE_TEL" ref="resource.md#_RCsq0H-yEe6IE6AcCtnNjw?fileId=_TkY50HozEe6i1bEIfNaCgQ$type=md$name=LIB_TYPE_TEL?" update="true">
      <expression id="_OoyMoYq0Ee6Ix8t99bGfXA" setDescriptorRef="_OowXcIq0Ee6Ix8t99bGfXA">
        <expression>TRANSCO_TYPE_TEL.LIB_TEL + TRANSCO_TYPE_TEL.LIB_TEL</expression>
      </expression>
    </field>
    <field id="_rOHq0YqzEe6695OEz_3GqA" enable="true" insert="true" name="FAVORI_TEL" ref="resource.md#_QwMfMH-qEe6IE6AcCtnNjw?fileId=_TkY50HozEe6i1bEIfNaCgQ$type=md$name=FAVORI_TEL?" update="true">
      <expression id="_OoyzsIq0Ee6Ix8t99bGfXA" setDescriptorRef="_OowXcIq0Ee6Ix8t99bGfXA">
        <expression>SAS_TELEPHONE.FAVORI</expression>
      </expression>
    </field>
    <field id="_rOI48IqzEe6695OEz_3GqA" enable="true" insert="true" name="DATE_CREATION_TEL" ref="resource.md#_QwQJln-qEe6IE6AcCtnNjw?fileId=_TkY50HozEe6i1bEIfNaCgQ$type=md$name=DATE_CREATION_TEL?" update="true">
      <expression id="_OoyzsYq0Ee6Ix8t99bGfXA" setDescriptorRef="_OowXcIq0Ee6Ix8t99bGfXA">
        <expression>to_date(SAS_TELEPHONE.DATE_CREATION,'YYYY-MM-DD HH24:MI:SS')</expression>
      </expression>
    </field>
    <field id="_rOHq0IqzEe6695OEz_3GqA" enable="true" insert="true" name="STATUS_TEL" ref="resource.md#_QwL4IH-qEe6IE6AcCtnNjw?fileId=_TkY50HozEe6i1bEIfNaCgQ$type=md$name=STATUS_TEL?" update="true">
      <expression id="_Ooyzsoq0Ee6Ix8t99bGfXA" setDescriptorRef="_OowXcIq0Ee6Ix8t99bGfXA">
        <expression>SAS_TELEPHONE.STATUS</expression>
      </expression>
    </field>
    <field id="_rOI48oqzEe6695OEz_3GqA" name="RECORD_VERSION" ref="resource.md#_biidZoqgEe6Bpuf23-D2iA?fileId=_TkY50HozEe6i1bEIfNaCgQ$type=md$name=RECORD_VERSION?">
      <expression id="_OozawIq0Ee6Ix8t99bGfXA" setDescriptorRef="_OowXcIq0Ee6Ix8t99bGfXA">
        <expression></expression>
      </expression>
    </field>
    <constraint id="_rOJgAIqzEe6695OEz_3GqA" name="DWH_TELEPHONE_PK" ref="resource.md#_QwTz8H-qEe6IE6AcCtnNjw?fileId=_TkY50HozEe6i1bEIfNaCgQ$type=md$name=DWH_TELEPHONE_PK?" reject="true"/>
    <setDescriptor id="_OowXcIq0Ee6Ix8t99bGfXA" label="A"/>
  </datastore>
  <datastore id="_iMZO0Iq3Ee6iRfqSgb1Pvw" alias="TRANSCO_TYPE_TEL" dataset="_hdoEUIq3Ee6iRfqSgb1Pvw" ref="resource.md#_bHJqcYq3Ee6iRfqSgb1Pvw?fileId=_TkY50HozEe6i1bEIfNaCgQ$type=md$name=TRANSCO_TYPE_TEL?">
    <field id="_iMbEAYq3Ee6iRfqSgb1Pvw" fullAlias="LIB_TEL" name="LIB_TEL" ref="resource.md#_bKhHgIq3Ee6iRfqSgb1Pvw?fileId=_TkY50HozEe6i1bEIfNaCgQ$type=md$name=LIB_TEL?"/>
    <field id="_iMbEAIq3Ee6iRfqSgb1Pvw" fullAlias="TYPE_TEL" name="TYPE_TEL" ref="resource.md#_bKggcIq3Ee6iRfqSgb1Pvw?fileId=_TkY50HozEe6i1bEIfNaCgQ$type=md$name=TYPE_TEL?"/>
  </datastore>
  <join id="_xDpW8Iq3Ee6iRfqSgb1Pvw" location="SRC" left="_iMZO0Iq3Ee6iRfqSgb1Pvw" order="10" right="_qX_7IIqzEe6695OEz_3GqA">
    <expression>TRANSCO_TYPE_TEL.TYPE_TEL = SAS_TELEPHONE.TYPE</expression>
  </join>
  <template id="_Oo0o4Iq0Ee6Ix8t99bGfXA" name="I_DWH_TELEPHONE" process="resource.proc#_jkWgEFEJEeO7Vo9WeM2sCg?fileId=_jkWgEFEJEeO7Vo9WeM2sCg$type=proc$name=INTEGRATION%20Oracle?" targetId="_rOF1oIqzEe6695OEz_3GqA"/>
  <dataSet id="_hdoEUIq3Ee6iRfqSgb1Pvw">
    <container>_qX_7IIqzEe6695OEz_3GqA</container>
    <container>_iMZO0Iq3Ee6iRfqSgb1Pvw</container>
  </dataSet>
  <dataSet id="_hdoEUYq3Ee6iRfqSgb1Pvw">
    <container>_rOF1oIqzEe6695OEz_3GqA</container>
  </dataSet>
  <hint>
    <usedField>#_qYfqYIqzEe6695OEz_3GqA</usedField>
    <usedField>#_qYgRcYqzEe6695OEz_3GqA</usedField>
    <usedField>#_qYfDUoqzEe6695OEz_3GqA</usedField>
    <usedField>#_qYgRcoqzEe6695OEz_3GqA</usedField>
    <usedField>#_qYfqYYqzEe6695OEz_3GqA</usedField>
    <usedField>#_qYgRcIqzEe6695OEz_3GqA</usedField>
    <usedField>#_iMbEAYq3Ee6iRfqSgb1Pvw</usedField>
    <usedField>#_iMbEAIq3Ee6iRfqSgb1Pvw</usedField>
  </hint>
  <diagram><![CDATA[<?xml version="1.0" encoding="UTF-8"?>
<notation:Diagram xmi:version="2.0" xmlns:xmi="http://www.omg.org/XMI" xmlns:xsi="http://www.w3.org/2001/XMLSchema-instance" xmlns:map="http://www.indy.com/v2/map" xmlns:notation="http://www.eclipse.org/gmf/runtime/1.0.1/notation" xsi:schemaLocation="http://www.eclipse.org/gmf/runtime/1.0.1/notation " xmi:id="_gcGicIqiEe6Bpuf23-D2iA" type="Map" measurementUnit="Pixel">
  <children xmi:type="notation:Node" xmi:id="_xFE6UIq3Ee6iRfqSgb1Pvw" type="2005">
    <styles xmi:type="notation:DescriptionStyle" xmi:id="_xFE6UYq3Ee6iRfqSgb1Pvw"/>
    <styles xmi:type="notation:FontStyle" xmi:id="_xFE6Uoq3Ee6iRfqSgb1Pvw" fontName="Segoe UI"/>
    <styles xmi:type="notation:FillStyle" xmi:id="_xFE6U4q3Ee6iRfqSgb1Pvw"/>
    <element xmi:type="map:Join" href="resource.map#_xDpW8Iq3Ee6iRfqSgb1Pvw?fileId=_gZq5gIqiEe6Bpuf23-D2iA$type=map?"/>
    <layoutConstraint xmi:type="notation:Bounds" xmi:id="_xFE6VIq3Ee6iRfqSgb1Pvw" x="228" y="119"/>
  </children>
  <children xmi:type="notation:Shape" xmi:id="_iMkN8Iq3Ee6iRfqSgb1Pvw" type="2004" fontName="Segoe UI">
    <children xmi:type="notation:DecorationNode" xmi:id="_iMkN8oq3Ee6iRfqSgb1Pvw" type="5005"/>
    <children xmi:type="notation:DecorationNode" xmi:id="_iMkN84q3Ee6iRfqSgb1Pvw" type="5007"/>
    <children xmi:type="notation:DecorationNode" xmi:id="_iMk1AIq3Ee6iRfqSgb1Pvw" type="7003"/>
    <children xmi:type="notation:DecorationNode" xmi:id="_iMk1AYq3Ee6iRfqSgb1Pvw" type="7009"/>
    <children xmi:type="notation:BasicCompartment" xmi:id="_iMk1Aoq3Ee6iRfqSgb1Pvw" type="7004">
      <styles xmi:type="notation:SortingStyle" xmi:id="_iMk1A4q3Ee6iRfqSgb1Pvw"/>
      <styles xmi:type="notation:FilteringStyle" xmi:id="_iMk1BIq3Ee6iRfqSgb1Pvw"/>
    </children>
    <children xmi:type="notation:DecorationNode" xmi:id="_iMk1BYq3Ee6iRfqSgb1Pvw" type="5009">
      <styles xmi:type="notation:DrawerStyle" xmi:id="_iMk1Boq3Ee6iRfqSgb1Pvw"/>
    </children>
    <children xmi:type="notation:DecorationNode" xmi:id="_iMk1B4q3Ee6iRfqSgb1Pvw" type="7005">
      <styles xmi:type="notation:SortingStyle" xmi:id="_iMk1CIq3Ee6iRfqSgb1Pvw"/>
      <styles xmi:type="notation:FilteringStyle" xmi:id="_iMk1CYq3Ee6iRfqSgb1Pvw"/>
    </children>
    <children xmi:type="notation:BasicCompartment" xmi:id="_iMk1Coq3Ee6iRfqSgb1Pvw" type="7007"/>
    <element xmi:type="map:Datastore" href="resource.map#_iMZO0Iq3Ee6iRfqSgb1Pvw?fileId=_gZq5gIqiEe6Bpuf23-D2iA$type=map?"/>
    <layoutConstraint xmi:type="notation:Bounds" xmi:id="_iMkN8Yq3Ee6iRfqSgb1Pvw" x="32" y="96"/>
  </children>
  <children xmi:type="notation:Shape" xmi:id="_qZGHUIqzEe6695OEz_3GqA" type="2004" fontName="Segoe UI">
    <children xmi:type="notation:DecorationNode" xmi:id="_qZHVcIqzEe6695OEz_3GqA" type="5005"/>
    <children xmi:type="notation:DecorationNode" xmi:id="_qZHVcYqzEe6695OEz_3GqA" type="5007"/>
    <children xmi:type="notation:DecorationNode" xmi:id="_qZHVcoqzEe6695OEz_3GqA" type="7003"/>
    <children xmi:type="notation:DecorationNode" xmi:id="_qZHVc4qzEe6695OEz_3GqA" type="7009"/>
    <children xmi:type="notation:BasicCompartment" xmi:id="_qZIjkIqzEe6695OEz_3GqA" type="7004">
      <styles xmi:type="notation:SortingStyle" xmi:id="_qZIjkYqzEe6695OEz_3GqA"/>
      <styles xmi:type="notation:FilteringStyle" xmi:id="_qZIjkoqzEe6695OEz_3GqA"/>
    </children>
    <children xmi:type="notation:DecorationNode" xmi:id="_qZIjk4qzEe6695OEz_3GqA" type="5009">
      <styles xmi:type="notation:DrawerStyle" xmi:id="_qZIjlIqzEe6695OEz_3GqA"/>
    </children>
    <children xmi:type="notation:DecorationNode" xmi:id="_qZIjlYqzEe6695OEz_3GqA" type="7005">
      <styles xmi:type="notation:SortingStyle" xmi:id="_qZIjloqzEe6695OEz_3GqA"/>
      <styles xmi:type="notation:FilteringStyle" xmi:id="_qZIjl4qzEe6695OEz_3GqA"/>
    </children>
    <children xmi:type="notation:BasicCompartment" xmi:id="_qZuZcIqzEe6695OEz_3GqA" type="7007"/>
    <children xmi:type="notation:DecorationNode" xmi:id="_qZvAgIqzEe6695OEz_3GqA" type="5009">
      <styles xmi:type="notation:DrawerStyle" xmi:id="_qZvAgYqzEe6695OEz_3GqA"/>
    </children>
    <element xmi:type="map:Datastore" href="resource.map#_qX_7IIqzEe6695OEz_3GqA?fileId=_gZq5gIqiEe6Bpuf23-D2iA$type=map?"/>
    <layoutConstraint xmi:type="notation:Bounds" xmi:id="_qZGHUYqzEe6695OEz_3GqA" x="294" y="40"/>
  </children>
  <children xmi:type="notation:Shape" xmi:id="_rOOYgIqzEe6695OEz_3GqA" type="2004" fontName="Segoe UI">
    <children xmi:type="notation:DecorationNode" xmi:id="_rOOYgoqzEe6695OEz_3GqA" type="5005"/>
    <children xmi:type="notation:DecorationNode" xmi:id="_rOOYg4qzEe6695OEz_3GqA" type="5007"/>
    <children xmi:type="notation:DecorationNode" xmi:id="_rOOYhIqzEe6695OEz_3GqA" type="7003"/>
    <children xmi:type="notation:DecorationNode" xmi:id="_rOOYhYqzEe6695OEz_3GqA" type="7009"/>
    <children xmi:type="notation:BasicCompartment" xmi:id="_rOOYhoqzEe6695OEz_3GqA" type="7004">
      <styles xmi:type="notation:SortingStyle" xmi:id="_rOOYh4qzEe6695OEz_3GqA"/>
      <styles xmi:type="notation:FilteringStyle" xmi:id="_rOOYiIqzEe6695OEz_3GqA"/>
    </children>
    <children xmi:type="notation:DecorationNode" xmi:id="_rOOYiYqzEe6695OEz_3GqA" type="5009">
      <styles xmi:type="notation:DrawerStyle" xmi:id="_rOOYioqzEe6695OEz_3GqA"/>
    </children>
    <children xmi:type="notation:DecorationNode" xmi:id="_rOOYi4qzEe6695OEz_3GqA" type="7005">
      <styles xmi:type="notation:SortingStyle" xmi:id="_rOOYjIqzEe6695OEz_3GqA"/>
      <styles xmi:type="notation:FilteringStyle" xmi:id="_rOOYjYqzEe6695OEz_3GqA"/>
    </children>
    <children xmi:type="notation:BasicCompartment" xmi:id="_rOOYjoqzEe6695OEz_3GqA" type="7007"/>
    <element xmi:type="map:Datastore" href="resource.map#_rOF1oIqzEe6695OEz_3GqA?fileId=_gZq5gIqiEe6Bpuf23-D2iA$type=map?"/>
    <layoutConstraint xmi:type="notation:Bounds" xmi:id="_rOOYgYqzEe6695OEz_3GqA" x="518" y="32"/>
  </children>
  <styles xmi:type="notation:DiagramStyle" xmi:id="_gcGicYqiEe6Bpuf23-D2iA"/>
  <element xmi:type="map:Map" href="resource.map#_gZq5gIqiEe6Bpuf23-D2iA?fileId=_gZq5gIqiEe6Bpuf23-D2iA$type=map$name=ALIM_DWH_TELEPHONE?"/>
  <edges xmi:type="notation:Edge" xmi:id="_Oo6vgIq0Ee6Ix8t99bGfXA" type="targetLink" source="_rOOYgIqzEe6695OEz_3GqA" target="_qZGHUIqzEe6695OEz_3GqA">
    <element xsi:nil="true"/>
    <bendpoints xmi:type="notation:RelativeBendpoints" xmi:id="_Oo6vgYq0Ee6Ix8t99bGfXA" points="[0, 0, 154, 0]$[-154, 0, 0, 0]"/>
  </edges>
  <edges xmi:type="notation:Edge" xmi:id="_Oo9LwIq0Ee6Ix8t99bGfXA" type="targetSetLink" source="_rOOYgIqzEe6695OEz_3GqA" target="_rOOYgIqzEe6695OEz_3GqA">
    <element xmi:type="map:SetDescriptor" href="resource.map#_OowXcIq0Ee6Ix8t99bGfXA?fileId=_gZq5gIqiEe6Bpuf23-D2iA$type=map?"/>
    <bendpoints xmi:type="notation:RelativeBendpoints" xmi:id="_Oo9LwYq0Ee6Ix8t99bGfXA" points="[0, 0, 0, 0]$[0, 0, 0, 0]"/>
  </edges>
  <edges xmi:type="notation:Edge" xmi:id="_hdwAIIq3Ee6iRfqSgb1Pvw" type="targetDataSetLink" source="_rOOYgIqzEe6695OEz_3GqA" target="_rOOYgIqzEe6695OEz_3GqA">
    <element xmi:type="map:DataSet" href="resource.map#_hdoEUIq3Ee6iRfqSgb1Pvw?fileId=_gZq5gIqiEe6Bpuf23-D2iA$type=map?"/>
    <bendpoints xmi:type="notation:RelativeBendpoints" xmi:id="_hdwAIYq3Ee6iRfqSgb1Pvw" points="[0, 0, 0, 0]$[0, 0, 0, 0]"/>
  </edges>
  <edges xmi:type="notation:Edge" xmi:id="_iMptgIq3Ee6iRfqSgb1Pvw" type="targetLink" source="_rOOYgIqzEe6695OEz_3GqA" target="_iMkN8Iq3Ee6iRfqSgb1Pvw">
    <element xsi:nil="true"/>
    <bendpoints xmi:type="notation:RelativeBendpoints" xmi:id="_iMptgYq3Ee6iRfqSgb1Pvw" points="[0, 0, 166, -56]$[-166, 56, 0, 0]"/>
  </edges>
  <edges xmi:type="notation:Edge" xmi:id="_xFGIcIq3Ee6iRfqSgb1Pvw" type="joinLink" source="_xFE6UIq3Ee6iRfqSgb1Pvw" target="_qZGHUIqzEe6695OEz_3GqA">
    <element xsi:nil="true"/>
    <bendpoints xmi:type="notation:RelativeBendpoints" xmi:id="_xFGIcYq3Ee6iRfqSgb1Pvw" points="[17, 0, 76, 8]$[77, 0, 136, 8]"/>
  </edges>
  <edges xmi:type="notation:Edge" xmi:id="_xFGIcoq3Ee6iRfqSgb1Pvw" type="joinLink" source="_xFE6UIq3Ee6iRfqSgb1Pvw" target="_iMkN8Iq3Ee6iRfqSgb1Pvw">
    <element xsi:nil="true"/>
    <bendpoints xmi:type="notation:RelativeBendpoints" xmi:id="_xFGIc4q3Ee6iRfqSgb1Pvw" points="[17, 0, 344, 0]$[77, 0, 404, 0]"/>
  </edges>
</notation:Diagram>
]]></diagram>
</map:map>