<?xml version="1.0" encoding="UTF-8"?>
<map:map xmlns:map="http://www.indy.com/v2/map" id="_8z-Y4JAyEe6u8_TKo8ZMQA" internalVersion="8" tech="resource.tech#_waYSMH8VEd2__Mzb_dB76A?fileId=_waYSMH8VEd2__Mzb_dB76A$type=tech$name=flow?">
  <datastore id="_8z-Y4ZAyEe6u8_TKo8ZMQA" alias="SAS_COMPTE" dataset="_4-tsoJA0Ee6u8_TKo8ZMQA" ref="resource.md#_HbPBUX-yEe6IE6AcCtnNjw?fileId=_TkY50HozEe6i1bEIfNaCgQ$type=md$name=SAS_COMPTE?">
    <field id="_8z-Y4pAyEe6u8_TKo8ZMQA" fullAlias="CLE_COMPTE" name="CLE_COMPTE" ref="resource.md#_HevBQH-yEe6IE6AcCtnNjw?fileId=_TkY50HozEe6i1bEIfNaCgQ$type=md$name=CLE_COMPTE?" updateKey="true"/>
    <field id="_8z-Y45AyEe6u8_TKo8ZMQA" fullAlias="TYPE" name="TYPE" ref="resource.md#_HewPYH-yEe6IE6AcCtnNjw?fileId=_TkY50HozEe6i1bEIfNaCgQ$type=md$name=TYPE?"/>
    <field id="_8z-Y5JAyEe6u8_TKo8ZMQA" fullAlias="STATUS" name="STATUS" ref="resource.md#_HevoUH-yEe6IE6AcCtnNjw?fileId=_TkY50HozEe6i1bEIfNaCgQ$type=md$name=STATUS?"/>
    <field id="_8z-Y5ZAyEe6u8_TKo8ZMQA" fullAlias="ID_FICHIER" name="ID_FICHIER" ref="resource.md#_HeyroH-yEe6IE6AcCtnNjw?fileId=_TkY50HozEe6i1bEIfNaCgQ$type=md$name=ID_FICHIER?"/>
    <field id="_8z-Y5pAyEe6u8_TKo8ZMQA" fullAlias="CABINET_RATTACHEMENT" name="CABINET_RATTACHEMENT" ref="resource.md#_HexdgH-yEe6IE6AcCtnNjw?fileId=_TkY50HozEe6i1bEIfNaCgQ$type=md$name=CABINET_RATTACHEMENT?"/>
    <field id="_8z-Y55AyEe6u8_TKo8ZMQA" name="ACTION" ref="resource.md#_HeuaMH-yEe6IE6AcCtnNjw?fileId=_TkY50HozEe6i1bEIfNaCgQ$type=md$name=ACTION?"/>
    <field id="_8z-Y6JAyEe6u8_TKo8ZMQA" name="TYPE_LIGNE" ref="resource.md#_HetMEH-yEe6IE6AcCtnNjw?fileId=_TkY50HozEe6i1bEIfNaCgQ$type=md$name=TYPE_LIGNE?"/>
    <field id="_8z-Y6ZAyEe6u8_TKo8ZMQA" fullAlias="DATE_CREATION" name="DATE_CREATION" ref="resource.md#_HeyEkH-yEe6IE6AcCtnNjw?fileId=_TkY50HozEe6i1bEIfNaCgQ$type=md$name=DATE_CREATION?"/>
    <constraint id="_8z-Y6pAyEe6u8_TKo8ZMQA" name="CTRL_CABINET_RATTACHEMENT" ref="resource.md#_E8wIAIq7Ee6UQ4O0GYlsJg?fileId=_TkY50HozEe6i1bEIfNaCgQ$type=md$name=CTRL_CABINET_RATTACHEMENT?" reject="true"/>
    <constraint id="_8z-Y65AyEe6u8_TKo8ZMQA" name="SAS_COMPTE_PK" ref="resource.md#_-utccH-5Ee6IE6AcCtnNjw?fileId=_TkY50HozEe6i1bEIfNaCgQ$type=md$name=SAS_COMPTE_PK?" reject="true"/>
    <constraint id="_8z-Y7JAyEe6u8_TKo8ZMQA" name="CTRL_TYPE_CPT" ref="resource.md#_E8wICoq7Ee6UQ4O0GYlsJg?fileId=_TkY50HozEe6i1bEIfNaCgQ$type=md$name=CTRL_TYPE_CPT?" reject="true"/>
    <constraint id="_8z-Y7ZAyEe6u8_TKo8ZMQA" name="CTRL_STATUS" ref="resource.md#_E8wIBYq7Ee6UQ4O0GYlsJg?fileId=_TkY50HozEe6i1bEIfNaCgQ$type=md$name=CTRL_STATUS?" reject="true"/>
  </datastore>
  <datastore id="_8z-Y7pAyEe6u8_TKo8ZMQA" alias="DWH_COMPTE" dataset="_4-tsoZA0Ee6u8_TKo8ZMQA" ref="resource.md#_QUCHoX-qEe6IE6AcCtnNjw?fileId=_TkY50HozEe6i1bEIfNaCgQ$type=md$name=DWH_COMPTE?" subExpression="[A]">
    <field id="_8z-Y75AyEe6u8_TKo8ZMQA" enable="true" insert="true" name="CLE_CPT" ref="resource.md#_QZpAYH-qEe6IE6AcCtnNjw?fileId=_TkY50HozEe6i1bEIfNaCgQ$type=md$name=CLE_CPT?" update="true">
      <expression id="_8z-Y8JAyEe6u8_TKo8ZMQA" setDescriptorRef="_8z-ZBpAyEe6u8_TKo8ZMQA">
        <expression>SAS_COMPTE.CLE_COMPTE</expression>
      </expression>
    </field>
    <field id="_8z-Y8ZAyEe6u8_TKo8ZMQA" enable="true" insert="true" name="DERNIERE_DATE_MAJ_CPT" ref="resource.md#_QZqOgH-qEe6IE6AcCtnNjw?fileId=_TkY50HozEe6i1bEIfNaCgQ$type=md$name=DERNIERE_DATE_MAJ_CPT?" update="true">
      <expression id="_8z-Y8pAyEe6u8_TKo8ZMQA" location="TRG" setDescriptorRef="_8z-ZBpAyEe6u8_TKo8ZMQA">
        <expression>sysdate</expression>
      </expression>
    </field>
    <field id="_8z-Y85AyEe6u8_TKo8ZMQA" enable="true" insert="true" name="TYPE_CPT" ref="resource.md#_QZpAZn-qEe6IE6AcCtnNjw?fileId=_TkY50HozEe6i1bEIfNaCgQ$type=md$name=TYPE_CPT?" update="true">
      <expression id="_8z-Y9JAyEe6u8_TKo8ZMQA" setDescriptorRef="_8z-ZBpAyEe6u8_TKo8ZMQA">
        <expression>CAST(SAS_COMPTE.TYPE as number(5))</expression>
      </expression>
    </field>
    <field id="_8z-Y9ZAyEe6u8_TKo8ZMQA" enable="true" insert="true" name="LIB_CABINET_CPT" ref="resource.md#_QZqOjH-qEe6IE6AcCtnNjw?fileId=_TkY50HozEe6i1bEIfNaCgQ$type=md$name=LIB_CABINET_CPT?" update="true">
      <expression id="_8z-Y9pAyEe6u8_TKo8ZMQA" setDescriptorRef="_8z-ZBpAyEe6u8_TKo8ZMQA">
        <expression>TRANSCO_CABINET_RATTACHEMENT.LIB_CABINET</expression>
      </expression>
    </field>
    <field id="_8z-Y95AyEe6u8_TKo8ZMQA" name="SID_CPT" ref="resource.md#_QZoZUH-qEe6IE6AcCtnNjw?fileId=_TkY50HozEe6i1bEIfNaCgQ$type=md$name=SID_CPT?" updateKey="true">
      <expression id="_8z-Y-JAyEe6u8_TKo8ZMQA" location="TRG" setDescriptorRef="_8z-ZBpAyEe6u8_TKo8ZMQA">
        <expression></expression>
      </expression>
    </field>
    <field id="_8z-Y-ZAyEe6u8_TKo8ZMQA" enable="true" insert="true" name="DATE_CREATION_CPT" ref="resource.md#_QZqOhn-qEe6IE6AcCtnNjw?fileId=_TkY50HozEe6i1bEIfNaCgQ$type=md$name=DATE_CREATION_CPT?" update="true">
      <expression id="_8z-Y-pAyEe6u8_TKo8ZMQA" setDescriptorRef="_8z-ZBpAyEe6u8_TKo8ZMQA">
        <expression>to_date(SAS_COMPTE.DATE_CREATION,'YYYY-MM-DD HH24:MI:SS')</expression>
      </expression>
    </field>
    <field id="_8z-Y-5AyEe6u8_TKo8ZMQA" enable="true" insert="true" name="CABINET_RATTACHEMENT" ref="resource.md#_QZpnfH-qEe6IE6AcCtnNjw?fileId=_TkY50HozEe6i1bEIfNaCgQ$type=md$name=CABINET_RATTACHEMENT?" update="true">
      <expression id="_8z-Y_JAyEe6u8_TKo8ZMQA" setDescriptorRef="_8z-ZBpAyEe6u8_TKo8ZMQA">
        <expression>CAST(CAST(SAS_COMPTE.CABINET_RATTACHEMENT as VARCHAR(4)) as number(9))</expression>
      </expression>
    </field>
    <field id="_8z-Y_ZAyEe6u8_TKo8ZMQA" enable="true" insert="true" name="STATUS_CPT" ref="resource.md#_QZpncH-qEe6IE6AcCtnNjw?fileId=_TkY50HozEe6i1bEIfNaCgQ$type=md$name=STATUS_CPT?" update="true">
      <expression id="_8z-Y_pAyEe6u8_TKo8ZMQA" setDescriptorRef="_8z-ZBpAyEe6u8_TKo8ZMQA">
        <expression>CAST(SAS_COMPTE.STATUS as number(5))</expression>
      </expression>
    </field>
    <field id="_8z-Y_5AyEe6u8_TKo8ZMQA" enable="true" insert="true" name="LIB_TYPE_CPT" ref="resource.md#_QZpAbH-qEe6IE6AcCtnNjw?fileId=_TkY50HozEe6i1bEIfNaCgQ$type=md$name=LIB_TYPE_CPT?" update="true">
      <expression id="_8z-ZAJAyEe6u8_TKo8ZMQA" setDescriptorRef="_8z-ZBpAyEe6u8_TKo8ZMQA">
        <expression>TRANSCO_COMPTE.LIB_TYPE_COMPTE</expression>
      </expression>
    </field>
    <field id="_8z-ZAZAyEe6u8_TKo8ZMQA" enable="true" insert="true" name="RECORD_VERSION" ref="resource.md#_a8bfpoqgEe6Bpuf23-D2iA?fileId=_TkY50HozEe6i1bEIfNaCgQ$type=md$name=RECORD_VERSION?" update="true">
      <expression id="_8z-ZApAyEe6u8_TKo8ZMQA" setDescriptorRef="_8z-ZBpAyEe6u8_TKo8ZMQA">
        <expression>'O'</expression>
      </expression>
    </field>
    <field id="_8z-ZA5AyEe6u8_TKo8ZMQA" enable="true" insert="true" name="ID_FICHIER" ref="resource.md#_QZpngn-qEe6IE6AcCtnNjw?fileId=_TkY50HozEe6i1bEIfNaCgQ$type=md$name=ID_FICHIER?" update="true">
      <expression id="_8z-ZBJAyEe6u8_TKo8ZMQA" setDescriptorRef="_8z-ZBpAyEe6u8_TKo8ZMQA">
        <expression>CAST(SAS_COMPTE.ID_FICHIER as number(5))</expression>
      </expression>
    </field>
    <constraint id="_8z-ZBZAyEe6u8_TKo8ZMQA" name="DWH_COMPTE_PK" ref="resource.md#_QZtR0H-qEe6IE6AcCtnNjw?fileId=_TkY50HozEe6i1bEIfNaCgQ$type=md$name=DWH_COMPTE_PK?" reject="true"/>
    <setDescriptor id="_8z-ZBpAyEe6u8_TKo8ZMQA" label="A"/>
  </datastore>
  <datastore id="_8z-ZCpAyEe6u8_TKo8ZMQA" alias="TRANSCO_CABINET_RATTACHEMENT" dataset="_4-tsoJA0Ee6u8_TKo8ZMQA" ref="resource.md#_XVal0IUzEe6lN4vpMDZjAg?fileId=_TkY50HozEe6i1bEIfNaCgQ$type=md$name=TRANSCO_CABINET_RATTACHEMENT?">
    <field id="_8z-ZC5AyEe6u8_TKo8ZMQA" fullAlias="CABINET_RATTACHEMENT" name="CABINET_RATTACHEMENT" ref="resource.md#_XYlOkIUzEe6lN4vpMDZjAg?fileId=_TkY50HozEe6i1bEIfNaCgQ$type=md$name=CABINET_RATTACHEMENT?"/>
    <field id="_8z-ZDJAyEe6u8_TKo8ZMQA" fullAlias="LIB_CABINET" name="LIB_CABINET" ref="resource.md#_XYlOloUzEe6lN4vpMDZjAg?fileId=_TkY50HozEe6i1bEIfNaCgQ$type=md$name=LIB_CABINET?"/>
  </datastore>
  <datastore id="_3CzZkJA0Ee6u8_TKo8ZMQA" alias="TRANSCO_COMPTE" dataset="_4-tsoJA0Ee6u8_TKo8ZMQA" ref="resource.md#_rLWDYZA0Ee6u8_TKo8ZMQA?fileId=_TkY50HozEe6i1bEIfNaCgQ$type=md$name=TRANSCO_COMPTE?">
    <field id="_3C2c4JA0Ee6u8_TKo8ZMQA" fullAlias="TYPE_COMPTE" name="TYPE_COMPTE" ref="resource.md#_rOuukJA0Ee6u8_TKo8ZMQA?fileId=_TkY50HozEe6i1bEIfNaCgQ$type=md$name=TYPE_COMPTE?"/>
    <field id="_3C2c4ZA0Ee6u8_TKo8ZMQA" fullAlias="LIB_TYPE_COMPTE" name="LIB_TYPE_COMPTE" ref="resource.md#_rOuulpA0Ee6u8_TKo8ZMQA?fileId=_TkY50HozEe6i1bEIfNaCgQ$type=md$name=LIB_TYPE_COMPTE?"/>
  </datastore>
  <join id="_8z-ZDZAyEe6u8_TKo8ZMQA" location="SRC" left="_3CzZkJA0Ee6u8_TKo8ZMQA" order="10" right="_8z-Y4ZAyEe6u8_TKo8ZMQA">
    <expression>TRANSCO_COMPTE.TYPE_COMPTE = SAS_COMPTE.TYPE</expression>
  </join>
  <join id="_8z-ZDpAyEe6u8_TKo8ZMQA" location="SRC" left="_8z-ZCpAyEe6u8_TKo8ZMQA" order="30" right="_8z-Y4ZAyEe6u8_TKo8ZMQA">
    <expression>CAST(TRANSCO_CABINET_RATTACHEMENT.CABINET_RATTACHEMENT as VARCHAR(4)) = CAST(SAS_COMPTE.CABINET_RATTACHEMENT as VARCHAR(4))</expression>
  </join>
  <template id="_8z-ZD5AyEe6u8_TKo8ZMQA" name="I_DWH_COMPTE" process="resource.proc#_jkWgEFEJEeO7Vo9WeM2sCg?fileId=_jkWgEFEJEeO7Vo9WeM2sCg$type=proc$name=INTEGRATION%20Oracle?" targetId="_8z-Y7pAyEe6u8_TKo8ZMQA">
    <parameter id="_F-hyAJA1Ee6u8_TKo8ZMQA" name="integrationStrategy" value="append"/>
  </template>
  <dataSet id="_4-tsoJA0Ee6u8_TKo8ZMQA">
    <container>_8z-ZCpAyEe6u8_TKo8ZMQA</container>
    <container>_8z-Y4ZAyEe6u8_TKo8ZMQA</container>
    <container>_3CzZkJA0Ee6u8_TKo8ZMQA</container>
  </dataSet>
  <dataSet id="_4-tsoZA0Ee6u8_TKo8ZMQA">
    <container>_8z-Y7pAyEe6u8_TKo8ZMQA</container>
  </dataSet>
  <hint>
    <usedField>#_8z-Y4pAyEe6u8_TKo8ZMQA</usedField>
    <usedField>#_8z-Y45AyEe6u8_TKo8ZMQA</usedField>
    <usedField>#_8z-Y5JAyEe6u8_TKo8ZMQA</usedField>
    <usedField>#_8z-Y5ZAyEe6u8_TKo8ZMQA</usedField>
    <usedField>#_8z-Y5pAyEe6u8_TKo8ZMQA</usedField>
    <usedField>#_8z-Y6ZAyEe6u8_TKo8ZMQA</usedField>
    <usedField>#_8z-ZC5AyEe6u8_TKo8ZMQA</usedField>
    <usedField>#_8z-ZDJAyEe6u8_TKo8ZMQA</usedField>
    <usedField>#_3C2c4JA0Ee6u8_TKo8ZMQA</usedField>
    <usedField>#_3C2c4ZA0Ee6u8_TKo8ZMQA</usedField>
  </hint>
  <diagram><![CDATA[<?xml version="1.0" encoding="UTF-8"?>
<notation:Diagram xmi:version="2.0" xmlns:xmi="http://www.omg.org/XMI" xmlns:xsi="http://www.w3.org/2001/XMLSchema-instance" xmlns:map="http://www.indy.com/v2/map" xmlns:notation="http://www.eclipse.org/gmf/runtime/1.0.1/notation" xsi:schemaLocation="http://www.eclipse.org/gmf/runtime/1.0.1/notation " xmi:id="97cad583-5eb9-4efe-bd53-723f9e4a74a5" type="Map" measurementUnit="Pixel">
  <children xmi:type="notation:Node" xmi:id="41f05144-6338-4551-911e-ee1e9e577d42" type="2005">
    <styles xmi:type="notation:DescriptionStyle" xmi:id="3b40de0e-fa39-4f0f-acca-76e1d36b4032"/>
    <styles xmi:type="notation:FontStyle" xmi:id="0a75cf20-5997-4134-ad98-57d98ed5da30" fontName="Segoe UI"/>
    <styles xmi:type="notation:FillStyle" xmi:id="094c6275-4395-42dd-81d4-8a68ea30e873"/>
    <element xmi:type="map:Join" href="resource.map#_8z-ZDZAyEe6u8_TKo8ZMQA?fileId=_8z-Y4JAyEe6u8_TKo8ZMQA$type=map?"/>
    <layoutConstraint xmi:type="notation:Bounds" xmi:id="7f3f043d-9e23-45e8-aac5-7868846c8c18" x="320" y="155"/>
  </children>
  <children xmi:type="notation:Node" xmi:id="2036df30-3b44-4f64-83fe-3ffdf0290015" type="2005">
    <styles xmi:type="notation:DescriptionStyle" xmi:id="9b75e856-0c92-463f-936f-e7645ddb36c0"/>
    <styles xmi:type="notation:FontStyle" xmi:id="61679afb-70f4-4a89-8155-920d37fc87aa" fontName="Segoe UI"/>
    <styles xmi:type="notation:FillStyle" xmi:id="c2ab704d-ec7c-4543-b547-12f760649c90"/>
    <element xmi:type="map:Join" href="resource.map#_8z-ZDpAyEe6u8_TKo8ZMQA?fileId=_8z-Y4JAyEe6u8_TKo8ZMQA$type=map?"/>
    <layoutConstraint xmi:type="notation:Bounds" xmi:id="ad0e3e58-39db-4ede-ba3f-77f4bbeda057" x="320" y="98"/>
  </children>
  <children xmi:type="notation:Shape" xmi:id="9cc2dcd6-9f9c-47cc-81b8-7d2dfa6b3f98" type="2004" fontName="Segoe UI">
    <children xmi:type="notation:DecorationNode" xmi:id="f9ed0e7d-9cd2-4a38-bff7-6f5a3a5fe213" type="5005"/>
    <children xmi:type="notation:DecorationNode" xmi:id="cab34f0d-a6fb-46c7-b83b-fa6bd66d341a" type="5007"/>
    <children xmi:type="notation:DecorationNode" xmi:id="4803e466-cd0f-492a-b9ed-a86a4336503f" type="7003"/>
    <children xmi:type="notation:DecorationNode" xmi:id="154b5a48-ce1b-476e-b4f9-ad3a99f76c48" type="7009"/>
    <children xmi:type="notation:BasicCompartment" xmi:id="6c63277e-7da4-4438-973c-eb55131a864e" type="7004">
      <styles xmi:type="notation:SortingStyle" xmi:id="4de55203-f47e-4838-953d-ecfade15376f"/>
      <styles xmi:type="notation:FilteringStyle" xmi:id="41b40e29-9883-4b80-87d9-14c3a01e6abe"/>
    </children>
    <children xmi:type="notation:DecorationNode" xmi:id="613f7b23-4924-4465-bcc0-b2c9e99f6fdc" type="5009">
      <styles xmi:type="notation:DrawerStyle" xmi:id="68c54db5-310b-4527-b5f9-a9f3754c83e4"/>
    </children>
    <children xmi:type="notation:DecorationNode" xmi:id="ab4f878d-e1a8-4513-b296-9a97d0f47af5" type="7005">
      <styles xmi:type="notation:SortingStyle" xmi:id="446b434b-e6fb-418e-b86b-2e342a062f1e"/>
      <styles xmi:type="notation:FilteringStyle" xmi:id="eb039dec-632a-4854-8a72-d599c122ad64"/>
    </children>
    <children xmi:type="notation:BasicCompartment" xmi:id="cd8b1c53-cca2-46e0-b3e4-66f80f11e830" type="7007"/>
    <element xmi:type="map:Datastore" href="resource.map#_8z-ZCpAyEe6u8_TKo8ZMQA?fileId=_8z-Y4JAyEe6u8_TKo8ZMQA$type=map?"/>
    <layoutConstraint xmi:type="notation:Bounds" xmi:id="d2774438-99e4-4ba0-9f72-d68a571e57df" x="32" y="52"/>
  </children>
  <children xmi:type="notation:Shape" xmi:id="de2ccd07-42b0-4438-919e-b832288582c2" type="2004" fontName="Segoe UI">
    <children xmi:type="notation:DecorationNode" xmi:id="e5501cbf-ca8c-4093-bf90-f08d73efecb0" type="5005"/>
    <children xmi:type="notation:DecorationNode" xmi:id="bd128a99-44ec-4947-a127-bfd6aac8ba14" type="5007"/>
    <children xmi:type="notation:DecorationNode" xmi:id="12b0aaa3-d171-49ca-ad69-90d0044ee78f" type="7003"/>
    <children xmi:type="notation:DecorationNode" xmi:id="b6a57534-5248-4fa6-b219-b99445f832d1" type="7009"/>
    <children xmi:type="notation:BasicCompartment" xmi:id="a5c69803-0045-460f-8cf6-4f6744703775" type="7004">
      <styles xmi:type="notation:SortingStyle" xmi:id="340b1864-0227-4fe2-b0fb-69af8a47164c"/>
      <styles xmi:type="notation:FilteringStyle" xmi:id="8666cc6d-561a-465e-a8d9-ea310dfc7842"/>
    </children>
    <children xmi:type="notation:DecorationNode" xmi:id="a9b63114-8434-4aee-8dc6-6a5a904d1c08" type="5009">
      <styles xmi:type="notation:DrawerStyle" xmi:id="c6aee55c-6219-4113-a0c1-100f21ae5f72"/>
    </children>
    <children xmi:type="notation:DecorationNode" xmi:id="0d1a31aa-7331-4d73-b434-ae50c1e93a75" type="7005">
      <styles xmi:type="notation:SortingStyle" xmi:id="1cf5f87c-9899-4efd-bf85-7300ce65608a"/>
      <styles xmi:type="notation:FilteringStyle" xmi:id="e8ac9982-0427-4e43-aa0d-e4a76f5f0fa8"/>
    </children>
    <children xmi:type="notation:BasicCompartment" xmi:id="7e3191ca-bbff-406b-aa1c-24e3b340ba05" type="7007"/>
    <children xmi:type="notation:DecorationNode" xmi:id="4cbee6fa-e76a-4b7c-abbe-c2e54705ceea" type="5009">
      <styles xmi:type="notation:DrawerStyle" xmi:id="441dfb80-5906-4a18-92ec-c82242bdb4e0"/>
    </children>
    <element xmi:type="map:Datastore" href="resource.map#_8z-Y4ZAyEe6u8_TKo8ZMQA?fileId=_8z-Y4JAyEe6u8_TKo8ZMQA$type=map?"/>
    <layoutConstraint xmi:type="notation:Bounds" xmi:id="f9884709-a026-4d41-8d5e-7028d288289e" x="386" y="55"/>
  </children>
  <children xmi:type="notation:Shape" xmi:id="9bceee2a-f503-49ff-929b-9f2094621c1e" type="2004" fontName="Segoe UI">
    <children xmi:type="notation:DecorationNode" xmi:id="aa944be5-3e6c-49fe-ab31-d6181580a7f9" type="5005"/>
    <children xmi:type="notation:DecorationNode" xmi:id="d0318532-363e-48b6-a83c-0c8ba39ace17" type="5007"/>
    <children xmi:type="notation:DecorationNode" xmi:id="454c8be3-6747-4d25-a511-35997d2ec8bb" type="7003"/>
    <children xmi:type="notation:DecorationNode" xmi:id="3c5b3e54-60b5-46ad-a222-6e7b1952f13a" type="7009"/>
    <children xmi:type="notation:BasicCompartment" xmi:id="6f212530-c7d1-4e08-8e5a-6cd1eb4c56de" type="7004">
      <styles xmi:type="notation:SortingStyle" xmi:id="645f5081-94f7-4c9e-96f6-705f863a1856"/>
      <styles xmi:type="notation:FilteringStyle" xmi:id="ee80efb9-2784-4bdf-8c60-a6c679d4f3ee"/>
    </children>
    <children xmi:type="notation:DecorationNode" xmi:id="5682f4ec-c85e-4b5f-a6a5-3376b13f3b9c" type="5009">
      <styles xmi:type="notation:DrawerStyle" xmi:id="67bf41a5-4dc7-4801-98ef-5c9c9f24c1c4"/>
    </children>
    <children xmi:type="notation:DecorationNode" xmi:id="5bad9f4f-92eb-4132-be5d-4feef8614697" type="7005">
      <styles xmi:type="notation:SortingStyle" xmi:id="16a3b57d-e50b-453d-866e-e2cac6a82725"/>
      <styles xmi:type="notation:FilteringStyle" xmi:id="08f2a9b1-9531-4564-8622-31c3ee4d9451"/>
    </children>
    <children xmi:type="notation:BasicCompartment" xmi:id="a63d273f-497b-4683-988e-851ed8b390db" type="7007"/>
    <element xmi:type="map:Datastore" href="resource.map#_8z-Y7pAyEe6u8_TKo8ZMQA?fileId=_8z-Y4JAyEe6u8_TKo8ZMQA$type=map?"/>
    <layoutConstraint xmi:type="notation:Bounds" xmi:id="bec30a71-9a4f-48bb-9f80-95bd9fe22a9b" x="664" y="32"/>
  </children>
  <children xmi:type="notation:Shape" xmi:id="_3DCDFpA0Ee6u8_TKo8ZMQA" type="2004" fontName="Segoe UI">
    <children xmi:type="notation:DecorationNode" xmi:id="_3DCDGJA0Ee6u8_TKo8ZMQA" type="5005"/>
    <children xmi:type="notation:DecorationNode" xmi:id="_3DCDGZA0Ee6u8_TKo8ZMQA" type="5007"/>
    <children xmi:type="notation:DecorationNode" xmi:id="_3DCDGpA0Ee6u8_TKo8ZMQA" type="7003"/>
    <children xmi:type="notation:DecorationNode" xmi:id="_3DCDG5A0Ee6u8_TKo8ZMQA" type="7009"/>
    <children xmi:type="notation:BasicCompartment" xmi:id="_3DCDHJA0Ee6u8_TKo8ZMQA" type="7004">
      <styles xmi:type="notation:SortingStyle" xmi:id="_3DCDHZA0Ee6u8_TKo8ZMQA"/>
      <styles xmi:type="notation:FilteringStyle" xmi:id="_3DCDHpA0Ee6u8_TKo8ZMQA"/>
    </children>
    <children xmi:type="notation:DecorationNode" xmi:id="_3DCqIJA0Ee6u8_TKo8ZMQA" type="5009">
      <styles xmi:type="notation:DrawerStyle" xmi:id="_3DCqIZA0Ee6u8_TKo8ZMQA"/>
    </children>
    <children xmi:type="notation:DecorationNode" xmi:id="_3DCqIpA0Ee6u8_TKo8ZMQA" type="7005">
      <styles xmi:type="notation:SortingStyle" xmi:id="_3DCqI5A0Ee6u8_TKo8ZMQA"/>
      <styles xmi:type="notation:FilteringStyle" xmi:id="_3DCqJJA0Ee6u8_TKo8ZMQA"/>
    </children>
    <children xmi:type="notation:BasicCompartment" xmi:id="_3DCqJZA0Ee6u8_TKo8ZMQA" type="7007"/>
    <element xmi:type="map:Datastore" href="resource.map#_3CzZkJA0Ee6u8_TKo8ZMQA?fileId=_8z-Y4JAyEe6u8_TKo8ZMQA$type=map?"/>
    <layoutConstraint xmi:type="notation:Bounds" xmi:id="_3DCDF5A0Ee6u8_TKo8ZMQA" x="32" y="155"/>
  </children>
  <styles xmi:type="notation:DiagramStyle" xmi:id="1f364005-e460-4573-ad03-2a0e89dc8455"/>
  <element xmi:type="map:Map" href="resource.map#_8z-Y4JAyEe6u8_TKo8ZMQA?fileId=_8z-Y4JAyEe6u8_TKo8ZMQA$type=map$name=ALIM_DWH_COMPTE?"/>
  <edges xmi:type="notation:Edge" xmi:id="1618e454-24d4-49a6-8dfc-9c3eafe37a49" type="targetLink" source="9bceee2a-f503-49ff-929b-9f2094621c1e" target="de2ccd07-42b0-4438-919e-b832288582c2">
    <element xsi:nil="true"/>
    <bendpoints xmi:type="notation:RelativeBendpoints" xmi:id="dfcd33ce-2e0d-41a6-a53f-f51683a4566a" points="[0, 0, 180, 45]$[-61, -45, 119, 0]$[-180, -45, 0, 0]"/>
  </edges>
  <edges xmi:type="notation:Edge" xmi:id="af059ad5-3237-4f8c-86ad-b40cb98b6a31" type="targetSetLink" source="9bceee2a-f503-49ff-929b-9f2094621c1e" target="9bceee2a-f503-49ff-929b-9f2094621c1e">
    <element xmi:type="map:SetDescriptor" href="resource.map#_8z-ZBpAyEe6u8_TKo8ZMQA?fileId=_8z-Y4JAyEe6u8_TKo8ZMQA$type=map?"/>
    <bendpoints xmi:type="notation:RelativeBendpoints" xmi:id="f7255789-a201-4899-92c5-694a3013a91b" points="[0, 0, 0, 0]$[0, 0, 0, 0]"/>
  </edges>
  <edges xmi:type="notation:Edge" xmi:id="4557494b-cd92-4fe8-8bbe-b2d04774e0a3" type="joinLink" source="41f05144-6338-4551-911e-ee1e9e577d42" target="de2ccd07-42b0-4438-919e-b832288582c2">
    <element xsi:nil="true"/>
    <bendpoints xmi:type="notation:RelativeBendpoints" xmi:id="e0ec2345-8e8f-4f56-bcab-6e3977f0c816" points="[17, 0, 103, 1]$[77, 0, 163, 1]"/>
  </edges>
  <edges xmi:type="notation:Edge" xmi:id="b4253338-8d41-4e88-8228-0d8db7816523" type="targetLink" source="9bceee2a-f503-49ff-929b-9f2094621c1e" target="9cc2dcd6-9f9c-47cc-81b8-7d2dfa6b3f98">
    <element xsi:nil="true"/>
    <bendpoints xmi:type="notation:RelativeBendpoints" xmi:id="47323ecb-cf9f-4746-9620-8531a550777c" points="[0, 0, 154, 0]$[-154, 0, 0, 0]"/>
  </edges>
  <edges xmi:type="notation:Edge" xmi:id="c58e9656-abc8-4d94-9be4-5ec4e542ee22" type="joinLink" source="2036df30-3b44-4f64-83fe-3ffdf0290015" target="9cc2dcd6-9f9c-47cc-81b8-7d2dfa6b3f98">
    <element xsi:nil="true"/>
    <bendpoints xmi:type="notation:RelativeBendpoints" xmi:id="cc074a2d-2cbf-448c-b991-a8b78fc79898" points="[17, 0, 444, -136]$[77, 0, 504, -136]"/>
  </edges>
  <edges xmi:type="notation:Edge" xmi:id="a4ad3353-4a4b-4934-80b6-bdea441d43e1" type="joinLink" source="2036df30-3b44-4f64-83fe-3ffdf0290015" target="de2ccd07-42b0-4438-919e-b832288582c2">
    <element xsi:nil="true"/>
    <bendpoints xmi:type="notation:RelativeBendpoints" xmi:id="3a05e009-2784-40d7-b214-8d6f0d9b2284" points="[17, 0, 103, -84]$[77, 0, 163, -84]"/>
  </edges>
  <edges xmi:type="notation:Edge" xmi:id="_4-1BYJA0Ee6u8_TKo8ZMQA" type="joinLink" source="41f05144-6338-4551-911e-ee1e9e577d42" target="_3DCDFpA0Ee6u8_TKo8ZMQA">
    <element xsi:nil="true"/>
    <bendpoints xmi:type="notation:RelativeBendpoints" xmi:id="_4-1BYZA0Ee6u8_TKo8ZMQA" points="[-6, 12, 94, -206]$[-84, 183, 16, -35]"/>
  </edges>
  <edges xmi:type="notation:Edge" xmi:id="_4-1ocJA0Ee6u8_TKo8ZMQA" type="targetDataSetLink" source="9bceee2a-f503-49ff-929b-9f2094621c1e" target="9bceee2a-f503-49ff-929b-9f2094621c1e">
    <element xmi:type="map:DataSet" href="resource.map#_4-tsoJA0Ee6u8_TKo8ZMQA?fileId=_8z-Y4JAyEe6u8_TKo8ZMQA$type=map?"/>
    <bendpoints xmi:type="notation:RelativeBendpoints" xmi:id="_4-1ocZA0Ee6u8_TKo8ZMQA" points="[0, 0, 0, 0]$[0, 0, 0, 0]"/>
  </edges>
  <edges xmi:type="notation:Edge" xmi:id="_6rafAJA0Ee6u8_TKo8ZMQA" type="targetLink" source="9bceee2a-f503-49ff-929b-9f2094621c1e" target="_3DCDFpA0Ee6u8_TKo8ZMQA">
    <element xsi:nil="true"/>
    <bendpoints xmi:type="notation:RelativeBendpoints" xmi:id="_6rafAZA0Ee6u8_TKo8ZMQA" points="[-296, 77, 427, -112]$[-628, 164, 95, -25]"/>
  </edges>
</notation:Diagram>
]]></diagram>
</map:map>